2026-09-22 21:16:45.577 GMT [8319] LOG:  starting PostgreSQL 17.11 (Debian 17.11-0+deb13u1) on x86_64-pc-linux-gnu, compiled by gcc (Debian 14.2.0-19) 14.2.0, 64-bit
2026-09-22 21:16:45.577 GMT [8319] LOG:  listening on IPv6 address "::1", port 55451
2026-09-22 21:16:45.577 GMT [8319] LOG:  listening on IPv4 address "127.0.0.1", port 55451
2026-09-22 21:16:45.577 GMT [8319] LOG:  listening on Unix socket "/tmp/a8dr-pg-x693c5pd/restore/pitr-20260922-211645-8309/run/.s.PGSQL.55451"
2026-09-22 21:16:45.579 GMT [8323] LOG:  database system was interrupted; last known up at 2026-09-22 21:16:43 GMT
2026-09-22 21:16:45.587 P00   INFO: archive-get command begin 2.55.1: [00000002.history, pg_wal/RECOVERYHISTORY] --config=/tmp/a8dr-pg-x693c5pd/pbr.conf --exec-id=8325-7f834f46 --lock-path=/tmp/a8dr-pg-x693c5pd/lock --log-level-console=info --log-path=/tmp/a8dr-pg-x693c5pd --pg1-path=/tmp/a8dr-pg-x693c5pd/source --repo1-path=/tmp/a8dr-pg-x693c5pd/repo --stanza=payesh
2026-09-22 21:16:45.590 P00  ERROR: [032]: PostgreSQL working directory '/tmp/a8dr-pg-x693c5pd/restore/pitr-20260922-211645-8309/data' is not the same as option pg1-path '/tmp/a8dr-pg-x693c5pd/source'
                                    HINT: is the PostgreSQL data_directory configured the same as the pg1-path option?
2026-09-22 21:16:45.590 P00   INFO: archive-get command end: aborted with exception [032]
2026-09-22 21:16:45.591 GMT [8323] LOG:  starting backup recovery with redo LSN 0/2000028, checkpoint LSN 0/2000080, on timeline ID 1
2026-09-22 21:16:45.597 P00   INFO: archive-get command begin 2.55.1: [000000010000000000000002, pg_wal/RECOVERYXLOG] --config=/tmp/a8dr-pg-x693c5pd/pbr.conf --exec-id=8327-5cb36fd5 --lock-path=/tmp/a8dr-pg-x693c5pd/lock --log-level-console=info --log-path=/tmp/a8dr-pg-x693c5pd --pg1-path=/tmp/a8dr-pg-x693c5pd/source --repo1-path=/tmp/a8dr-pg-x693c5pd/repo --stanza=payesh
2026-09-22 21:16:45.601 P00  ERROR: [032]: PostgreSQL working directory '/tmp/a8dr-pg-x693c5pd/restore/pitr-20260922-211645-8309/data' is not the same as option pg1-path '/tmp/a8dr-pg-x693c5pd/source'
                                    HINT: is the PostgreSQL data_directory configured the same as the pg1-path option?
2026-09-22 21:16:45.601 P00   INFO: archive-get command end: aborted with exception [032]
2026-09-22 21:16:45.601 GMT [8323] LOG:  invalid checkpoint record
2026-09-22 21:16:45.601 GMT [8323] FATAL:  could not locate required checkpoint record at 0/2000080
2026-09-22 21:16:45.601 GMT [8323] HINT:  If you are restoring from a backup, touch "/tmp/a8dr-pg-x693c5pd/restore/pitr-20260922-211645-8309/data/recovery.signal" or "/tmp/a8dr-pg-x693c5pd/restore/pitr-20260922-211645-8309/data/standby.signal" and add required recovery options.
	If you are not restoring from a backup, try removing the file "/tmp/a8dr-pg-x693c5pd/restore/pitr-20260922-211645-8309/data/backup_label".
	Be careful: removing "/tmp/a8dr-pg-x693c5pd/restore/pitr-20260922-211645-8309/data/backup_label" will result in a corrupt cluster if restoring from a backup.
2026-09-22 21:16:45.602 GMT [8319] LOG:  startup process (PID 8323) exited with exit code 1
2026-09-22 21:16:45.602 GMT [8319] LOG:  terminating any other active server processes
2026-09-22 21:16:45.603 GMT [8319] LOG:  shutting down due to startup process failure
2026-09-22 21:16:45.603 GMT [8319] LOG:  database system is shut down
