2026-09-22 21:16:45.577 GMT [8319] LOG:  starting PostgreSQL 17.11 (Debian 17.11-0+deb13u1) on x86_64-pc-linux-gnu, compiled by gcc (Debian 14.2.0-19) 14.2.0, 64-bit
2026-09-22 21:16:45.577 GMT [8319] LOG:  listening on IPv6 address "::1", port 55451
2026-09-22 21:16:45.577 GMT [8319] LOG:  listening on IPv4 address "127.0.0.1", port 55451
2026-09-22 21:16:45.577 GMT [8319] LOG:  listening on Unix socket "/tmp/a8dr-pg-x693c5pd/restore/pitr-20260922-211645-8309/run/.s.PGSQL.55451"
2026-09-22 21:16:45.579 GMT [8323] LOG:  database system was interrupted; last known up at 2026-09-22 21:16:43 GMT
2026-09-22 21:16:45.587 P00   INFO: archive-get command begin 2.55.1: [00000002.history, pg_wal/RECOVERYHISTORY] --config=/tmp/a8dr-pg-x693c5pd/pbr.conf --exec-id=8325-7f834f46 --lock-path=/tmp/a8dr-pg-x693c5pd/lock --log-level-console=info --log-path=/tmp/a8dr-pg-x693c5pd --pg1-path=/tmp/a8dr-pg-x693c5pd/source --repo1-path=/tmp/a8dr-pg-x693c5pd/repo --stanza=payesh
2026-09-22 21:16:45.590 P00  ERROR: [032]: PostgreSQL working directory '/tmp/a8dr-pg-x693c5pd/restore/pitr-20260922-211645-8309/data' is not the same as option pg1-path '/tmp/a8dr-pg-x693c5pd/source'
                                    HINT: is the PostgreSQL data_directory configured the same as the pg1-path option?
2026-09-22 21:16:45.590 P00   INFO: archive-get command end: aborted with exception [032]
2026-09-22 21:16:45.591 GMT [8323] LOG:  starting backup recovery with redo LSN 0/2000028, checkpoint LSN 0/2000080, on timeline ID 1
2026-09-22 21:16:45.597 P00   INFO: archive-get command begin 2.55.1: [000000010000000000000002, pg_wal/RECOVERYXLOG] --config=/tmp/a8dr-pg-x693c5pd/pbr.conf --exec-id=8327-5cb36fd5 --lock-path=/tmp/a8dr-pg-x693c5pd/lock --log-level-console=info --log-path=/tmp/a8dr-pg-x693c5pd --pg1-path=/tmp/a8dr-pg-x693c5pd/source --repo1-path=/tmp/a8dr-pg-x693c5pd/repo --stanza=payesh
2026-09-22 21:16:45.601 P00  ERROR: [032]: PostgreSQL working directory '/tmp/a8dr-pg-x693c5pd/restore/pitr-20260922-211645-8309/data' is not the same as option pg1-path '/tmp/a8dr-pg-x693c5pd/source'
                                    HINT: is the PostgreSQL data_directory configured the same as the pg1-path option?
2026-09-22 21:16:45.601 P00   INFO: archive-get command end: aborted with exception [032]
2026-09-22 21:16:45.601 GMT [8323] LOG:  invalid checkpoint record
2026-09-22 21:16:45.601 GMT [8323] FATAL:  could not locate required checkpoint record at 0/2000080
2026-09-22 21:16:45.601 GMT [8323] HINT:  If you are restoring from a backup, touch "/tmp/a8dr-pg-x693c5pd/restore/pitr-20260922-211645-8309/data/recovery.signal" or "/tmp/a8dr-pg-x693c5pd/restore/pitr-20260922-211645-8309/data/standby.signal" and add required recovery options.
	If you are not restoring from a backup, try removing the file "/tmp/a8dr-pg-x693c5pd/restore/pitr-20260922-211645-8309/data/backup_label".
	Be careful: removing "/tmp/a8dr-pg-x693c5pd/restore/pitr-20260922-211645-8309/data/backup_label" will result in a corrupt cluster if restoring from a backup.
2026-09-22 21:16:45.602 GMT [8319] LOG:  startup process (PID 8323) exited with exit code 1
2026-09-22 21:16:45.602 GMT [8319] LOG:  terminating any other active server processes
2026-09-22 21:16:45.603 GMT [8319] LOG:  shutting down due to startup process failure
2026-09-22 21:16:45.603 GMT [8319] LOG:  database system is shut down
2026-09-22 21:16:45.684 GMT [8331] LOG:  starting PostgreSQL 17.11 (Debian 17.11-0+deb13u1) on x86_64-pc-linux-gnu, compiled by gcc (Debian 14.2.0-19) 14.2.0, 64-bit
2026-09-22 21:16:45.684 GMT [8331] LOG:  listening on IPv6 address "::1", port 55451
2026-09-22 21:16:45.684 GMT [8331] LOG:  listening on IPv4 address "127.0.0.1", port 55451
2026-09-22 21:16:45.684 GMT [8331] LOG:  listening on Unix socket "/tmp/a8dr-pg-x693c5pd/restore/pitr-20260922-211645-8309/run/.s.PGSQL.55451"
2026-09-22 21:16:45.685 GMT [8335] LOG:  database system was interrupted; last known up at 2026-09-22 21:16:43 GMT
2026-09-22 21:16:45.691 P00   INFO: archive-get command begin 2.55.1: [00000002.history, pg_wal/RECOVERYHISTORY] --config=/tmp/a8dr-pg-x693c5pd/pbr.conf --exec-id=8337-fcb07236 --lock-path=/tmp/a8dr-pg-x693c5pd/lock --log-level-console=info --log-path=/tmp/a8dr-pg-x693c5pd --pg1-path=/tmp/a8dr-pg-x693c5pd/restore/pitr-20260922-211645-8309/data --repo1-path=/tmp/a8dr-pg-x693c5pd/repo --stanza=payesh
2026-09-22 21:16:45.691 P00   INFO: unable to find 00000002.history in the archive
2026-09-22 21:16:45.691 P00   INFO: archive-get command end: completed successfully (2ms)
2026-09-22 21:16:45.692 GMT [8335] LOG:  starting backup recovery with redo LSN 0/2000028, checkpoint LSN 0/2000080, on timeline ID 1
2026-09-22 21:16:45.697 P00   INFO: archive-get command begin 2.55.1: [000000010000000000000002, pg_wal/RECOVERYXLOG] --config=/tmp/a8dr-pg-x693c5pd/pbr.conf --exec-id=8339-f6298840 --lock-path=/tmp/a8dr-pg-x693c5pd/lock --log-level-console=info --log-path=/tmp/a8dr-pg-x693c5pd --pg1-path=/tmp/a8dr-pg-x693c5pd/restore/pitr-20260922-211645-8309/data --repo1-path=/tmp/a8dr-pg-x693c5pd/repo --stanza=payesh
2026-09-22 21:16:45.711 P00   INFO: found 000000010000000000000002 in the repo1: 17-1 archive
2026-09-22 21:16:45.711 P00   INFO: archive-get command end: completed successfully (16ms)
2026-09-22 21:16:45.711 GMT [8335] LOG:  restored log file "000000010000000000000002" from archive
2026-09-22 21:16:45.711 GMT [8335] LOG:  starting point-in-time recovery to "arena_target"
2026-09-22 21:16:45.712 GMT [8335] LOG:  redo starts at 0/2000028
2026-09-22 21:16:45.717 P00   INFO: archive-get command begin 2.55.1: [000000010000000000000003, pg_wal/RECOVERYXLOG] --config=/tmp/a8dr-pg-x693c5pd/pbr.conf --exec-id=8341-542cf2dc --lock-path=/tmp/a8dr-pg-x693c5pd/lock --log-level-console=info --log-path=/tmp/a8dr-pg-x693c5pd --pg1-path=/tmp/a8dr-pg-x693c5pd/restore/pitr-20260922-211645-8309/data --repo1-path=/tmp/a8dr-pg-x693c5pd/repo --stanza=payesh
2026-09-22 21:16:45.733 P00   INFO: found 000000010000000000000003 in the repo1: 17-1 archive
2026-09-22 21:16:45.733 P00   INFO: archive-get command end: completed successfully (17ms)
2026-09-22 21:16:45.734 GMT [8335] LOG:  restored log file "000000010000000000000003" from archive
2026-09-22 21:16:45.739 P00   INFO: archive-get command begin 2.55.1: [000000010000000000000004, pg_wal/RECOVERYXLOG] --config=/tmp/a8dr-pg-x693c5pd/pbr.conf --exec-id=8343-4190bb4d --lock-path=/tmp/a8dr-pg-x693c5pd/lock --log-level-console=info --log-path=/tmp/a8dr-pg-x693c5pd --pg1-path=/tmp/a8dr-pg-x693c5pd/restore/pitr-20260922-211645-8309/data --repo1-path=/tmp/a8dr-pg-x693c5pd/repo --stanza=payesh
2026-09-22 21:16:45.751 P00   INFO: found 000000010000000000000004 in the repo1: 17-1 archive
2026-09-22 21:16:45.751 P00   INFO: archive-get command end: completed successfully (13ms)
2026-09-22 21:16:45.752 GMT [8335] LOG:  restored log file "000000010000000000000004" from archive
2026-09-22 21:16:45.757 P00   INFO: archive-get command begin 2.55.1: [000000010000000000000005, pg_wal/RECOVERYXLOG] --config=/tmp/a8dr-pg-x693c5pd/pbr.conf --exec-id=8345-0fa3d4e6 --lock-path=/tmp/a8dr-pg-x693c5pd/lock --log-level-console=info --log-path=/tmp/a8dr-pg-x693c5pd --pg1-path=/tmp/a8dr-pg-x693c5pd/restore/pitr-20260922-211645-8309/data --repo1-path=/tmp/a8dr-pg-x693c5pd/repo --stanza=payesh
2026-09-22 21:16:45.757 P00   INFO: unable to find 000000010000000000000005 in the archive
2026-09-22 21:16:45.757 P00   INFO: archive-get command end: completed successfully (1ms)
2026-09-22 21:16:45.758 GMT [8335] LOG:  completed backup recovery with redo LSN 0/2000028 and end LSN 0/2000120
2026-09-22 21:16:45.758 GMT [8335] LOG:  consistent recovery state reached at 0/2000120
2026-09-22 21:16:45.758 GMT [8331] LOG:  database system is ready to accept read-only connections
2026-09-22 21:16:45.758 GMT [8335] LOG:  recovery stopping at restore point "arena_target", time 2026-09-22 21:16:44.846632+00
2026-09-22 21:16:45.758 GMT [8335] LOG:  redo done at 0/30003C8 system usage: CPU: user: 0.00 s, system: 0.00 s, elapsed: 0.04 s
2026-09-22 21:16:45.758 GMT [8335] LOG:  last completed transaction was at log time 2026-09-22 21:16:44.835515+00
2026-09-22 21:16:45.764 P00   INFO: archive-get command begin 2.55.1: [000000010000000000000003, pg_wal/RECOVERYXLOG] --config=/tmp/a8dr-pg-x693c5pd/pbr.conf --exec-id=8347-adf4f758 --lock-path=/tmp/a8dr-pg-x693c5pd/lock --log-level-console=info --log-path=/tmp/a8dr-pg-x693c5pd --pg1-path=/tmp/a8dr-pg-x693c5pd/restore/pitr-20260922-211645-8309/data --repo1-path=/tmp/a8dr-pg-x693c5pd/repo --stanza=payesh
2026-09-22 21:16:45.779 P00   INFO: found 000000010000000000000003 in the repo1: 17-1 archive
2026-09-22 21:16:45.779 P00   INFO: archive-get command end: completed successfully (17ms)
2026-09-22 21:16:45.780 GMT [8335] LOG:  restored log file "000000010000000000000003" from archive
2026-09-22 21:16:45.787 P00   INFO: archive-get command begin 2.55.1: [00000002.history, pg_wal/RECOVERYHISTORY] --config=/tmp/a8dr-pg-x693c5pd/pbr.conf --exec-id=8351-83a383d5 --lock-path=/tmp/a8dr-pg-x693c5pd/lock --log-level-console=info --log-path=/tmp/a8dr-pg-x693c5pd --pg1-path=/tmp/a8dr-pg-x693c5pd/restore/pitr-20260922-211645-8309/data --repo1-path=/tmp/a8dr-pg-x693c5pd/repo --stanza=payesh
2026-09-22 21:16:45.788 P00   INFO: unable to find 00000002.history in the archive
2026-09-22 21:16:45.788 P00   INFO: archive-get command end: completed successfully (2ms)
2026-09-22 21:16:45.788 GMT [8335] LOG:  selected new timeline ID: 2
2026-09-22 21:16:45.799 P00   INFO: archive-get command begin 2.55.1: [00000001.history, pg_wal/RECOVERYHISTORY] --config=/tmp/a8dr-pg-x693c5pd/pbr.conf --exec-id=8353-d5c35048 --lock-path=/tmp/a8dr-pg-x693c5pd/lock --log-level-console=info --log-path=/tmp/a8dr-pg-x693c5pd --pg1-path=/tmp/a8dr-pg-x693c5pd/restore/pitr-20260922-211645-8309/data --repo1-path=/tmp/a8dr-pg-x693c5pd/repo --stanza=payesh
2026-09-22 21:16:45.800 P00   INFO: unable to find 00000001.history in the archive
2026-09-22 21:16:45.800 P00   INFO: archive-get command end: completed successfully (2ms)
2026-09-22 21:16:45.801 GMT [8335] LOG:  archive recovery complete
2026-09-22 21:16:45.801 GMT [8333] LOG:  checkpoint starting: end-of-recovery immediate wait
2026-09-22 21:16:45.801 GMT [8333] LOG:  checkpoint complete: wrote 5 buffers (0.0%); 0 WAL file(s) added, 0 removed, 1 recycled; write=0.001 s, sync=0.001 s, total=0.001 s; sync files=0, longest=0.000 s, average=0.000 s; distance=16385 kB, estimate=16385 kB; lsn=0/3000430, redo lsn=0/3000430
2026-09-22 21:16:45.803 GMT [8331] LOG:  database system is ready to accept connections
2026-09-22 21:16:46.015 GMT [8433] ERROR:  relation "users" does not exist at character 22
2026-09-22 21:16:46.015 GMT [8433] STATEMENT:  SELECT count(*) FROM users
2026-09-22 21:16:46.021 GMT [8436] ERROR:  relation "schools" does not exist at character 22
2026-09-22 21:16:46.021 GMT [8436] STATEMENT:  SELECT count(*) FROM schools
2026-09-22 21:16:46.027 GMT [8439] ERROR:  relation "classes" does not exist at character 22
2026-09-22 21:16:46.027 GMT [8439] STATEMENT:  SELECT count(*) FROM classes
2026-09-22 21:16:46.032 GMT [8442] ERROR:  relation "grades" does not exist at character 22
2026-09-22 21:16:46.032 GMT [8442] STATEMENT:  SELECT count(*) FROM grades
2026-09-22 21:16:46.038 GMT [8445] ERROR:  relation "attendance" does not exist at character 22
2026-09-22 21:16:46.038 GMT [8445] STATEMENT:  SELECT count(*) FROM attendance
2026-09-22 21:16:46.044 GMT [8448] ERROR:  relation "users" does not exist at character 82
2026-09-22 21:16:46.044 GMT [8448] STATEMENT:  SELECT coalesce(md5(string_agg(t::text,'|' order by id)),'') FROM (SELECT * FROM users ORDER BY id LIMIT 200) t
2026-09-22 21:16:46.050 GMT [8451] ERROR:  relation "grades" does not exist at character 82
2026-09-22 21:16:46.050 GMT [8451] STATEMENT:  SELECT coalesce(md5(string_agg(t::text,'|' order by id)),'') FROM (SELECT * FROM grades ORDER BY id LIMIT 200) t
2026-09-22 21:16:46.055 GMT [8454] ERROR:  relation "attendance" does not exist at character 82
2026-09-22 21:16:46.055 GMT [8454] STATEMENT:  SELECT coalesce(md5(string_agg(t::text,'|' order by id)),'') FROM (SELECT * FROM attendance ORDER BY id LIMIT 200) t
