2026-09-22 21:16:46.146 UTC [8468] LOG:  starting PostgreSQL 17.11 (Debian 17.11-0+deb13u1) on x86_64-pc-linux-gnu, compiled by gcc (Debian 14.2.0-19) 14.2.0, 64-bit
2026-09-22 21:16:46.146 UTC [8468] LOG:  listening on Unix socket "/tmp/a8dr-pg-x693c5pd/standby-socket/.s.PGSQL.55454"
2026-09-22 21:16:46.148 UTC [8471] LOG:  database system was interrupted; last known up at 2026-09-22 21:16:46 UTC
2026-09-22 21:16:46.152 UTC [8471] LOG:  starting backup recovery with redo LSN 0/5000028, checkpoint LSN 0/5000080, on timeline ID 1
2026-09-22 21:16:46.152 UTC [8471] LOG:  entering standby mode
2026-09-22 21:16:46.152 UTC [8471] LOG:  redo starts at 0/5000028
2026-09-22 21:16:46.152 UTC [8471] LOG:  completed backup recovery with redo LSN 0/5000028 and end LSN 0/5000120
2026-09-22 21:16:46.152 UTC [8471] LOG:  consistent recovery state reached at 0/5000120
2026-09-22 21:16:46.152 UTC [8468] LOG:  database system is ready to accept read-only connections
2026-09-22 21:16:46.155 UTC [8472] LOG:  started streaming WAL from primary at 0/6000000 on timeline 1
2026-09-22 21:16:46.244 UTC [8472] FATAL:  could not receive data from WAL stream: server closed the connection unexpectedly
		This probably means the server terminated abnormally
		before or while processing the request.
2026-09-22 21:16:46.247 UTC [8479] FATAL:  could not connect to the primary server: connection to server on socket "/tmp/a8dr-pg-x693c5pd/socket/.s.PGSQL.55450" failed: server closed the connection unexpectedly
		This probably means the server terminated abnormally
		before or while processing the request.
2026-09-22 21:16:46.247 UTC [8471] LOG:  waiting for WAL to become available at 0/6000018
2026-09-22 21:16:46.367 UTC [8471] LOG:  received promote request
2026-09-22 21:16:46.367 UTC [8471] LOG:  redo done at 0/5000120 system usage: CPU: user: 0.00 s, system: 0.00 s, elapsed: 0.21 s
2026-09-22 21:16:46.368 UTC [8471] LOG:  selected new timeline ID: 2
2026-09-22 21:16:46.373 UTC [8471] LOG:  archive recovery complete
2026-09-22 21:16:46.373 UTC [8469] LOG:  checkpoint starting: force
2026-09-22 21:16:46.375 UTC [8468] LOG:  database system is ready to accept connections
