2026-09-22 21:13:41.425 GMT [5936] LOG:  starting PostgreSQL 17.11 (Debian 17.11-0+deb13u1) on x86_64-pc-linux-gnu, compiled by gcc (Debian 14.2.0-19) 14.2.0, 64-bit
2026-09-22 21:13:41.425 GMT [5936] LOG:  listening on IPv6 address "::1", port 55443
2026-09-22 21:13:41.425 GMT [5936] LOG:  listening on IPv4 address "127.0.0.1", port 55443
2026-09-22 21:13:41.425 GMT [5936] LOG:  listening on Unix socket "/tmp/a8dr-pg-3jzz4yhf/restore/pitr-20260922-211341-5926/run/.s.PGSQL.55443"
2026-09-22 21:13:41.427 GMT [5940] LOG:  database system was interrupted; last known up at 2026-09-22 21:13:39 GMT
2026-09-22 21:13:41.432 P00   INFO: archive-get command begin 2.55.1: [00000002.history, pg_wal/RECOVERYHISTORY] --config=/tmp/a8dr-pg-3jzz4yhf/pbr.conf --exec-id=5942-be561a9f --lock-path=/tmp/a8dr-pg-3jzz4yhf/lock --log-level-console=info --log-path=/tmp/a8dr-pg-3jzz4yhf --pg1-path=/tmp/a8dr-pg-3jzz4yhf/source --repo1-path=/tmp/a8dr-pg-3jzz4yhf/repo --stanza=payesh
2026-09-22 21:13:41.434 P00  ERROR: [032]: PostgreSQL working directory '/tmp/a8dr-pg-3jzz4yhf/restore/pitr-20260922-211341-5926/data' is not the same as option pg1-path '/tmp/a8dr-pg-3jzz4yhf/source'
                                    HINT: is the PostgreSQL data_directory configured the same as the pg1-path option?
2026-09-22 21:13:41.434 P00   INFO: archive-get command end: aborted with exception [032]
2026-09-22 21:13:41.435 GMT [5940] LOG:  starting backup recovery with redo LSN 0/2000028, checkpoint LSN 0/2000080, on timeline ID 1
2026-09-22 21:13:41.440 P00   INFO: archive-get command begin 2.55.1: [000000010000000000000002, pg_wal/RECOVERYXLOG] --config=/tmp/a8dr-pg-3jzz4yhf/pbr.conf --exec-id=5944-5b27e155 --lock-path=/tmp/a8dr-pg-3jzz4yhf/lock --log-level-console=info --log-path=/tmp/a8dr-pg-3jzz4yhf --pg1-path=/tmp/a8dr-pg-3jzz4yhf/source --repo1-path=/tmp/a8dr-pg-3jzz4yhf/repo --stanza=payesh
2026-09-22 21:13:41.443 P00  ERROR: [032]: PostgreSQL working directory '/tmp/a8dr-pg-3jzz4yhf/restore/pitr-20260922-211341-5926/data' is not the same as option pg1-path '/tmp/a8dr-pg-3jzz4yhf/source'
                                    HINT: is the PostgreSQL data_directory configured the same as the pg1-path option?
2026-09-22 21:13:41.443 P00   INFO: archive-get command end: aborted with exception [032]
2026-09-22 21:13:41.444 GMT [5940] LOG:  invalid checkpoint record
2026-09-22 21:13:41.444 GMT [5940] FATAL:  could not locate required checkpoint record at 0/2000080
2026-09-22 21:13:41.444 GMT [5940] HINT:  If you are restoring from a backup, touch "/tmp/a8dr-pg-3jzz4yhf/restore/pitr-20260922-211341-5926/data/recovery.signal" or "/tmp/a8dr-pg-3jzz4yhf/restore/pitr-20260922-211341-5926/data/standby.signal" and add required recovery options.
	If you are not restoring from a backup, try removing the file "/tmp/a8dr-pg-3jzz4yhf/restore/pitr-20260922-211341-5926/data/backup_label".
	Be careful: removing "/tmp/a8dr-pg-3jzz4yhf/restore/pitr-20260922-211341-5926/data/backup_label" will result in a corrupt cluster if restoring from a backup.
2026-09-22 21:13:41.444 GMT [5936] LOG:  startup process (PID 5940) exited with exit code 1
2026-09-22 21:13:41.445 GMT [5936] LOG:  terminating any other active server processes
2026-09-22 21:13:41.445 GMT [5936] LOG:  shutting down due to startup process failure
2026-09-22 21:13:41.445 GMT [5936] LOG:  database system is shut down
2026-09-22 21:13:41.535 GMT [5948] LOG:  starting PostgreSQL 17.11 (Debian 17.11-0+deb13u1) on x86_64-pc-linux-gnu, compiled by gcc (Debian 14.2.0-19) 14.2.0, 64-bit
2026-09-22 21:13:41.535 GMT [5948] LOG:  listening on IPv6 address "::1", port 55443
2026-09-22 21:13:41.535 GMT [5948] LOG:  listening on IPv4 address "127.0.0.1", port 55443
2026-09-22 21:13:41.535 GMT [5948] LOG:  listening on Unix socket "/tmp/a8dr-pg-3jzz4yhf/restore/pitr-20260922-211341-5926/run/.s.PGSQL.55443"
2026-09-22 21:13:41.537 GMT [5952] LOG:  database system was interrupted; last known up at 2026-09-22 21:13:39 GMT
2026-09-22 21:13:41.542 P00   INFO: archive-get command begin 2.55.1: [00000002.history, pg_wal/RECOVERYHISTORY] --config=/tmp/a8dr-pg-3jzz4yhf/pbr.conf --exec-id=5954-0a8e063d --lock-path=/tmp/a8dr-pg-3jzz4yhf/lock --log-level-console=info --log-path=/tmp/a8dr-pg-3jzz4yhf --pg1-path=/tmp/a8dr-pg-3jzz4yhf/restore/pitr-20260922-211341-5926/data --repo1-path=/tmp/a8dr-pg-3jzz4yhf/repo --stanza=payesh
2026-09-22 21:13:41.542 P00   INFO: unable to find 00000002.history in the archive
2026-09-22 21:13:41.542 P00   INFO: archive-get command end: completed successfully (2ms)
2026-09-22 21:13:41.543 GMT [5952] LOG:  starting backup recovery with redo LSN 0/2000028, checkpoint LSN 0/2000080, on timeline ID 1
2026-09-22 21:13:41.548 P00   INFO: archive-get command begin 2.55.1: [000000010000000000000002, pg_wal/RECOVERYXLOG] --config=/tmp/a8dr-pg-3jzz4yhf/pbr.conf --exec-id=5956-f84094d8 --lock-path=/tmp/a8dr-pg-3jzz4yhf/lock --log-level-console=info --log-path=/tmp/a8dr-pg-3jzz4yhf --pg1-path=/tmp/a8dr-pg-3jzz4yhf/restore/pitr-20260922-211341-5926/data --repo1-path=/tmp/a8dr-pg-3jzz4yhf/repo --stanza=payesh
2026-09-22 21:13:41.560 P00   INFO: found 000000010000000000000002 in the repo1: 17-1 archive
2026-09-22 21:13:41.560 P00   INFO: archive-get command end: completed successfully (14ms)
2026-09-22 21:13:41.561 GMT [5952] LOG:  restored log file "000000010000000000000002" from archive
2026-09-22 21:13:41.561 GMT [5952] LOG:  starting point-in-time recovery to "arena_target"
2026-09-22 21:13:41.561 GMT [5952] LOG:  redo starts at 0/2000028
2026-09-22 21:13:41.567 P00   INFO: archive-get command begin 2.55.1: [000000010000000000000003, pg_wal/RECOVERYXLOG] --config=/tmp/a8dr-pg-3jzz4yhf/pbr.conf --exec-id=5958-df6b2a2f --lock-path=/tmp/a8dr-pg-3jzz4yhf/lock --log-level-console=info --log-path=/tmp/a8dr-pg-3jzz4yhf --pg1-path=/tmp/a8dr-pg-3jzz4yhf/restore/pitr-20260922-211341-5926/data --repo1-path=/tmp/a8dr-pg-3jzz4yhf/repo --stanza=payesh
2026-09-22 21:13:41.581 P00   INFO: found 000000010000000000000003 in the repo1: 17-1 archive
2026-09-22 21:13:41.581 P00   INFO: archive-get command end: completed successfully (16ms)
2026-09-22 21:13:41.582 GMT [5952] LOG:  restored log file "000000010000000000000003" from archive
2026-09-22 21:13:41.586 P00   INFO: archive-get command begin 2.55.1: [000000010000000000000004, pg_wal/RECOVERYXLOG] --config=/tmp/a8dr-pg-3jzz4yhf/pbr.conf --exec-id=5960-516d804c --lock-path=/tmp/a8dr-pg-3jzz4yhf/lock --log-level-console=info --log-path=/tmp/a8dr-pg-3jzz4yhf --pg1-path=/tmp/a8dr-pg-3jzz4yhf/restore/pitr-20260922-211341-5926/data --repo1-path=/tmp/a8dr-pg-3jzz4yhf/repo --stanza=payesh
2026-09-22 21:13:41.600 P00   INFO: found 000000010000000000000004 in the repo1: 17-1 archive
2026-09-22 21:13:41.600 P00   INFO: archive-get command end: completed successfully (15ms)
2026-09-22 21:13:41.601 GMT [5952] LOG:  restored log file "000000010000000000000004" from archive
2026-09-22 21:13:41.606 P00   INFO: archive-get command begin 2.55.1: [000000010000000000000005, pg_wal/RECOVERYXLOG] --config=/tmp/a8dr-pg-3jzz4yhf/pbr.conf --exec-id=5962-9b348b88 --lock-path=/tmp/a8dr-pg-3jzz4yhf/lock --log-level-console=info --log-path=/tmp/a8dr-pg-3jzz4yhf --pg1-path=/tmp/a8dr-pg-3jzz4yhf/restore/pitr-20260922-211341-5926/data --repo1-path=/tmp/a8dr-pg-3jzz4yhf/repo --stanza=payesh
2026-09-22 21:13:41.606 P00   INFO: unable to find 000000010000000000000005 in the archive
2026-09-22 21:13:41.606 P00   INFO: archive-get command end: completed successfully (1ms)
2026-09-22 21:13:41.607 GMT [5952] LOG:  completed backup recovery with redo LSN 0/2000028 and end LSN 0/2000120
2026-09-22 21:13:41.607 GMT [5952] LOG:  consistent recovery state reached at 0/2000120
2026-09-22 21:13:41.607 GMT [5948] LOG:  database system is ready to accept read-only connections
2026-09-22 21:13:41.607 GMT [5952] LOG:  recovery stopping at restore point "arena_target", time 2026-09-22 21:13:40.740581+00
2026-09-22 21:13:41.607 GMT [5952] LOG:  redo done at 0/30003A0 system usage: CPU: user: 0.00 s, system: 0.00 s, elapsed: 0.04 s
2026-09-22 21:13:41.612 P00   INFO: archive-get command begin 2.55.1: [000000010000000000000003, pg_wal/RECOVERYXLOG] --config=/tmp/a8dr-pg-3jzz4yhf/pbr.conf --exec-id=5964-2ecf9a0e --lock-path=/tmp/a8dr-pg-3jzz4yhf/lock --log-level-console=info --log-path=/tmp/a8dr-pg-3jzz4yhf --pg1-path=/tmp/a8dr-pg-3jzz4yhf/restore/pitr-20260922-211341-5926/data --repo1-path=/tmp/a8dr-pg-3jzz4yhf/repo --stanza=payesh
2026-09-22 21:13:41.626 P00   INFO: found 000000010000000000000003 in the repo1: 17-1 archive
2026-09-22 21:13:41.626 P00   INFO: archive-get command end: completed successfully (15ms)
2026-09-22 21:13:41.627 GMT [5952] LOG:  restored log file "000000010000000000000003" from archive
2026-09-22 21:13:41.633 P00   INFO: archive-get command begin 2.55.1: [00000002.history, pg_wal/RECOVERYHISTORY] --config=/tmp/a8dr-pg-3jzz4yhf/pbr.conf --exec-id=5967-06ab3102 --lock-path=/tmp/a8dr-pg-3jzz4yhf/lock --log-level-console=info --log-path=/tmp/a8dr-pg-3jzz4yhf --pg1-path=/tmp/a8dr-pg-3jzz4yhf/restore/pitr-20260922-211341-5926/data --repo1-path=/tmp/a8dr-pg-3jzz4yhf/repo --stanza=payesh
2026-09-22 21:13:41.633 P00   INFO: unable to find 00000002.history in the archive
2026-09-22 21:13:41.633 P00   INFO: archive-get command end: completed successfully (2ms)
2026-09-22 21:13:41.633 GMT [5952] LOG:  selected new timeline ID: 2
2026-09-22 21:13:41.643 P00   INFO: archive-get command begin 2.55.1: [00000001.history, pg_wal/RECOVERYHISTORY] --config=/tmp/a8dr-pg-3jzz4yhf/pbr.conf --exec-id=5972-6e1da49b --lock-path=/tmp/a8dr-pg-3jzz4yhf/lock --log-level-console=info --log-path=/tmp/a8dr-pg-3jzz4yhf --pg1-path=/tmp/a8dr-pg-3jzz4yhf/restore/pitr-20260922-211341-5926/data --repo1-path=/tmp/a8dr-pg-3jzz4yhf/repo --stanza=payesh
2026-09-22 21:13:41.643 P00   INFO: unable to find 00000001.history in the archive
2026-09-22 21:13:41.643 P00   INFO: archive-get command end: completed successfully (1ms)
2026-09-22 21:13:41.644 GMT [5952] LOG:  archive recovery complete
2026-09-22 21:13:41.644 GMT [5950] LOG:  checkpoint starting: end-of-recovery immediate wait
2026-09-22 21:13:41.645 GMT [5950] LOG:  checkpoint complete: wrote 11 buffers (0.1%); 0 WAL file(s) added, 0 removed, 1 recycled; write=0.001 s, sync=0.001 s, total=0.001 s; sync files=0, longest=0.000 s, average=0.000 s; distance=16384 kB, estimate=16384 kB; lsn=0/3000408, redo lsn=0/3000408
2026-09-22 21:13:41.647 GMT [5948] LOG:  database system is ready to accept connections
2026-09-22 21:13:41.852 GMT [6056] ERROR:  relation "users" does not exist at character 22
2026-09-22 21:13:41.852 GMT [6056] STATEMENT:  SELECT count(*) FROM users
2026-09-22 21:13:41.857 GMT [6059] ERROR:  relation "schools" does not exist at character 22
2026-09-22 21:13:41.857 GMT [6059] STATEMENT:  SELECT count(*) FROM schools
2026-09-22 21:13:41.862 GMT [6062] ERROR:  relation "classes" does not exist at character 22
2026-09-22 21:13:41.862 GMT [6062] STATEMENT:  SELECT count(*) FROM classes
2026-09-22 21:13:41.866 GMT [6065] ERROR:  relation "grades" does not exist at character 22
2026-09-22 21:13:41.866 GMT [6065] STATEMENT:  SELECT count(*) FROM grades
2026-09-22 21:13:41.872 GMT [6068] ERROR:  relation "attendance" does not exist at character 22
2026-09-22 21:13:41.872 GMT [6068] STATEMENT:  SELECT count(*) FROM attendance
2026-09-22 21:13:41.877 GMT [6071] ERROR:  relation "users" does not exist at character 82
2026-09-22 21:13:41.877 GMT [6071] STATEMENT:  SELECT coalesce(md5(string_agg(t::text,'|' order by id)),'') FROM (SELECT * FROM users ORDER BY id LIMIT 200) t
2026-09-22 21:13:41.882 GMT [6074] ERROR:  relation "grades" does not exist at character 82
2026-09-22 21:13:41.882 GMT [6074] STATEMENT:  SELECT coalesce(md5(string_agg(t::text,'|' order by id)),'') FROM (SELECT * FROM grades ORDER BY id LIMIT 200) t
2026-09-22 21:13:41.887 GMT [6077] ERROR:  relation "attendance" does not exist at character 82
2026-09-22 21:13:41.887 GMT [6077] STATEMENT:  SELECT coalesce(md5(string_agg(t::text,'|' order by id)),'') FROM (SELECT * FROM attendance ORDER BY id LIMIT 200) t
