2026-09-22 21:13:39.224 UTC [5879] LOG:  starting PostgreSQL 17.11 (Debian 17.11-0+deb13u1) on x86_64-pc-linux-gnu, compiled by gcc (Debian 14.2.0-19) 14.2.0, 64-bit
2026-09-22 21:13:39.224 UTC [5879] LOG:  listening on Unix socket "/tmp/a8dr-pg-3jzz4yhf/socket/.s.PGSQL.55442"
2026-09-22 21:13:39.225 UTC [5882] LOG:  database system was shut down at 2026-09-22 21:13:39 UTC
2026-09-22 21:13:39.227 UTC [5879] LOG:  database system is ready to accept connections
2026-09-22 21:13:39.367 UTC [5880] LOG:  checkpoint starting: immediate force wait
2026-09-22 21:13:39.371 P00   INFO: archive-push command begin 2.55.1: [pg_wal/000000010000000000000001] --config=/tmp/a8dr-pg-3jzz4yhf/pbr.conf --exec-id=5896-6f8629d2 --lock-path=/tmp/a8dr-pg-3jzz4yhf/lock --log-level-console=info --log-path=/tmp/a8dr-pg-3jzz4yhf --pg1-path=/tmp/a8dr-pg-3jzz4yhf/source --repo1-path=/tmp/a8dr-pg-3jzz4yhf/repo --stanza=payesh
2026-09-22 21:13:39.376 UTC [5880] LOG:  checkpoint complete: wrote 943 buffers (5.8%); 0 WAL file(s) added, 0 removed, 0 recycled; write=0.005 s, sync=0.001 s, total=0.010 s; sync files=321, longest=0.001 s, average=0.000 s; distance=11333 kB, estimate=11333 kB; lsn=0/2000080, redo lsn=0/2000028
2026-09-22 21:13:39.621 P00   INFO: pushed WAL file '000000010000000000000001' to the archive
2026-09-22 21:13:39.621 P00   INFO: archive-push command end: completed successfully (251ms)
2026-09-22 21:13:40.615 P00   INFO: archive-push command begin 2.55.1: [pg_wal/000000010000000000000002] --config=/tmp/a8dr-pg-3jzz4yhf/pbr.conf --exec-id=5899-6dbbac72 --lock-path=/tmp/a8dr-pg-3jzz4yhf/lock --log-level-console=info --log-path=/tmp/a8dr-pg-3jzz4yhf --pg1-path=/tmp/a8dr-pg-3jzz4yhf/source --repo1-path=/tmp/a8dr-pg-3jzz4yhf/repo --stanza=payesh
2026-09-22 21:13:40.678 P00   INFO: pushed WAL file '000000010000000000000002' to the archive
2026-09-22 21:13:40.678 P00   INFO: archive-push command end: completed successfully (65ms)
2026-09-22 21:13:40.684 P00   INFO: archive-push command begin 2.55.1: [pg_wal/000000010000000000000002.00000028.backup] --config=/tmp/a8dr-pg-3jzz4yhf/pbr.conf --exec-id=5901-babb2f34 --lock-path=/tmp/a8dr-pg-3jzz4yhf/lock --log-level-console=info --log-path=/tmp/a8dr-pg-3jzz4yhf --pg1-path=/tmp/a8dr-pg-3jzz4yhf/source --repo1-path=/tmp/a8dr-pg-3jzz4yhf/repo --stanza=payesh
2026-09-22 21:13:40.685 P00   INFO: pushed WAL file '000000010000000000000002.00000028.backup' to the archive
2026-09-22 21:13:40.685 P00   INFO: archive-push command end: completed successfully (2ms)
2026-09-22 21:13:40.740 UTC [5904] LOG:  restore point "arena_target" created at 0/3000408
2026-09-22 21:13:40.740 UTC [5904] STATEMENT:  INSERT INTO users VALUES(11,'keep'); SELECT pg_create_restore_point('arena_target');
2026-09-22 21:13:40.767 P00   INFO: archive-push command begin 2.55.1: [pg_wal/000000010000000000000003] --config=/tmp/a8dr-pg-3jzz4yhf/pbr.conf --exec-id=5910-29cf1498 --lock-path=/tmp/a8dr-pg-3jzz4yhf/lock --log-level-console=info --log-path=/tmp/a8dr-pg-3jzz4yhf --pg1-path=/tmp/a8dr-pg-3jzz4yhf/source --repo1-path=/tmp/a8dr-pg-3jzz4yhf/repo --stanza=payesh
2026-09-22 21:13:40.777 UTC [5912] LOG:  restore point "pgBackRest Archive Check" created at 0/40000B8
2026-09-22 21:13:40.777 UTC [5912] STATEMENT:  select pg_catalog.pg_create_restore_point('pgBackRest Archive Check')::text
2026-09-22 21:13:40.829 P00   INFO: pushed WAL file '000000010000000000000003' to the archive
2026-09-22 21:13:40.829 P00   INFO: archive-push command end: completed successfully (64ms)
2026-09-22 21:13:40.834 P00   INFO: archive-push command begin 2.55.1: [pg_wal/000000010000000000000004] --config=/tmp/a8dr-pg-3jzz4yhf/pbr.conf --exec-id=5914-0a15a79b --lock-path=/tmp/a8dr-pg-3jzz4yhf/lock --log-level-console=info --log-path=/tmp/a8dr-pg-3jzz4yhf --pg1-path=/tmp/a8dr-pg-3jzz4yhf/source --repo1-path=/tmp/a8dr-pg-3jzz4yhf/repo --stanza=payesh
2026-09-22 21:13:40.902 P00   INFO: pushed WAL file '000000010000000000000004' to the archive
2026-09-22 21:13:40.902 P00   INFO: archive-push command end: completed successfully (69ms)
2026-09-22 21:13:41.899 UTC [5880] LOG:  checkpoint starting: immediate force wait
2026-09-22 21:13:41.903 UTC [5880] LOG:  checkpoint complete: wrote 15 buffers (0.1%); 0 WAL file(s) added, 0 removed, 4 recycled; write=0.001 s, sync=0.001 s, total=0.004 s; sync files=11, longest=0.001 s, average=0.000 s; distance=49152 kB, estimate=49152 kB; lsn=0/5000080, redo lsn=0/5000028
2026-09-22 21:13:41.956 P00   INFO: archive-push command begin 2.55.1: [pg_wal/000000010000000000000005] --config=/tmp/a8dr-pg-3jzz4yhf/pbr.conf --exec-id=6087-cd7614d2 --lock-path=/tmp/a8dr-pg-3jzz4yhf/lock --log-level-console=info --log-path=/tmp/a8dr-pg-3jzz4yhf --pg1-path=/tmp/a8dr-pg-3jzz4yhf/source --repo1-path=/tmp/a8dr-pg-3jzz4yhf/repo --stanza=payesh
2026-09-22 21:13:42.019 P00   INFO: pushed WAL file '000000010000000000000005' to the archive
2026-09-22 21:13:42.019 P00   INFO: archive-push command end: completed successfully (65ms)
2026-09-22 21:13:42.025 P00   INFO: archive-push command begin 2.55.1: [pg_wal/000000010000000000000005.00000028.backup] --config=/tmp/a8dr-pg-3jzz4yhf/pbr.conf --exec-id=6098-6e0c4108 --lock-path=/tmp/a8dr-pg-3jzz4yhf/lock --log-level-console=info --log-path=/tmp/a8dr-pg-3jzz4yhf --pg1-path=/tmp/a8dr-pg-3jzz4yhf/source --repo1-path=/tmp/a8dr-pg-3jzz4yhf/repo --stanza=payesh
2026-09-22 21:13:42.025 P00   INFO: pushed WAL file '000000010000000000000005.00000028.backup' to the archive
2026-09-22 21:13:42.025 P00   INFO: archive-push command end: completed successfully (2ms)
2026-09-22 21:13:42.083 UTC [5879] LOG:  received immediate shutdown request
2026-09-22 21:13:42.087 UTC [5879] LOG:  database system is shut down
