2026-09-22 21:13:41.425 GMT [5936] LOG:  starting PostgreSQL 17.11 (Debian 17.11-0+deb13u1) on x86_64-pc-linux-gnu, compiled by gcc (Debian 14.2.0-19) 14.2.0, 64-bit
2026-09-22 21:13:41.425 GMT [5936] LOG:  listening on IPv6 address "::1", port 55443
2026-09-22 21:13:41.425 GMT [5936] LOG:  listening on IPv4 address "127.0.0.1", port 55443
2026-09-22 21:13:41.425 GMT [5936] LOG:  listening on Unix socket "/tmp/a8dr-pg-3jzz4yhf/restore/pitr-20260922-211341-5926/run/.s.PGSQL.55443"
2026-09-22 21:13:41.427 GMT [5940] LOG:  database system was interrupted; last known up at 2026-09-22 21:13:39 GMT
2026-09-22 21:13:41.432 P00   INFO: archive-get command begin 2.55.1: [00000002.history, pg_wal/RECOVERYHISTORY] --config=/tmp/a8dr-pg-3jzz4yhf/pbr.conf --exec-id=5942-be561a9f --lock-path=/tmp/a8dr-pg-3jzz4yhf/lock --log-level-console=info --log-path=/tmp/a8dr-pg-3jzz4yhf --pg1-path=/tmp/a8dr-pg-3jzz4yhf/source --repo1-path=/tmp/a8dr-pg-3jzz4yhf/repo --stanza=payesh
2026-09-22 21:13:41.434 P00  ERROR: [032]: PostgreSQL working directory '/tmp/a8dr-pg-3jzz4yhf/restore/pitr-20260922-211341-5926/data' is not the same as option pg1-path '/tmp/a8dr-pg-3jzz4yhf/source'
                                    HINT: is the PostgreSQL data_directory configured the same as the pg1-path option?
2026-09-22 21:13:41.434 P00   INFO: archive-get command end: aborted with exception [032]
2026-09-22 21:13:41.435 GMT [5940] LOG:  starting backup recovery with redo LSN 0/2000028, checkpoint LSN 0/2000080, on timeline ID 1
2026-09-22 21:13:41.440 P00   INFO: archive-get command begin 2.55.1: [000000010000000000000002, pg_wal/RECOVERYXLOG] --config=/tmp/a8dr-pg-3jzz4yhf/pbr.conf --exec-id=5944-5b27e155 --lock-path=/tmp/a8dr-pg-3jzz4yhf/lock --log-level-console=info --log-path=/tmp/a8dr-pg-3jzz4yhf --pg1-path=/tmp/a8dr-pg-3jzz4yhf/source --repo1-path=/tmp/a8dr-pg-3jzz4yhf/repo --stanza=payesh
2026-09-22 21:13:41.443 P00  ERROR: [032]: PostgreSQL working directory '/tmp/a8dr-pg-3jzz4yhf/restore/pitr-20260922-211341-5926/data' is not the same as option pg1-path '/tmp/a8dr-pg-3jzz4yhf/source'
                                    HINT: is the PostgreSQL data_directory configured the same as the pg1-path option?
2026-09-22 21:13:41.443 P00   INFO: archive-get command end: aborted with exception [032]
2026-09-22 21:13:41.444 GMT [5940] LOG:  invalid checkpoint record
2026-09-22 21:13:41.444 GMT [5940] FATAL:  could not locate required checkpoint record at 0/2000080
2026-09-22 21:13:41.444 GMT [5940] HINT:  If you are restoring from a backup, touch "/tmp/a8dr-pg-3jzz4yhf/restore/pitr-20260922-211341-5926/data/recovery.signal" or "/tmp/a8dr-pg-3jzz4yhf/restore/pitr-20260922-211341-5926/data/standby.signal" and add required recovery options.
	If you are not restoring from a backup, try removing the file "/tmp/a8dr-pg-3jzz4yhf/restore/pitr-20260922-211341-5926/data/backup_label".
	Be careful: removing "/tmp/a8dr-pg-3jzz4yhf/restore/pitr-20260922-211341-5926/data/backup_label" will result in a corrupt cluster if restoring from a backup.
2026-09-22 21:13:41.444 GMT [5936] LOG:  startup process (PID 5940) exited with exit code 1
2026-09-22 21:13:41.445 GMT [5936] LOG:  terminating any other active server processes
2026-09-22 21:13:41.445 GMT [5936] LOG:  shutting down due to startup process failure
2026-09-22 21:13:41.445 GMT [5936] LOG:  database system is shut down
