2026-09-22 21:15:40.675 UTC [7221] LOG:  starting PostgreSQL 17.11 (Debian 17.11-0+deb13u1) on x86_64-pc-linux-gnu, compiled by gcc (Debian 14.2.0-19) 14.2.0, 64-bit
2026-09-22 21:15:40.675 UTC [7221] LOG:  listening on Unix socket "/tmp/a8dr-pg-afjnpgpv/socket/.s.PGSQL.55446"
2026-09-22 21:15:40.676 UTC [7224] LOG:  database system was shut down at 2026-09-22 21:15:40 UTC
2026-09-22 21:15:40.678 UTC [7221] LOG:  database system is ready to accept connections
2026-09-22 21:15:40.819 UTC [7222] LOG:  checkpoint starting: immediate force wait
2026-09-22 21:15:40.825 P00   INFO: archive-push command begin 2.55.1: [pg_wal/000000010000000000000001] --config=/tmp/a8dr-pg-afjnpgpv/pbr.conf --exec-id=7263-a90a7fbd --lock-path=/tmp/a8dr-pg-afjnpgpv/lock --log-level-console=info --log-path=/tmp/a8dr-pg-afjnpgpv --pg1-path=/tmp/a8dr-pg-afjnpgpv/source --repo1-path=/tmp/a8dr-pg-afjnpgpv/repo --stanza=payesh
2026-09-22 21:15:40.829 UTC [7222] LOG:  checkpoint complete: wrote 943 buffers (5.8%); 0 WAL file(s) added, 0 removed, 0 recycled; write=0.006 s, sync=0.001 s, total=0.011 s; sync files=321, longest=0.001 s, average=0.000 s; distance=11333 kB, estimate=11333 kB; lsn=0/2000080, redo lsn=0/2000028
2026-09-22 21:15:41.120 P00   INFO: pushed WAL file '000000010000000000000001' to the archive
2026-09-22 21:15:41.120 P00   INFO: archive-push command end: completed successfully (296ms)
2026-09-22 21:15:42.713 P00   INFO: archive-push command begin 2.55.1: [pg_wal/000000010000000000000002] --config=/tmp/a8dr-pg-afjnpgpv/pbr.conf --exec-id=7291-b4af4d3e --lock-path=/tmp/a8dr-pg-afjnpgpv/lock --log-level-console=info --log-path=/tmp/a8dr-pg-afjnpgpv --pg1-path=/tmp/a8dr-pg-afjnpgpv/source --repo1-path=/tmp/a8dr-pg-afjnpgpv/repo --stanza=payesh
2026-09-22 21:15:42.787 P00   INFO: pushed WAL file '000000010000000000000002' to the archive
2026-09-22 21:15:42.787 P00   INFO: archive-push command end: completed successfully (76ms)
2026-09-22 21:15:42.793 P00   INFO: archive-push command begin 2.55.1: [pg_wal/000000010000000000000002.00000028.backup] --config=/tmp/a8dr-pg-afjnpgpv/pbr.conf --exec-id=7293-88a48384 --lock-path=/tmp/a8dr-pg-afjnpgpv/lock --log-level-console=info --log-path=/tmp/a8dr-pg-afjnpgpv --pg1-path=/tmp/a8dr-pg-afjnpgpv/source --repo1-path=/tmp/a8dr-pg-afjnpgpv/repo --stanza=payesh
2026-09-22 21:15:42.794 P00   INFO: pushed WAL file '000000010000000000000002.00000028.backup' to the archive
2026-09-22 21:15:42.794 P00   INFO: archive-push command end: completed successfully (2ms)
2026-09-22 21:15:42.841 UTC [7296] LOG:  restore point "arena_target" created at 0/3000408
2026-09-22 21:15:42.841 UTC [7296] STATEMENT:  INSERT INTO users VALUES(11,'keep'); SELECT pg_create_restore_point('arena_target');
2026-09-22 21:15:42.872 P00   INFO: archive-push command begin 2.55.1: [pg_wal/000000010000000000000003] --config=/tmp/a8dr-pg-afjnpgpv/pbr.conf --exec-id=7302-1c441ae5 --lock-path=/tmp/a8dr-pg-afjnpgpv/lock --log-level-console=info --log-path=/tmp/a8dr-pg-afjnpgpv --pg1-path=/tmp/a8dr-pg-afjnpgpv/source --repo1-path=/tmp/a8dr-pg-afjnpgpv/repo --stanza=payesh
2026-09-22 21:15:42.884 UTC [7304] LOG:  restore point "pgBackRest Archive Check" created at 0/40000B8
2026-09-22 21:15:42.884 UTC [7304] STATEMENT:  select pg_catalog.pg_create_restore_point('pgBackRest Archive Check')::text
2026-09-22 21:15:42.939 P00   INFO: pushed WAL file '000000010000000000000003' to the archive
2026-09-22 21:15:42.939 P00   INFO: archive-push command end: completed successfully (68ms)
2026-09-22 21:15:42.945 P00   INFO: archive-push command begin 2.55.1: [pg_wal/000000010000000000000004] --config=/tmp/a8dr-pg-afjnpgpv/pbr.conf --exec-id=7306-57e93a50 --lock-path=/tmp/a8dr-pg-afjnpgpv/lock --log-level-console=info --log-path=/tmp/a8dr-pg-afjnpgpv --pg1-path=/tmp/a8dr-pg-afjnpgpv/source --repo1-path=/tmp/a8dr-pg-afjnpgpv/repo --stanza=payesh
2026-09-22 21:15:43.007 P00   INFO: pushed WAL file '000000010000000000000004' to the archive
2026-09-22 21:15:43.007 P00   INFO: archive-push command end: completed successfully (63ms)
2026-09-22 21:15:43.994 UTC [7222] LOG:  checkpoint starting: immediate force wait
2026-09-22 21:15:43.997 UTC [7222] LOG:  checkpoint complete: wrote 15 buffers (0.1%); 0 WAL file(s) added, 0 removed, 4 recycled; write=0.001 s, sync=0.001 s, total=0.004 s; sync files=11, longest=0.001 s, average=0.000 s; distance=49152 kB, estimate=49152 kB; lsn=0/5000080, redo lsn=0/5000028
2026-09-22 21:15:44.043 P00   INFO: archive-push command begin 2.55.1: [pg_wal/000000010000000000000005] --config=/tmp/a8dr-pg-afjnpgpv/pbr.conf --exec-id=7499-dcb882cd --lock-path=/tmp/a8dr-pg-afjnpgpv/lock --log-level-console=info --log-path=/tmp/a8dr-pg-afjnpgpv --pg1-path=/tmp/a8dr-pg-afjnpgpv/source --repo1-path=/tmp/a8dr-pg-afjnpgpv/repo --stanza=payesh
2026-09-22 21:15:44.106 P00   INFO: pushed WAL file '000000010000000000000005' to the archive
2026-09-22 21:15:44.106 P00   INFO: archive-push command end: completed successfully (64ms)
2026-09-22 21:15:44.112 P00   INFO: archive-push command begin 2.55.1: [pg_wal/000000010000000000000005.00000028.backup] --config=/tmp/a8dr-pg-afjnpgpv/pbr.conf --exec-id=7510-6d75d62e --lock-path=/tmp/a8dr-pg-afjnpgpv/lock --log-level-console=info --log-path=/tmp/a8dr-pg-afjnpgpv --pg1-path=/tmp/a8dr-pg-afjnpgpv/source --repo1-path=/tmp/a8dr-pg-afjnpgpv/repo --stanza=payesh
2026-09-22 21:15:44.112 P00   INFO: pushed WAL file '000000010000000000000005.00000028.backup' to the archive
2026-09-22 21:15:44.112 P00   INFO: archive-push command end: completed successfully (1ms)
2026-09-22 21:15:44.171 UTC [7221] LOG:  received immediate shutdown request
2026-09-22 21:15:44.175 UTC [7221] LOG:  database system is shut down
