2026-09-22 21:15:43.535 GMT [7353] LOG:  starting PostgreSQL 17.11 (Debian 17.11-0+deb13u1) on x86_64-pc-linux-gnu, compiled by gcc (Debian 14.2.0-19) 14.2.0, 64-bit
2026-09-22 21:15:43.535 GMT [7353] LOG:  listening on IPv6 address "::1", port 55447
2026-09-22 21:15:43.535 GMT [7353] LOG:  listening on IPv4 address "127.0.0.1", port 55447
2026-09-22 21:15:43.535 GMT [7353] LOG:  listening on Unix socket "/tmp/a8dr-pg-afjnpgpv/restore/pitr-20260922-211543-7343/run/.s.PGSQL.55447"
2026-09-22 21:15:43.537 GMT [7357] LOG:  database system was interrupted; last known up at 2026-09-22 21:15:40 GMT
2026-09-22 21:15:43.542 P00   INFO: archive-get command begin 2.55.1: [00000002.history, pg_wal/RECOVERYHISTORY] --config=/tmp/a8dr-pg-afjnpgpv/pbr.conf --exec-id=7359-f96cbaae --lock-path=/tmp/a8dr-pg-afjnpgpv/lock --log-level-console=info --log-path=/tmp/a8dr-pg-afjnpgpv --pg1-path=/tmp/a8dr-pg-afjnpgpv/source --repo1-path=/tmp/a8dr-pg-afjnpgpv/repo --stanza=payesh
2026-09-22 21:15:43.545 P00  ERROR: [032]: PostgreSQL working directory '/tmp/a8dr-pg-afjnpgpv/restore/pitr-20260922-211543-7343/data' is not the same as option pg1-path '/tmp/a8dr-pg-afjnpgpv/source'
                                    HINT: is the PostgreSQL data_directory configured the same as the pg1-path option?
2026-09-22 21:15:43.545 P00   INFO: archive-get command end: aborted with exception [032]
2026-09-22 21:15:43.546 GMT [7357] LOG:  starting backup recovery with redo LSN 0/2000028, checkpoint LSN 0/2000080, on timeline ID 1
2026-09-22 21:15:43.551 P00   INFO: archive-get command begin 2.55.1: [000000010000000000000002, pg_wal/RECOVERYXLOG] --config=/tmp/a8dr-pg-afjnpgpv/pbr.conf --exec-id=7361-b435c584 --lock-path=/tmp/a8dr-pg-afjnpgpv/lock --log-level-console=info --log-path=/tmp/a8dr-pg-afjnpgpv --pg1-path=/tmp/a8dr-pg-afjnpgpv/source --repo1-path=/tmp/a8dr-pg-afjnpgpv/repo --stanza=payesh
2026-09-22 21:15:43.554 P00  ERROR: [032]: PostgreSQL working directory '/tmp/a8dr-pg-afjnpgpv/restore/pitr-20260922-211543-7343/data' is not the same as option pg1-path '/tmp/a8dr-pg-afjnpgpv/source'
                                    HINT: is the PostgreSQL data_directory configured the same as the pg1-path option?
2026-09-22 21:15:43.554 P00   INFO: archive-get command end: aborted with exception [032]
2026-09-22 21:15:43.555 GMT [7357] LOG:  invalid checkpoint record
2026-09-22 21:15:43.555 GMT [7357] FATAL:  could not locate required checkpoint record at 0/2000080
2026-09-22 21:15:43.555 GMT [7357] HINT:  If you are restoring from a backup, touch "/tmp/a8dr-pg-afjnpgpv/restore/pitr-20260922-211543-7343/data/recovery.signal" or "/tmp/a8dr-pg-afjnpgpv/restore/pitr-20260922-211543-7343/data/standby.signal" and add required recovery options.
	If you are not restoring from a backup, try removing the file "/tmp/a8dr-pg-afjnpgpv/restore/pitr-20260922-211543-7343/data/backup_label".
	Be careful: removing "/tmp/a8dr-pg-afjnpgpv/restore/pitr-20260922-211543-7343/data/backup_label" will result in a corrupt cluster if restoring from a backup.
2026-09-22 21:15:43.556 GMT [7353] LOG:  startup process (PID 7357) exited with exit code 1
2026-09-22 21:15:43.556 GMT [7353] LOG:  terminating any other active server processes
2026-09-22 21:15:43.556 GMT [7353] LOG:  shutting down due to startup process failure
2026-09-22 21:15:43.557 GMT [7353] LOG:  database system is shut down
2026-09-22 21:15:43.646 GMT [7365] LOG:  starting PostgreSQL 17.11 (Debian 17.11-0+deb13u1) on x86_64-pc-linux-gnu, compiled by gcc (Debian 14.2.0-19) 14.2.0, 64-bit
2026-09-22 21:15:43.647 GMT [7365] LOG:  listening on IPv6 address "::1", port 55447
2026-09-22 21:15:43.647 GMT [7365] LOG:  listening on IPv4 address "127.0.0.1", port 55447
2026-09-22 21:15:43.647 GMT [7365] LOG:  listening on Unix socket "/tmp/a8dr-pg-afjnpgpv/restore/pitr-20260922-211543-7343/run/.s.PGSQL.55447"
2026-09-22 21:15:43.648 GMT [7369] LOG:  database system was interrupted; last known up at 2026-09-22 21:15:40 GMT
2026-09-22 21:15:43.653 P00   INFO: archive-get command begin 2.55.1: [00000002.history, pg_wal/RECOVERYHISTORY] --config=/tmp/a8dr-pg-afjnpgpv/pbr.conf --exec-id=7371-a44e137c --lock-path=/tmp/a8dr-pg-afjnpgpv/lock --log-level-console=info --log-path=/tmp/a8dr-pg-afjnpgpv --pg1-path=/tmp/a8dr-pg-afjnpgpv/restore/pitr-20260922-211543-7343/data --repo1-path=/tmp/a8dr-pg-afjnpgpv/repo --stanza=payesh
2026-09-22 21:15:43.654 P00   INFO: unable to find 00000002.history in the archive
2026-09-22 21:15:43.654 P00   INFO: archive-get command end: completed successfully (2ms)
2026-09-22 21:15:43.654 GMT [7369] LOG:  starting backup recovery with redo LSN 0/2000028, checkpoint LSN 0/2000080, on timeline ID 1
2026-09-22 21:15:43.660 P00   INFO: archive-get command begin 2.55.1: [000000010000000000000002, pg_wal/RECOVERYXLOG] --config=/tmp/a8dr-pg-afjnpgpv/pbr.conf --exec-id=7373-60020a6c --lock-path=/tmp/a8dr-pg-afjnpgpv/lock --log-level-console=info --log-path=/tmp/a8dr-pg-afjnpgpv --pg1-path=/tmp/a8dr-pg-afjnpgpv/restore/pitr-20260922-211543-7343/data --repo1-path=/tmp/a8dr-pg-afjnpgpv/repo --stanza=payesh
2026-09-22 21:15:43.673 P00   INFO: found 000000010000000000000002 in the repo1: 17-1 archive
2026-09-22 21:15:43.673 P00   INFO: archive-get command end: completed successfully (15ms)
2026-09-22 21:15:43.674 GMT [7369] LOG:  restored log file "000000010000000000000002" from archive
2026-09-22 21:15:43.674 GMT [7369] LOG:  starting point-in-time recovery to "arena_target"
2026-09-22 21:15:43.675 GMT [7369] LOG:  redo starts at 0/2000028
2026-09-22 21:15:43.680 P00   INFO: archive-get command begin 2.55.1: [000000010000000000000003, pg_wal/RECOVERYXLOG] --config=/tmp/a8dr-pg-afjnpgpv/pbr.conf --exec-id=7375-1edd7ec2 --lock-path=/tmp/a8dr-pg-afjnpgpv/lock --log-level-console=info --log-path=/tmp/a8dr-pg-afjnpgpv --pg1-path=/tmp/a8dr-pg-afjnpgpv/restore/pitr-20260922-211543-7343/data --repo1-path=/tmp/a8dr-pg-afjnpgpv/repo --stanza=payesh
2026-09-22 21:15:43.694 P00   INFO: found 000000010000000000000003 in the repo1: 17-1 archive
2026-09-22 21:15:43.694 P00   INFO: archive-get command end: completed successfully (15ms)
2026-09-22 21:15:43.695 GMT [7369] LOG:  restored log file "000000010000000000000003" from archive
2026-09-22 21:15:43.700 P00   INFO: archive-get command begin 2.55.1: [000000010000000000000004, pg_wal/RECOVERYXLOG] --config=/tmp/a8dr-pg-afjnpgpv/pbr.conf --exec-id=7377-03e70c9a --lock-path=/tmp/a8dr-pg-afjnpgpv/lock --log-level-console=info --log-path=/tmp/a8dr-pg-afjnpgpv --pg1-path=/tmp/a8dr-pg-afjnpgpv/restore/pitr-20260922-211543-7343/data --repo1-path=/tmp/a8dr-pg-afjnpgpv/repo --stanza=payesh
2026-09-22 21:15:43.713 P00   INFO: found 000000010000000000000004 in the repo1: 17-1 archive
2026-09-22 21:15:43.713 P00   INFO: archive-get command end: completed successfully (14ms)
2026-09-22 21:15:43.714 GMT [7369] LOG:  restored log file "000000010000000000000004" from archive
2026-09-22 21:15:43.719 P00   INFO: archive-get command begin 2.55.1: [000000010000000000000005, pg_wal/RECOVERYXLOG] --config=/tmp/a8dr-pg-afjnpgpv/pbr.conf --exec-id=7379-3a08ee23 --lock-path=/tmp/a8dr-pg-afjnpgpv/lock --log-level-console=info --log-path=/tmp/a8dr-pg-afjnpgpv --pg1-path=/tmp/a8dr-pg-afjnpgpv/restore/pitr-20260922-211543-7343/data --repo1-path=/tmp/a8dr-pg-afjnpgpv/repo --stanza=payesh
2026-09-22 21:15:43.719 P00   INFO: unable to find 000000010000000000000005 in the archive
2026-09-22 21:15:43.719 P00   INFO: archive-get command end: completed successfully (1ms)
2026-09-22 21:15:43.720 GMT [7369] LOG:  completed backup recovery with redo LSN 0/2000028 and end LSN 0/2000120
2026-09-22 21:15:43.720 GMT [7369] LOG:  consistent recovery state reached at 0/2000120
2026-09-22 21:15:43.720 GMT [7365] LOG:  database system is ready to accept read-only connections
2026-09-22 21:15:43.720 GMT [7369] LOG:  recovery stopping at restore point "arena_target", time 2026-09-22 21:15:42.84125+00
2026-09-22 21:15:43.720 GMT [7369] LOG:  redo done at 0/30003A0 system usage: CPU: user: 0.00 s, system: 0.00 s, elapsed: 0.04 s
2026-09-22 21:15:43.725 P00   INFO: archive-get command begin 2.55.1: [000000010000000000000003, pg_wal/RECOVERYXLOG] --config=/tmp/a8dr-pg-afjnpgpv/pbr.conf --exec-id=7381-2ebc7846 --lock-path=/tmp/a8dr-pg-afjnpgpv/lock --log-level-console=info --log-path=/tmp/a8dr-pg-afjnpgpv --pg1-path=/tmp/a8dr-pg-afjnpgpv/restore/pitr-20260922-211543-7343/data --repo1-path=/tmp/a8dr-pg-afjnpgpv/repo --stanza=payesh
2026-09-22 21:15:43.738 P00   INFO: found 000000010000000000000003 in the repo1: 17-1 archive
2026-09-22 21:15:43.738 P00   INFO: archive-get command end: completed successfully (14ms)
2026-09-22 21:15:43.739 GMT [7369] LOG:  restored log file "000000010000000000000003" from archive
2026-09-22 21:15:43.745 P00   INFO: archive-get command begin 2.55.1: [00000002.history, pg_wal/RECOVERYHISTORY] --config=/tmp/a8dr-pg-afjnpgpv/pbr.conf --exec-id=7385-4dcb6730 --lock-path=/tmp/a8dr-pg-afjnpgpv/lock --log-level-console=info --log-path=/tmp/a8dr-pg-afjnpgpv --pg1-path=/tmp/a8dr-pg-afjnpgpv/restore/pitr-20260922-211543-7343/data --repo1-path=/tmp/a8dr-pg-afjnpgpv/repo --stanza=payesh
2026-09-22 21:15:43.745 P00   INFO: unable to find 00000002.history in the archive
2026-09-22 21:15:43.745 P00   INFO: archive-get command end: completed successfully (1ms)
2026-09-22 21:15:43.746 GMT [7369] LOG:  selected new timeline ID: 2
2026-09-22 21:15:43.755 P00   INFO: archive-get command begin 2.55.1: [00000001.history, pg_wal/RECOVERYHISTORY] --config=/tmp/a8dr-pg-afjnpgpv/pbr.conf --exec-id=7387-9261e82b --lock-path=/tmp/a8dr-pg-afjnpgpv/lock --log-level-console=info --log-path=/tmp/a8dr-pg-afjnpgpv --pg1-path=/tmp/a8dr-pg-afjnpgpv/restore/pitr-20260922-211543-7343/data --repo1-path=/tmp/a8dr-pg-afjnpgpv/repo --stanza=payesh
2026-09-22 21:15:43.755 P00   INFO: unable to find 00000001.history in the archive
2026-09-22 21:15:43.756 P00   INFO: archive-get command end: completed successfully (2ms)
2026-09-22 21:15:43.756 GMT [7369] LOG:  archive recovery complete
2026-09-22 21:15:43.756 GMT [7367] LOG:  checkpoint starting: end-of-recovery immediate wait
2026-09-22 21:15:43.757 GMT [7367] LOG:  checkpoint complete: wrote 11 buffers (0.1%); 0 WAL file(s) added, 0 removed, 1 recycled; write=0.001 s, sync=0.001 s, total=0.001 s; sync files=0, longest=0.000 s, average=0.000 s; distance=16384 kB, estimate=16384 kB; lsn=0/3000408, redo lsn=0/3000408
2026-09-22 21:15:43.758 GMT [7365] LOG:  database system is ready to accept connections
2026-09-22 21:15:43.946 GMT [7468] ERROR:  relation "users" does not exist at character 22
2026-09-22 21:15:43.946 GMT [7468] STATEMENT:  SELECT count(*) FROM users
2026-09-22 21:15:43.951 GMT [7471] ERROR:  relation "schools" does not exist at character 22
2026-09-22 21:15:43.951 GMT [7471] STATEMENT:  SELECT count(*) FROM schools
2026-09-22 21:15:43.956 GMT [7474] ERROR:  relation "classes" does not exist at character 22
2026-09-22 21:15:43.956 GMT [7474] STATEMENT:  SELECT count(*) FROM classes
2026-09-22 21:15:43.962 GMT [7477] ERROR:  relation "grades" does not exist at character 22
2026-09-22 21:15:43.962 GMT [7477] STATEMENT:  SELECT count(*) FROM grades
2026-09-22 21:15:43.967 GMT [7480] ERROR:  relation "attendance" does not exist at character 22
2026-09-22 21:15:43.967 GMT [7480] STATEMENT:  SELECT count(*) FROM attendance
2026-09-22 21:15:43.972 GMT [7483] ERROR:  relation "users" does not exist at character 82
2026-09-22 21:15:43.972 GMT [7483] STATEMENT:  SELECT coalesce(md5(string_agg(t::text,'|' order by id)),'') FROM (SELECT * FROM users ORDER BY id LIMIT 200) t
2026-09-22 21:15:43.977 GMT [7486] ERROR:  relation "grades" does not exist at character 82
2026-09-22 21:15:43.977 GMT [7486] STATEMENT:  SELECT coalesce(md5(string_agg(t::text,'|' order by id)),'') FROM (SELECT * FROM grades ORDER BY id LIMIT 200) t
2026-09-22 21:15:43.982 GMT [7489] ERROR:  relation "attendance" does not exist at character 82
2026-09-22 21:15:43.982 GMT [7489] STATEMENT:  SELECT coalesce(md5(string_agg(t::text,'|' order by id)),'') FROM (SELECT * FROM attendance ORDER BY id LIMIT 200) t
