2026-09-22 21:16:39.143 UTC [7989] LOG:  starting PostgreSQL 17.11 (Debian 17.11-0+deb13u1) on x86_64-pc-linux-gnu, compiled by gcc (Debian 14.2.0-19) 14.2.0, 64-bit
2026-09-22 21:16:39.143 UTC [7989] LOG:  listening on Unix socket "/tmp/a8dr-pg-2txtqj7h/socket/.s.PGSQL.55448"
2026-09-22 21:16:39.145 UTC [7992] LOG:  database system was shut down at 2026-09-22 21:16:39 UTC
2026-09-22 21:16:39.147 UTC [7989] LOG:  database system is ready to accept connections
2026-09-22 21:16:39.291 UTC [7990] LOG:  checkpoint starting: immediate force wait
2026-09-22 21:16:39.296 P00   INFO: archive-push command begin 2.55.1: [pg_wal/000000010000000000000001] --config=/tmp/a8dr-pg-2txtqj7h/pbr.conf --exec-id=8006-9dffadc9 --lock-path=/tmp/a8dr-pg-2txtqj7h/lock --log-level-console=info --log-path=/tmp/a8dr-pg-2txtqj7h --pg1-path=/tmp/a8dr-pg-2txtqj7h/source --repo1-path=/tmp/a8dr-pg-2txtqj7h/repo --stanza=payesh
2026-09-22 21:16:39.301 UTC [7990] LOG:  checkpoint complete: wrote 943 buffers (5.8%); 0 WAL file(s) added, 0 removed, 0 recycled; write=0.005 s, sync=0.001 s, total=0.010 s; sync files=321, longest=0.001 s, average=0.000 s; distance=11333 kB, estimate=11333 kB; lsn=0/2000080, redo lsn=0/2000028
2026-09-22 21:16:39.571 P00   INFO: pushed WAL file '000000010000000000000001' to the archive
2026-09-22 21:16:39.571 P00   INFO: archive-push command end: completed successfully (276ms)
2026-09-22 21:16:40.704 P00   INFO: archive-push command begin 2.55.1: [pg_wal/000000010000000000000002] --config=/tmp/a8dr-pg-2txtqj7h/pbr.conf --exec-id=8023-f4a17077 --lock-path=/tmp/a8dr-pg-2txtqj7h/lock --log-level-console=info --log-path=/tmp/a8dr-pg-2txtqj7h --pg1-path=/tmp/a8dr-pg-2txtqj7h/source --repo1-path=/tmp/a8dr-pg-2txtqj7h/repo --stanza=payesh
2026-09-22 21:16:40.772 P00   INFO: pushed WAL file '000000010000000000000002' to the archive
2026-09-22 21:16:40.772 P00   INFO: archive-push command end: completed successfully (70ms)
2026-09-22 21:16:40.779 P00   INFO: archive-push command begin 2.55.1: [pg_wal/000000010000000000000002.00000028.backup] --config=/tmp/a8dr-pg-2txtqj7h/pbr.conf --exec-id=8025-27432699 --lock-path=/tmp/a8dr-pg-2txtqj7h/lock --log-level-console=info --log-path=/tmp/a8dr-pg-2txtqj7h --pg1-path=/tmp/a8dr-pg-2txtqj7h/source --repo1-path=/tmp/a8dr-pg-2txtqj7h/repo --stanza=payesh
2026-09-22 21:16:40.779 P00   INFO: pushed WAL file '000000010000000000000002.00000028.backup' to the archive
2026-09-22 21:16:40.779 P00   INFO: archive-push command end: completed successfully (1ms)
2026-09-22 21:16:40.841 UTC [8030] LOG:  restore point "arena_target" created at 0/3000430
2026-09-22 21:16:40.841 UTC [8030] STATEMENT:  SELECT pg_create_restore_point('arena_target')
2026-09-22 21:16:40.864 P00   INFO: archive-push command begin 2.55.1: [pg_wal/000000010000000000000003] --config=/tmp/a8dr-pg-2txtqj7h/pbr.conf --exec-id=8036-2710340e --lock-path=/tmp/a8dr-pg-2txtqj7h/lock --log-level-console=info --log-path=/tmp/a8dr-pg-2txtqj7h --pg1-path=/tmp/a8dr-pg-2txtqj7h/source --repo1-path=/tmp/a8dr-pg-2txtqj7h/repo --stanza=payesh
2026-09-22 21:16:40.875 UTC [8038] LOG:  restore point "pgBackRest Archive Check" created at 0/40000B8
2026-09-22 21:16:40.875 UTC [8038] STATEMENT:  select pg_catalog.pg_create_restore_point('pgBackRest Archive Check')::text
2026-09-22 21:16:40.929 P00   INFO: pushed WAL file '000000010000000000000003' to the archive
2026-09-22 21:16:40.929 P00   INFO: archive-push command end: completed successfully (66ms)
2026-09-22 21:16:40.935 P00   INFO: archive-push command begin 2.55.1: [pg_wal/000000010000000000000004] --config=/tmp/a8dr-pg-2txtqj7h/pbr.conf --exec-id=8040-f0cda445 --lock-path=/tmp/a8dr-pg-2txtqj7h/lock --log-level-console=info --log-path=/tmp/a8dr-pg-2txtqj7h --pg1-path=/tmp/a8dr-pg-2txtqj7h/source --repo1-path=/tmp/a8dr-pg-2txtqj7h/repo --stanza=payesh
2026-09-22 21:16:40.998 P00   INFO: pushed WAL file '000000010000000000000004' to the archive
2026-09-22 21:16:40.998 P00   INFO: archive-push command end: completed successfully (64ms)
2026-09-22 21:16:42.010 UTC [7990] LOG:  checkpoint starting: immediate force wait
2026-09-22 21:16:42.014 UTC [7990] LOG:  checkpoint complete: wrote 15 buffers (0.1%); 0 WAL file(s) added, 0 removed, 4 recycled; write=0.001 s, sync=0.001 s, total=0.004 s; sync files=11, longest=0.001 s, average=0.000 s; distance=49152 kB, estimate=49152 kB; lsn=0/5000080, redo lsn=0/5000028
2026-09-22 21:16:42.068 P00   INFO: archive-push command begin 2.55.1: [pg_wal/000000010000000000000005] --config=/tmp/a8dr-pg-2txtqj7h/pbr.conf --exec-id=8207-7fefd9f3 --lock-path=/tmp/a8dr-pg-2txtqj7h/lock --log-level-console=info --log-path=/tmp/a8dr-pg-2txtqj7h --pg1-path=/tmp/a8dr-pg-2txtqj7h/source --repo1-path=/tmp/a8dr-pg-2txtqj7h/repo --stanza=payesh
2026-09-22 21:16:42.144 P00   INFO: pushed WAL file '000000010000000000000005' to the archive
2026-09-22 21:16:42.144 P00   INFO: archive-push command end: completed successfully (78ms)
2026-09-22 21:16:42.151 P00   INFO: archive-push command begin 2.55.1: [pg_wal/000000010000000000000005.00000028.backup] --config=/tmp/a8dr-pg-2txtqj7h/pbr.conf --exec-id=8218-e91bd397 --lock-path=/tmp/a8dr-pg-2txtqj7h/lock --log-level-console=info --log-path=/tmp/a8dr-pg-2txtqj7h --pg1-path=/tmp/a8dr-pg-2txtqj7h/source --repo1-path=/tmp/a8dr-pg-2txtqj7h/repo --stanza=payesh
2026-09-22 21:16:42.151 P00   INFO: pushed WAL file '000000010000000000000005.00000028.backup' to the archive
2026-09-22 21:16:42.151 P00   INFO: archive-push command end: completed successfully (1ms)
2026-09-22 21:16:42.191 UTC [7989] LOG:  received immediate shutdown request
2026-09-22 21:16:42.195 UTC [7989] LOG:  database system is shut down
