2026-09-23 11:26:34.362 UTC [22117] LOG:  starting PostgreSQL 17.11 (Debian 17.11-0+deb13u1) on x86_64-pc-linux-gnu, compiled by gcc (Debian 14.2.0-19) 14.2.0, 64-bit
2026-09-23 11:26:34.362 UTC [22117] LOG:  listening on Unix socket "/var/tmp/a8c-pg-6sqt9gko/standby-socket/.s.PGSQL.25312"
2026-09-23 11:26:34.366 UTC [22121] LOG:  database system was interrupted; last known up at 2026-09-23 11:26:34 UTC
2026-09-23 11:26:34.374 UTC [22121] LOG:  starting backup recovery with redo LSN 0/5000028, checkpoint LSN 0/5000080, on timeline ID 1
2026-09-23 11:26:34.374 UTC [22121] LOG:  entering standby mode
2026-09-23 11:26:34.375 UTC [22121] LOG:  redo starts at 0/5000028
2026-09-23 11:26:34.376 UTC [22121] LOG:  completed backup recovery with redo LSN 0/5000028 and end LSN 0/5000120
2026-09-23 11:26:34.376 UTC [22121] LOG:  consistent recovery state reached at 0/5000120
2026-09-23 11:26:34.376 UTC [22117] LOG:  database system is ready to accept read-only connections
2026-09-23 11:26:34.381 UTC [22122] LOG:  started streaming WAL from primary at 0/6000000 on timeline 1
2026-09-23 11:26:34.556 UTC [22122] FATAL:  could not receive data from WAL stream: server closed the connection unexpectedly
		This probably means the server terminated abnormally
		before or while processing the request.
2026-09-23 11:26:34.557 UTC [22121] LOG:  invalid record length at 0/60009F8: expected at least 24, got 0
2026-09-23 11:26:34.561 UTC [22158] FATAL:  could not connect to the primary server: connection to server on socket "/var/tmp/a8c-pg-6sqt9gko/socket/.s.PGSQL.25310" failed: server closed the connection unexpectedly
		This probably means the server terminated abnormally
		before or while processing the request.
2026-09-23 11:26:34.561 UTC [22121] LOG:  waiting for WAL to become available at 0/6000A10
2026-09-23 11:26:39.564 UTC [22658] FATAL:  could not connect to the primary server: connection to server on socket "/var/tmp/a8c-pg-6sqt9gko/socket/.s.PGSQL.25310" failed: No such file or directory
		Is the server running locally and accepting connections on that socket?
2026-09-23 11:26:39.564 UTC [22121] LOG:  waiting for WAL to become available at 0/6000A10
2026-09-23 11:26:44.563 UTC [22893] FATAL:  could not connect to the primary server: connection to server on socket "/var/tmp/a8c-pg-6sqt9gko/socket/.s.PGSQL.25310" failed: No such file or directory
		Is the server running locally and accepting connections on that socket?
2026-09-23 11:26:44.563 UTC [22121] LOG:  waiting for WAL to become available at 0/6000A10
2026-09-23 11:26:44.797 UTC [22121] LOG:  received promote request
2026-09-23 11:26:44.797 UTC [22121] LOG:  redo done at 0/60009D0 system usage: CPU: user: 0.00 s, system: 0.00 s, elapsed: 10.42 s
2026-09-23 11:26:44.798 UTC [22121] LOG:  last completed transaction was at log time 2026-09-23 11:26:34.518938+00
2026-09-23 11:26:44.799 UTC [22121] LOG:  selected new timeline ID: 2
2026-09-23 11:26:44.860 UTC [22121] LOG:  archive recovery complete
2026-09-23 11:26:44.861 UTC [22119] LOG:  checkpoint starting: force
2026-09-23 11:26:44.869 UTC [22117] LOG:  database system is ready to accept connections
2026-09-23 11:26:45.069 UTC [22119] LOG:  checkpoint complete: wrote 5 buffers (0.0%); 0 WAL file(s) added, 0 removed, 1 recycled; write=0.203 s, sync=0.002 s, total=0.208 s; sync files=4, longest=0.001 s, average=0.001 s; distance=16386 kB, estimate=16386 kB; lsn=0/6000EC0, redo lsn=0/6000A30
