-------------------PROCESS START-------------------
2026-09-23 11:26:25.321 P00   INFO: restore command begin 2.55.1: --config=/var/tmp/a8c-pg-6sqt9gko/pbr.conf --exec-id=21776-1c8cc0f5 --lock-path=/var/tmp/a8c-pg-6sqt9gko/lock --log-path=/var/tmp/a8c-pg-6sqt9gko --pg1-path=/var/tmp/a8c-pg-6sqt9gko/named/pitr-YM0kvY0W/data --repo1-path=/var/tmp/a8c-pg-6sqt9gko/repo --spool-path=/var/tmp/a8c-pg-6sqt9gko/spool --stanza=payesh --target=arena_committed --target-action=promote --type=name
2026-09-23 11:26:25.333 P00   INFO: repo1: restore backup set 20260923-112620F, recovery will start at 2026-09-23 11:26:20
2026-09-23 11:26:25.333 P00   INFO: remap data directory to '/var/tmp/a8c-pg-6sqt9gko/named/pitr-YM0kvY0W/data'
2026-09-23 11:26:26.608 P00   INFO: write updated /var/tmp/a8c-pg-6sqt9gko/named/pitr-YM0kvY0W/data/postgresql.auto.conf
2026-09-23 11:26:26.612 P00   INFO: restore global/pg_control (performed last to ensure aborted restores cannot be started)
2026-09-23 11:26:26.612 P00   INFO: restore size = 29.5MB, file total = 1284
2026-09-23 11:26:26.613 P00   INFO: restore command end: completed successfully (1295ms)

-------------------PROCESS START-------------------
2026-09-23 11:26:28.550 P00   INFO: restore command begin 2.55.1: --config=/var/tmp/a8c-pg-6sqt9gko/pbr.conf --exec-id=21917-6117aa70 --lock-path=/var/tmp/a8c-pg-6sqt9gko/lock --log-path=/var/tmp/a8c-pg-6sqt9gko --pg1-path=/var/tmp/a8c-pg-6sqt9gko/time/pitr-6JzfawTe/data --repo1-path=/var/tmp/a8c-pg-6sqt9gko/repo --spool-path=/var/tmp/a8c-pg-6sqt9gko/spool --stanza=payesh --target="2026-09-23 11:26:24.891005+00" --target-action=promote --type=time
2026-09-23 11:26:28.557 P00   INFO: repo1: restore backup set 20260923-112620F, recovery will start at 2026-09-23 11:26:20
2026-09-23 11:26:28.557 P00   INFO: remap data directory to '/var/tmp/a8c-pg-6sqt9gko/time/pitr-6JzfawTe/data'
2026-09-23 11:26:29.741 P00   INFO: write updated /var/tmp/a8c-pg-6sqt9gko/time/pitr-6JzfawTe/data/postgresql.auto.conf
2026-09-23 11:26:29.744 P00   INFO: restore global/pg_control (performed last to ensure aborted restores cannot be started)
2026-09-23 11:26:29.745 P00   INFO: restore size = 29.5MB, file total = 1284
2026-09-23 11:26:29.745 P00   INFO: restore command end: completed successfully (1197ms)

-------------------PROCESS START-------------------
2026-09-23 11:26:31.332 P00   INFO: restore command begin 2.55.1: --config=/var/tmp/a8c-pg-6sqt9gko/pbr.conf --exec-id=22014-452e6415 --lock-path=/var/tmp/a8c-pg-6sqt9gko/lock --log-path=/var/tmp/a8c-pg-6sqt9gko --pg1-path=/var/tmp/a8c-pg-6sqt9gko/latest/pitr-q8GZqdtd/data --repo1-path=/var/tmp/a8c-pg-6sqt9gko/repo --spool-path=/var/tmp/a8c-pg-6sqt9gko/spool --stanza=payesh --type=default
2026-09-23 11:26:31.338 P00   INFO: repo1: restore backup set 20260923-112620F, recovery will start at 2026-09-23 11:26:20
2026-09-23 11:26:31.338 P00   INFO: remap data directory to '/var/tmp/a8c-pg-6sqt9gko/latest/pitr-q8GZqdtd/data'
2026-09-23 11:26:32.523 P00   INFO: write updated /var/tmp/a8c-pg-6sqt9gko/latest/pitr-q8GZqdtd/data/postgresql.auto.conf
2026-09-23 11:26:32.526 P00   INFO: restore global/pg_control (performed last to ensure aborted restores cannot be started)
2026-09-23 11:26:32.526 P00   INFO: restore size = 29.5MB, file total = 1284
2026-09-23 11:26:32.527 P00   INFO: restore command end: completed successfully (1197ms)

-------------------PROCESS START-------------------
2026-09-23 11:26:45.456 P00   INFO: restore command begin 2.55.1: --config=/var/tmp/a8c-pg-6sqt9gko/pbr.conf --exec-id=22927-b67dd7d6 --lock-path=/var/tmp/a8c-pg-6sqt9gko/lock --log-path=/var/tmp/a8c-pg-6sqt9gko --pg1-path=/var/tmp/a8c-pg-6sqt9gko/corrupt-target --repo1-path=/var/tmp/a8c-pg-6sqt9gko/repo --spool-path=/var/tmp/a8c-pg-6sqt9gko/spool --stanza=payesh --type=immediate
2026-09-23 11:26:45.474 P00   INFO: repo1: restore backup set 20260923-112620F, recovery will start at 2026-09-23 11:26:20
2026-09-23 11:26:45.474 P00   INFO: remap data directory to '/var/tmp/a8c-pg-6sqt9gko/corrupt-target'
2026-09-23 11:27:00.562 P00  ERROR: [029]: raised from local-1 protocol: zlib threw error: [-3] data error
                                        [FormatError] on 2 retries from 6-15007ms: zlib threw error: [-3] data error
2026-09-23 11:27:00.563 P00   INFO: restore command end: aborted with exception [029]
