2026-09-23 11:26:26.662 GMT [21828] LOG:  starting PostgreSQL 17.11 (Debian 17.11-0+deb13u1) on x86_64-pc-linux-gnu, compiled by gcc (Debian 14.2.0-19) 14.2.0, 64-bit
2026-09-23 11:26:26.662 GMT [21828] LOG:  listening on IPv6 address "::1", port 25311
2026-09-23 11:26:26.662 GMT [21828] LOG:  listening on IPv4 address "127.0.0.1", port 25311
2026-09-23 11:26:26.663 GMT [21828] LOG:  listening on Unix socket "/var/tmp/a8c-pg-6sqt9gko/named/pitr-YM0kvY0W/run/.s.PGSQL.25311"
2026-09-23 11:26:26.666 GMT [21833] LOG:  database system was interrupted; last known up at 2026-09-23 11:26:20 GMT
2026-09-23 11:26:26.684 GMT [21833] LOG:  starting backup recovery with redo LSN 0/2000028, checkpoint LSN 0/2000080, on timeline ID 1
2026-09-23 11:26:26.740 GMT [21833] LOG:  restored log file "000000010000000000000002" from archive
2026-09-23 11:26:26.747 GMT [21833] LOG:  starting point-in-time recovery to "arena_committed"
2026-09-23 11:26:26.749 GMT [21833] LOG:  redo starts at 0/2000028
2026-09-23 11:26:26.804 GMT [21833] LOG:  restored log file "000000010000000000000003" from archive
2026-09-23 11:26:26.862 GMT [21833] LOG:  restored log file "000000010000000000000004" from archive
2026-09-23 11:26:26.884 GMT [21833] LOG:  completed backup recovery with redo LSN 0/2000028 and end LSN 0/2000120
2026-09-23 11:26:26.884 GMT [21833] LOG:  consistent recovery state reached at 0/2000120
2026-09-23 11:26:26.884 GMT [21828] LOG:  database system is ready to accept read-only connections
2026-09-23 11:26:26.884 GMT [21833] LOG:  recovery stopping at restore point "arena_committed", time 2026-09-23 11:26:24.90144+00
2026-09-23 11:26:26.884 GMT [21833] LOG:  redo done at 0/30003D8 system usage: CPU: user: 0.00 s, system: 0.00 s, elapsed: 0.13 s
2026-09-23 11:26:26.884 GMT [21833] LOG:  last completed transaction was at log time 2026-09-23 11:26:24.79947+00
2026-09-23 11:26:26.948 GMT [21833] LOG:  restored log file "000000010000000000000003" from archive
2026-09-23 11:26:26.972 GMT [21833] LOG:  selected new timeline ID: 2
2026-09-23 11:26:27.004 GMT [21833] LOG:  archive recovery complete
2026-09-23 11:26:27.004 GMT [21831] LOG:  checkpoint starting: end-of-recovery immediate wait
2026-09-23 11:26:27.009 GMT [21831] LOG:  checkpoint complete: wrote 5 buffers (0.0%); 0 WAL file(s) added, 0 removed, 1 recycled; write=0.002 s, sync=0.001 s, total=0.006 s; sync files=4, longest=0.001 s, average=0.001 s; distance=16385 kB, estimate=16385 kB; lsn=0/3000440, redo lsn=0/3000440
2026-09-23 11:26:27.012 GMT [21828] LOG:  database system is ready to accept connections
2026-09-23 11:26:28.159 GMT [21828] LOG:  received immediate shutdown request
2026-09-23 11:26:28.162 GMT [21828] LOG:  database system is shut down
