2026-09-23 11:26:32.582 GMT [22047] LOG:  starting PostgreSQL 17.11 (Debian 17.11-0+deb13u1) on x86_64-pc-linux-gnu, compiled by gcc (Debian 14.2.0-19) 14.2.0, 64-bit
2026-09-23 11:26:32.582 GMT [22047] LOG:  listening on IPv6 address "::1", port 25311
2026-09-23 11:26:32.582 GMT [22047] LOG:  listening on IPv4 address "127.0.0.1", port 25311
2026-09-23 11:26:32.583 GMT [22047] LOG:  listening on Unix socket "/var/tmp/a8c-pg-6sqt9gko/latest/pitr-q8GZqdtd/run/.s.PGSQL.25311"
2026-09-23 11:26:32.586 GMT [22052] LOG:  database system was interrupted; last known up at 2026-09-23 11:26:20 GMT
2026-09-23 11:26:32.602 GMT [22052] LOG:  starting backup recovery with redo LSN 0/2000028, checkpoint LSN 0/2000080, on timeline ID 1
2026-09-23 11:26:32.661 GMT [22052] LOG:  restored log file "000000010000000000000002" from archive
2026-09-23 11:26:32.671 GMT [22052] LOG:  starting archive recovery
2026-09-23 11:26:32.673 GMT [22052] LOG:  redo starts at 0/2000028
2026-09-23 11:26:32.726 GMT [22052] LOG:  restored log file "000000010000000000000003" from archive
2026-09-23 11:26:32.837 GMT [22052] LOG:  restored log file "000000010000000000000004" from archive
2026-09-23 11:26:32.880 GMT [22052] LOG:  completed backup recovery with redo LSN 0/2000028 and end LSN 0/2000120
2026-09-23 11:26:32.880 GMT [22052] LOG:  consistent recovery state reached at 0/2000120
2026-09-23 11:26:32.880 GMT [22047] LOG:  database system is ready to accept read-only connections
2026-09-23 11:26:32.894 GMT [22052] LOG:  redo done at 0/40000B8 system usage: CPU: user: 0.00 s, system: 0.00 s, elapsed: 0.22 s
2026-09-23 11:26:32.894 GMT [22052] LOG:  last completed transaction was at log time 2026-09-23 11:26:24.92583+00
2026-09-23 11:26:32.960 GMT [22052] LOG:  restored log file "000000010000000000000004" from archive
2026-09-23 11:26:33.025 GMT [22052] LOG:  selected new timeline ID: 2
2026-09-23 11:26:33.057 GMT [22052] LOG:  archive recovery complete
2026-09-23 11:26:33.058 GMT [22050] LOG:  checkpoint starting: end-of-recovery immediate wait
2026-09-23 11:26:33.063 GMT [22050] LOG:  checkpoint complete: wrote 5 buffers (0.0%); 0 WAL file(s) added, 0 removed, 3 recycled; write=0.002 s, sync=0.001 s, total=0.006 s; sync files=4, longest=0.001 s, average=0.001 s; distance=49152 kB, estimate=49152 kB; lsn=0/5000028, redo lsn=0/5000028
2026-09-23 11:26:33.067 GMT [22047] LOG:  database system is ready to accept connections
