-------------------PROCESS START-------------------
2026-09-23 11:28:37.534 P00   INFO: restore command begin 2.55.1: --config=/var/tmp/a8c-pg-jtza4blr/pbr.conf --exec-id=28303-94e5e6f3 --lock-path=/var/tmp/a8c-pg-jtza4blr/lock --log-path=/var/tmp/a8c-pg-jtza4blr --pg1-path=/var/tmp/a8c-pg-jtza4blr/named/pitr-e7YLNkYV/data --repo1-path=/var/tmp/a8c-pg-jtza4blr/repo --spool-path=/var/tmp/a8c-pg-jtza4blr/spool --stanza=payesh --target=arena_committed --target-action=promote --type=name
2026-09-23 11:28:37.545 P00   INFO: repo1: restore backup set 20260923-112832F, recovery will start at 2026-09-23 11:28:32
2026-09-23 11:28:37.545 P00   INFO: remap data directory to '/var/tmp/a8c-pg-jtza4blr/named/pitr-e7YLNkYV/data'
2026-09-23 11:28:38.912 P00   INFO: write updated /var/tmp/a8c-pg-jtza4blr/named/pitr-e7YLNkYV/data/postgresql.auto.conf
2026-09-23 11:28:38.916 P00   INFO: restore global/pg_control (performed last to ensure aborted restores cannot be started)
2026-09-23 11:28:38.916 P00   INFO: restore size = 29.5MB, file total = 1284
2026-09-23 11:28:38.917 P00   INFO: restore command end: completed successfully (1385ms)

-------------------PROCESS START-------------------
2026-09-23 11:28:40.908 P00   INFO: restore command begin 2.55.1: --config=/var/tmp/a8c-pg-jtza4blr/pbr.conf --exec-id=28556-4d55f2a2 --lock-path=/var/tmp/a8c-pg-jtza4blr/lock --log-path=/var/tmp/a8c-pg-jtza4blr --pg1-path=/var/tmp/a8c-pg-jtza4blr/time/pitr-ZhQqtjX8/data --repo1-path=/var/tmp/a8c-pg-jtza4blr/repo --spool-path=/var/tmp/a8c-pg-jtza4blr/spool --stanza=payesh --target="2026-09-23 11:28:37.092554+00" --target-action=promote --type=time
2026-09-23 11:28:40.916 P00   INFO: repo1: restore backup set 20260923-112832F, recovery will start at 2026-09-23 11:28:32
2026-09-23 11:28:40.916 P00   INFO: remap data directory to '/var/tmp/a8c-pg-jtza4blr/time/pitr-ZhQqtjX8/data'
2026-09-23 11:28:42.052 P00   INFO: write updated /var/tmp/a8c-pg-jtza4blr/time/pitr-ZhQqtjX8/data/postgresql.auto.conf
2026-09-23 11:28:42.055 P00   INFO: restore global/pg_control (performed last to ensure aborted restores cannot be started)
2026-09-23 11:28:42.055 P00   INFO: restore size = 29.5MB, file total = 1284
2026-09-23 11:28:42.055 P00   INFO: restore command end: completed successfully (1149ms)

-------------------PROCESS START-------------------
2026-09-23 11:28:43.653 P00   INFO: restore command begin 2.55.1: --config=/var/tmp/a8c-pg-jtza4blr/pbr.conf --exec-id=28739-b8fcb499 --lock-path=/var/tmp/a8c-pg-jtza4blr/lock --log-path=/var/tmp/a8c-pg-jtza4blr --pg1-path=/var/tmp/a8c-pg-jtza4blr/latest/pitr-kiqw7usc/data --repo1-path=/var/tmp/a8c-pg-jtza4blr/repo --spool-path=/var/tmp/a8c-pg-jtza4blr/spool --stanza=payesh --type=default
2026-09-23 11:28:43.660 P00   INFO: repo1: restore backup set 20260923-112832F, recovery will start at 2026-09-23 11:28:32
2026-09-23 11:28:43.660 P00   INFO: remap data directory to '/var/tmp/a8c-pg-jtza4blr/latest/pitr-kiqw7usc/data'
2026-09-23 11:28:44.783 P00   INFO: write updated /var/tmp/a8c-pg-jtza4blr/latest/pitr-kiqw7usc/data/postgresql.auto.conf
2026-09-23 11:28:44.787 P00   INFO: restore global/pg_control (performed last to ensure aborted restores cannot be started)
2026-09-23 11:28:44.787 P00   INFO: restore size = 29.5MB, file total = 1284
2026-09-23 11:28:44.788 P00   INFO: restore command end: completed successfully (1136ms)

-------------------PROCESS START-------------------
2026-09-23 11:28:57.427 P00   INFO: restore command begin 2.55.1: --config=/var/tmp/a8c-pg-jtza4blr/pbr.conf --exec-id=29514-c67f09e0 --lock-path=/var/tmp/a8c-pg-jtza4blr/lock --log-path=/var/tmp/a8c-pg-jtza4blr --pg1-path=/var/tmp/a8c-pg-jtza4blr/corrupt-target --repo1-path=/var/tmp/a8c-pg-jtza4blr/repo --spool-path=/var/tmp/a8c-pg-jtza4blr/spool --stanza=payesh --type=immediate
2026-09-23 11:28:57.435 P00   INFO: repo1: restore backup set 20260923-112832F, recovery will start at 2026-09-23 11:28:32
2026-09-23 11:28:57.435 P00   INFO: remap data directory to '/var/tmp/a8c-pg-jtza4blr/corrupt-target'
2026-09-23 11:29:12.491 P00  ERROR: [029]: raised from local-1 protocol: zlib threw error: [-3] data error
                                        [FormatError] on 2 retries from 5-15005ms: zlib threw error: [-3] data error
2026-09-23 11:29:12.491 P00   INFO: restore command end: aborted with exception [029]
