2026-09-23 11:28:42.102 GMT [28632] LOG:  starting PostgreSQL 17.11 (Debian 17.11-0+deb13u1) on x86_64-pc-linux-gnu, compiled by gcc (Debian 14.2.0-19) 14.2.0, 64-bit
2026-09-23 11:28:42.102 GMT [28632] LOG:  listening on IPv6 address "::1", port 25331
2026-09-23 11:28:42.102 GMT [28632] LOG:  listening on IPv4 address "127.0.0.1", port 25331
2026-09-23 11:28:42.103 GMT [28632] LOG:  listening on Unix socket "/var/tmp/a8c-pg-jtza4blr/time/pitr-ZhQqtjX8/run/.s.PGSQL.25331"
2026-09-23 11:28:42.105 GMT [28636] LOG:  database system was interrupted; last known up at 2026-09-23 11:28:32 GMT
2026-09-23 11:28:42.120 GMT [28636] LOG:  starting backup recovery with redo LSN 0/2000028, checkpoint LSN 0/2000080, on timeline ID 1
2026-09-23 11:28:42.180 GMT [28636] LOG:  restored log file "000000010000000000000002" from archive
2026-09-23 11:28:42.186 GMT [28636] LOG:  starting point-in-time recovery to 2026-09-23 11:28:37.092554+00
2026-09-23 11:28:42.188 GMT [28636] LOG:  redo starts at 0/2000028
2026-09-23 11:28:42.241 GMT [28636] LOG:  restored log file "000000010000000000000003" from archive
2026-09-23 11:28:42.310 GMT [28636] LOG:  restored log file "000000010000000000000004" from archive
2026-09-23 11:28:42.327 GMT [28636] LOG:  completed backup recovery with redo LSN 0/2000028 and end LSN 0/2000120
2026-09-23 11:28:42.327 GMT [28636] LOG:  consistent recovery state reached at 0/2000120
2026-09-23 11:28:42.327 GMT [28636] LOG:  recovery stopping before commit of transaction 741, time 2026-09-23 11:28:37.126292+00
2026-09-23 11:28:42.327 GMT [28636] LOG:  redo done at 0/4000028 system usage: CPU: user: 0.00 s, system: 0.00 s, elapsed: 0.13 s
2026-09-23 11:28:42.327 GMT [28636] LOG:  last completed transaction was at log time 2026-09-23 11:28:37.003345+00
2026-09-23 11:28:42.327 GMT [28632] LOG:  database system is ready to accept read-only connections
2026-09-23 11:28:42.390 GMT [28636] LOG:  restored log file "000000010000000000000003" from archive
2026-09-23 11:28:42.407 GMT [28636] LOG:  selected new timeline ID: 2
2026-09-23 11:28:42.435 GMT [28636] LOG:  archive recovery complete
2026-09-23 11:28:42.436 GMT [28634] LOG:  checkpoint starting: end-of-recovery immediate wait
2026-09-23 11:28:42.441 GMT [28634] LOG:  checkpoint complete: wrote 5 buffers (0.0%); 0 WAL file(s) added, 0 removed, 2 recycled; write=0.002 s, sync=0.001 s, total=0.006 s; sync files=4, longest=0.001 s, average=0.001 s; distance=32768 kB, estimate=32768 kB; lsn=0/4000028, redo lsn=0/4000028
2026-09-23 11:28:42.443 GMT [28632] LOG:  database system is ready to accept connections
2026-09-23 11:28:43.484 GMT [28632] LOG:  received fast shutdown request
2026-09-23 11:28:43.485 GMT [28632] LOG:  aborting any active transactions
2026-09-23 11:28:43.488 GMT [28632] LOG:  background worker "logical replication launcher" (PID 28665) exited with exit code 1
2026-09-23 11:28:43.488 GMT [28634] LOG:  shutting down
2026-09-23 11:28:43.489 GMT [28634] LOG:  checkpoint starting: shutdown immediate
2026-09-23 11:28:43.493 GMT [28634] LOG:  checkpoint complete: wrote 14 buffers (0.1%); 0 WAL file(s) added, 0 removed, 0 recycled; write=0.001 s, sync=0.002 s, total=0.005 s; sync files=10, longest=0.002 s, average=0.001 s; distance=0 kB, estimate=29491 kB; lsn=0/40000A0, redo lsn=0/40000A0
2026-09-23 11:28:43.498 GMT [28632] LOG:  database system is shut down
