-------------------PROCESS START-------------------
2026-09-23 11:29:21.305 P00   INFO: restore command begin 2.55.1: --config=/var/tmp/a8c-pg-vxvzh5f_/pbr.conf --exec-id=30949-b8337163 --lock-path=/var/tmp/a8c-pg-vxvzh5f_/lock --log-path=/var/tmp/a8c-pg-vxvzh5f_ --pg1-path=/var/tmp/a8c-pg-vxvzh5f_/named/pitr-wnzrdS61/data --repo1-path=/var/tmp/a8c-pg-vxvzh5f_/repo --spool-path=/var/tmp/a8c-pg-vxvzh5f_/spool --stanza=payesh --target=arena_committed --target-action=promote --type=name
2026-09-23 11:29:21.312 P00   INFO: repo1: restore backup set 20260923-112916F, recovery will start at 2026-09-23 11:29:16
2026-09-23 11:29:21.312 P00   INFO: remap data directory to '/var/tmp/a8c-pg-vxvzh5f_/named/pitr-wnzrdS61/data'
2026-09-23 11:29:22.391 P00   INFO: write updated /var/tmp/a8c-pg-vxvzh5f_/named/pitr-wnzrdS61/data/postgresql.auto.conf
2026-09-23 11:29:22.394 P00   INFO: restore global/pg_control (performed last to ensure aborted restores cannot be started)
2026-09-23 11:29:22.394 P00   INFO: restore size = 29.5MB, file total = 1284
2026-09-23 11:29:22.394 P00   INFO: restore command end: completed successfully (1091ms)

-------------------PROCESS START-------------------
2026-09-23 11:29:24.314 P00   INFO: restore command begin 2.55.1: --config=/var/tmp/a8c-pg-vxvzh5f_/pbr.conf --exec-id=31199-58c6e4fa --lock-path=/var/tmp/a8c-pg-vxvzh5f_/lock --log-path=/var/tmp/a8c-pg-vxvzh5f_ --pg1-path=/var/tmp/a8c-pg-vxvzh5f_/time/pitr-0y87oghV/data --repo1-path=/var/tmp/a8c-pg-vxvzh5f_/repo --spool-path=/var/tmp/a8c-pg-vxvzh5f_/spool --stanza=payesh --target="2026-09-23 11:29:20.876143+00" --target-action=promote --type=time
2026-09-23 11:29:24.321 P00   INFO: repo1: restore backup set 20260923-112916F, recovery will start at 2026-09-23 11:29:16
2026-09-23 11:29:24.321 P00   INFO: remap data directory to '/var/tmp/a8c-pg-vxvzh5f_/time/pitr-0y87oghV/data'
2026-09-23 11:29:25.389 P00   INFO: write updated /var/tmp/a8c-pg-vxvzh5f_/time/pitr-0y87oghV/data/postgresql.auto.conf
2026-09-23 11:29:25.392 P00   INFO: restore global/pg_control (performed last to ensure aborted restores cannot be started)
2026-09-23 11:29:25.392 P00   INFO: restore size = 29.5MB, file total = 1284
2026-09-23 11:29:25.393 P00   INFO: restore command end: completed successfully (1080ms)

-------------------PROCESS START-------------------
2026-09-23 11:29:26.969 P00   INFO: restore command begin 2.55.1: --config=/var/tmp/a8c-pg-vxvzh5f_/pbr.conf --exec-id=31381-3ce3180f --lock-path=/var/tmp/a8c-pg-vxvzh5f_/lock --log-path=/var/tmp/a8c-pg-vxvzh5f_ --pg1-path=/var/tmp/a8c-pg-vxvzh5f_/latest/pitr-c3GnJNpX/data --repo1-path=/var/tmp/a8c-pg-vxvzh5f_/repo --spool-path=/var/tmp/a8c-pg-vxvzh5f_/spool --stanza=payesh --type=default
2026-09-23 11:29:26.976 P00   INFO: repo1: restore backup set 20260923-112916F, recovery will start at 2026-09-23 11:29:16
2026-09-23 11:29:26.976 P00   INFO: remap data directory to '/var/tmp/a8c-pg-vxvzh5f_/latest/pitr-c3GnJNpX/data'
2026-09-23 11:29:28.044 P00   INFO: write updated /var/tmp/a8c-pg-vxvzh5f_/latest/pitr-c3GnJNpX/data/postgresql.auto.conf
2026-09-23 11:29:28.046 P00   INFO: restore global/pg_control (performed last to ensure aborted restores cannot be started)
2026-09-23 11:29:28.047 P00   INFO: restore size = 29.5MB, file total = 1284
2026-09-23 11:29:28.047 P00   INFO: restore command end: completed successfully (1080ms)

-------------------PROCESS START-------------------
2026-09-23 11:29:39.718 P00   INFO: restore command begin 2.55.1: --config=/var/tmp/a8c-pg-vxvzh5f_/pbr.conf --exec-id=32100-d475d51a --lock-path=/var/tmp/a8c-pg-vxvzh5f_/lock --log-path=/var/tmp/a8c-pg-vxvzh5f_ --pg1-path=/var/tmp/a8c-pg-vxvzh5f_/corrupt-target --repo1-path=/var/tmp/a8c-pg-vxvzh5f_/repo --spool-path=/var/tmp/a8c-pg-vxvzh5f_/spool --stanza=payesh --type=immediate
2026-09-23 11:29:39.725 P00   INFO: repo1: restore backup set 20260923-112916F, recovery will start at 2026-09-23 11:29:16
2026-09-23 11:29:39.725 P00   INFO: remap data directory to '/var/tmp/a8c-pg-vxvzh5f_/corrupt-target'
2026-09-23 11:29:54.780 P00  ERROR: [029]: raised from local-1 protocol: zlib threw error: [-3] data error
                                        [FormatError] on 2 retries from 6-15006ms: zlib threw error: [-3] data error
2026-09-23 11:29:54.780 P00   INFO: restore command end: aborted with exception [029]
