2026-09-23 11:29:25.435 GMT [31239] LOG:  starting PostgreSQL 17.11 (Debian 17.11-0+deb13u1) on x86_64-pc-linux-gnu, compiled by gcc (Debian 14.2.0-19) 14.2.0, 64-bit
2026-09-23 11:29:25.435 GMT [31239] LOG:  listening on IPv6 address "::1", port 25341
2026-09-23 11:29:25.435 GMT [31239] LOG:  listening on IPv4 address "127.0.0.1", port 25341
2026-09-23 11:29:25.436 GMT [31239] LOG:  listening on Unix socket "/var/tmp/a8c-pg-vxvzh5f_/time/pitr-0y87oghV/run/.s.PGSQL.25341"
2026-09-23 11:29:25.440 GMT [31244] LOG:  database system was interrupted; last known up at 2026-09-23 11:29:16 GMT
2026-09-23 11:29:25.457 GMT [31244] LOG:  starting backup recovery with redo LSN 0/2000028, checkpoint LSN 0/2000080, on timeline ID 1
2026-09-23 11:29:25.514 GMT [31244] LOG:  restored log file "000000010000000000000002" from archive
2026-09-23 11:29:25.519 GMT [31244] LOG:  starting point-in-time recovery to 2026-09-23 11:29:20.876143+00
2026-09-23 11:29:25.520 GMT [31244] LOG:  redo starts at 0/2000028
2026-09-23 11:29:25.568 GMT [31244] LOG:  restored log file "000000010000000000000003" from archive
2026-09-23 11:29:25.621 GMT [31244] LOG:  restored log file "000000010000000000000004" from archive
2026-09-23 11:29:25.635 GMT [31244] LOG:  completed backup recovery with redo LSN 0/2000028 and end LSN 0/2000120
2026-09-23 11:29:25.635 GMT [31244] LOG:  consistent recovery state reached at 0/2000120
2026-09-23 11:29:25.635 GMT [31239] LOG:  database system is ready to accept read-only connections
2026-09-23 11:29:25.635 GMT [31244] LOG:  recovery stopping before commit of transaction 741, time 2026-09-23 11:29:20.913411+00
2026-09-23 11:29:25.635 GMT [31244] LOG:  redo done at 0/4000028 system usage: CPU: user: 0.00 s, system: 0.00 s, elapsed: 0.11 s
2026-09-23 11:29:25.635 GMT [31244] LOG:  last completed transaction was at log time 2026-09-23 11:29:20.782136+00
2026-09-23 11:29:25.684 GMT [31244] LOG:  restored log file "000000010000000000000003" from archive
2026-09-23 11:29:25.703 GMT [31244] LOG:  selected new timeline ID: 2
2026-09-23 11:29:25.728 GMT [31244] LOG:  archive recovery complete
2026-09-23 11:29:25.728 GMT [31242] LOG:  checkpoint starting: end-of-recovery immediate wait
2026-09-23 11:29:25.733 GMT [31242] LOG:  checkpoint complete: wrote 11 buffers (0.1%); 0 WAL file(s) added, 0 removed, 2 recycled; write=0.002 s, sync=0.001 s, total=0.006 s; sync files=7, longest=0.001 s, average=0.001 s; distance=32768 kB, estimate=32768 kB; lsn=0/4000028, redo lsn=0/4000028
2026-09-23 11:29:25.736 GMT [31239] LOG:  database system is ready to accept connections
2026-09-23 11:29:26.800 GMT [31239] LOG:  received fast shutdown request
2026-09-23 11:29:26.801 GMT [31239] LOG:  aborting any active transactions
2026-09-23 11:29:26.803 GMT [31239] LOG:  background worker "logical replication launcher" (PID 31306) exited with exit code 1
2026-09-23 11:29:26.803 GMT [31242] LOG:  shutting down
2026-09-23 11:29:26.804 GMT [31242] LOG:  checkpoint starting: shutdown immediate
2026-09-23 11:29:26.806 GMT [31242] LOG:  checkpoint complete: wrote 9 buffers (0.1%); 0 WAL file(s) added, 0 removed, 0 recycled; write=0.001 s, sync=0.001 s, total=0.003 s; sync files=8, longest=0.001 s, average=0.001 s; distance=0 kB, estimate=29491 kB; lsn=0/40000A0, redo lsn=0/40000A0
2026-09-23 11:29:26.809 GMT [31239] LOG:  database system is shut down
