2026-09-23 11:29:28.088 GMT [31472] LOG:  starting PostgreSQL 17.11 (Debian 17.11-0+deb13u1) on x86_64-pc-linux-gnu, compiled by gcc (Debian 14.2.0-19) 14.2.0, 64-bit
2026-09-23 11:29:28.088 GMT [31472] LOG:  listening on IPv6 address "::1", port 25341
2026-09-23 11:29:28.088 GMT [31472] LOG:  listening on IPv4 address "127.0.0.1", port 25341
2026-09-23 11:29:28.089 GMT [31472] LOG:  listening on Unix socket "/var/tmp/a8c-pg-vxvzh5f_/latest/pitr-c3GnJNpX/run/.s.PGSQL.25341"
2026-09-23 11:29:28.091 GMT [31476] LOG:  database system was interrupted; last known up at 2026-09-23 11:29:16 GMT
2026-09-23 11:29:28.106 GMT [31476] LOG:  starting backup recovery with redo LSN 0/2000028, checkpoint LSN 0/2000080, on timeline ID 1
2026-09-23 11:29:28.154 GMT [31476] LOG:  restored log file "000000010000000000000002" from archive
2026-09-23 11:29:28.159 GMT [31476] LOG:  starting archive recovery
2026-09-23 11:29:28.160 GMT [31476] LOG:  redo starts at 0/2000028
2026-09-23 11:29:28.209 GMT [31476] LOG:  restored log file "000000010000000000000003" from archive
2026-09-23 11:29:28.261 GMT [31476] LOG:  restored log file "000000010000000000000004" from archive
2026-09-23 11:29:28.278 GMT [31476] LOG:  completed backup recovery with redo LSN 0/2000028 and end LSN 0/2000120
2026-09-23 11:29:28.278 GMT [31476] LOG:  consistent recovery state reached at 0/2000120
2026-09-23 11:29:28.278 GMT [31472] LOG:  database system is ready to accept read-only connections
2026-09-23 11:29:28.286 GMT [31476] LOG:  redo done at 0/40000B8 system usage: CPU: user: 0.00 s, system: 0.00 s, elapsed: 0.12 s
2026-09-23 11:29:28.286 GMT [31476] LOG:  last completed transaction was at log time 2026-09-23 11:29:20.913411+00
2026-09-23 11:29:28.335 GMT [31476] LOG:  restored log file "000000010000000000000004" from archive
2026-09-23 11:29:28.356 GMT [31476] LOG:  selected new timeline ID: 2
2026-09-23 11:29:28.384 GMT [31476] LOG:  archive recovery complete
2026-09-23 11:29:28.385 GMT [31474] LOG:  checkpoint starting: end-of-recovery immediate wait
2026-09-23 11:29:28.390 GMT [31474] LOG:  checkpoint complete: wrote 11 buffers (0.1%); 0 WAL file(s) added, 0 removed, 3 recycled; write=0.002 s, sync=0.001 s, total=0.007 s; sync files=7, longest=0.001 s, average=0.001 s; distance=49152 kB, estimate=49152 kB; lsn=0/5000028, redo lsn=0/5000028
2026-09-23 11:29:28.393 GMT [31472] LOG:  database system is ready to accept connections
