2026-09-23 11:30:32.641 UTC [34468] LOG:  starting PostgreSQL 17.11 (Debian 17.11-0+deb13u1) on x86_64-pc-linux-gnu, compiled by gcc (Debian 14.2.0-19) 14.2.0, 64-bit
2026-09-23 11:30:32.642 UTC [34468] LOG:  listening on Unix socket "/var/tmp/a8c-pg-hq37s0gq/standby-socket/.s.PGSQL.25352"
2026-09-23 11:30:32.645 UTC [34471] LOG:  database system was interrupted; last known up at 2026-09-23 11:30:32 UTC
2026-09-23 11:30:32.652 UTC [34471] LOG:  starting backup recovery with redo LSN 0/5000028, checkpoint LSN 0/5000080, on timeline ID 1
2026-09-23 11:30:32.652 UTC [34471] LOG:  entering standby mode
2026-09-23 11:30:32.654 UTC [34471] LOG:  redo starts at 0/5000028
2026-09-23 11:30:32.654 UTC [34471] LOG:  completed backup recovery with redo LSN 0/5000028 and end LSN 0/5000120
2026-09-23 11:30:32.654 UTC [34471] LOG:  consistent recovery state reached at 0/5000120
2026-09-23 11:30:32.654 UTC [34468] LOG:  database system is ready to accept read-only connections
2026-09-23 11:30:32.658 UTC [34472] LOG:  started streaming WAL from primary at 0/6000000 on timeline 1
2026-09-23 11:30:32.846 UTC [34472] FATAL:  could not receive data from WAL stream: server closed the connection unexpectedly
		This probably means the server terminated abnormally
		before or while processing the request.
2026-09-23 11:30:32.848 UTC [34471] LOG:  invalid record length at 0/60009F8: expected at least 24, got 0
2026-09-23 11:30:32.851 UTC [34515] FATAL:  could not connect to the primary server: connection to server on socket "/var/tmp/a8c-pg-hq37s0gq/socket/.s.PGSQL.25350" failed: server closed the connection unexpectedly
		This probably means the server terminated abnormally
		before or while processing the request.
2026-09-23 11:30:32.851 UTC [34471] LOG:  waiting for WAL to become available at 0/6000A10
2026-09-23 11:30:37.853 UTC [34731] FATAL:  could not connect to the primary server: connection to server on socket "/var/tmp/a8c-pg-hq37s0gq/socket/.s.PGSQL.25350" failed: No such file or directory
		Is the server running locally and accepting connections on that socket?
2026-09-23 11:30:37.853 UTC [34471] LOG:  waiting for WAL to become available at 0/6000A10
2026-09-23 11:30:42.854 UTC [34906] FATAL:  could not connect to the primary server: connection to server on socket "/var/tmp/a8c-pg-hq37s0gq/socket/.s.PGSQL.25350" failed: No such file or directory
		Is the server running locally and accepting connections on that socket?
2026-09-23 11:30:42.854 UTC [34471] LOG:  waiting for WAL to become available at 0/6000A10
2026-09-23 11:30:42.997 UTC [34471] LOG:  received promote request
2026-09-23 11:30:42.997 UTC [34471] LOG:  redo done at 0/60009D0 system usage: CPU: user: 0.00 s, system: 0.00 s, elapsed: 10.34 s
2026-09-23 11:30:42.997 UTC [34471] LOG:  last completed transaction was at log time 2026-09-23 11:30:32.798532+00
2026-09-23 11:30:42.999 UTC [34471] LOG:  selected new timeline ID: 2
2026-09-23 11:30:43.062 UTC [34471] LOG:  archive recovery complete
2026-09-23 11:30:43.064 UTC [34469] LOG:  checkpoint starting: force
2026-09-23 11:30:43.068 UTC [34468] LOG:  database system is ready to accept connections
2026-09-23 11:30:43.270 UTC [34469] LOG:  checkpoint complete: wrote 5 buffers (0.0%); 0 WAL file(s) added, 0 removed, 1 recycled; write=0.202 s, sync=0.002 s, total=0.206 s; sync files=4, longest=0.001 s, average=0.001 s; distance=16386 kB, estimate=16386 kB; lsn=0/6000EC0, redo lsn=0/6000A30
