-------------------PROCESS START-------------------
2026-09-23 11:30:26.183 P00   INFO: restore command begin 2.55.1: --config=/var/tmp/a8c-pg-hq37s0gq/pbr.conf --exec-id=34025-269bf773 --lock-path=/var/tmp/a8c-pg-hq37s0gq/lock --log-path=/var/tmp/a8c-pg-hq37s0gq --pg1-path=/var/tmp/a8c-pg-hq37s0gq/named/pitr-An0ZE0E1/data --repo1-path=/var/tmp/a8c-pg-hq37s0gq/repo --spool-path=/var/tmp/a8c-pg-hq37s0gq/spool --stanza=payesh --target=arena_committed --target-action=promote --type=name
2026-09-23 11:30:26.190 P00   INFO: repo1: restore backup set 20260923-113021F, recovery will start at 2026-09-23 11:30:21
2026-09-23 11:30:26.190 P00   INFO: remap data directory to '/var/tmp/a8c-pg-hq37s0gq/named/pitr-An0ZE0E1/data'
2026-09-23 11:30:27.222 P00   INFO: write updated /var/tmp/a8c-pg-hq37s0gq/named/pitr-An0ZE0E1/data/postgresql.auto.conf
2026-09-23 11:30:27.224 P00   INFO: restore global/pg_control (performed last to ensure aborted restores cannot be started)
2026-09-23 11:30:27.225 P00   INFO: restore size = 29.5MB, file total = 1284
2026-09-23 11:30:27.225 P00   INFO: restore command end: completed successfully (1044ms)

-------------------PROCESS START-------------------
2026-09-23 11:30:28.146 P00   INFO: restore command begin 2.55.1: --config=/var/tmp/a8c-pg-hq37s0gq/pbr.conf --exec-id=34199-e4e0b916 --lock-path=/var/tmp/a8c-pg-hq37s0gq/lock --log-path=/var/tmp/a8c-pg-hq37s0gq --pg1-path=/var/tmp/a8c-pg-hq37s0gq/time/pitr-6Dy9aub6/data --repo1-path=/var/tmp/a8c-pg-hq37s0gq/repo --spool-path=/var/tmp/a8c-pg-hq37s0gq/spool --stanza=payesh --target="2026-09-23 11:30:25.74269+00" --target-action=promote --type=time
2026-09-23 11:30:28.153 P00   INFO: repo1: restore backup set 20260923-113021F, recovery will start at 2026-09-23 11:30:21
2026-09-23 11:30:28.153 P00   INFO: remap data directory to '/var/tmp/a8c-pg-hq37s0gq/time/pitr-6Dy9aub6/data'
2026-09-23 11:30:29.278 P00   INFO: write updated /var/tmp/a8c-pg-hq37s0gq/time/pitr-6Dy9aub6/data/postgresql.auto.conf
2026-09-23 11:30:29.282 P00   INFO: restore global/pg_control (performed last to ensure aborted restores cannot be started)
2026-09-23 11:30:29.283 P00   INFO: restore size = 29.5MB, file total = 1284
2026-09-23 11:30:29.283 P00   INFO: restore command end: completed successfully (1138ms)

-------------------PROCESS START-------------------
2026-09-23 11:30:29.846 P00   INFO: restore command begin 2.55.1: --config=/var/tmp/a8c-pg-hq37s0gq/pbr.conf --exec-id=34308-0b49e23a --lock-path=/var/tmp/a8c-pg-hq37s0gq/lock --log-path=/var/tmp/a8c-pg-hq37s0gq --pg1-path=/var/tmp/a8c-pg-hq37s0gq/latest/pitr-3vimF2qn/data --repo1-path=/var/tmp/a8c-pg-hq37s0gq/repo --spool-path=/var/tmp/a8c-pg-hq37s0gq/spool --stanza=payesh --type=default
2026-09-23 11:30:29.852 P00   INFO: repo1: restore backup set 20260923-113021F, recovery will start at 2026-09-23 11:30:21
2026-09-23 11:30:29.852 P00   INFO: remap data directory to '/var/tmp/a8c-pg-hq37s0gq/latest/pitr-3vimF2qn/data'
2026-09-23 11:30:30.985 P00   INFO: write updated /var/tmp/a8c-pg-hq37s0gq/latest/pitr-3vimF2qn/data/postgresql.auto.conf
2026-09-23 11:30:30.988 P00   INFO: restore global/pg_control (performed last to ensure aborted restores cannot be started)
2026-09-23 11:30:30.988 P00   INFO: restore size = 29.5MB, file total = 1284
2026-09-23 11:30:30.989 P00   INFO: restore command end: completed successfully (1145ms)

-------------------PROCESS START-------------------
2026-09-23 11:30:43.643 P00   INFO: restore command begin 2.55.1: --config=/var/tmp/a8c-pg-hq37s0gq/pbr.conf --exec-id=34927-037332c8 --lock-path=/var/tmp/a8c-pg-hq37s0gq/lock --log-path=/var/tmp/a8c-pg-hq37s0gq --pg1-path=/var/tmp/a8c-pg-hq37s0gq/corrupt-target --repo1-path=/var/tmp/a8c-pg-hq37s0gq/repo --spool-path=/var/tmp/a8c-pg-hq37s0gq/spool --stanza=payesh --type=immediate
2026-09-23 11:30:43.652 P00   INFO: repo1: restore backup set 20260923-113021F, recovery will start at 2026-09-23 11:30:21
2026-09-23 11:30:43.652 P00   INFO: remap data directory to '/var/tmp/a8c-pg-hq37s0gq/corrupt-target'
2026-09-23 11:30:58.702 P00  ERROR: [029]: raised from local-1 protocol: zlib threw error: [-3] data error
                                        [FormatError] on 2 retries from 4-15004ms: zlib threw error: [-3] data error
2026-09-23 11:30:58.703 P00   INFO: restore command end: aborted with exception [029]
