2026-09-23 11:30:31.031 GMT [34373] LOG:  starting PostgreSQL 17.11 (Debian 17.11-0+deb13u1) on x86_64-pc-linux-gnu, compiled by gcc (Debian 14.2.0-19) 14.2.0, 64-bit
2026-09-23 11:30:31.031 GMT [34373] LOG:  listening on IPv6 address "::1", port 25351
2026-09-23 11:30:31.031 GMT [34373] LOG:  listening on IPv4 address "127.0.0.1", port 25351
2026-09-23 11:30:31.032 GMT [34373] LOG:  listening on Unix socket "/var/tmp/a8c-pg-hq37s0gq/latest/pitr-3vimF2qn/run/.s.PGSQL.25351"
2026-09-23 11:30:31.034 GMT [34377] LOG:  database system was interrupted; last known up at 2026-09-23 11:30:21 GMT
2026-09-23 11:30:31.050 GMT [34377] LOG:  starting backup recovery with redo LSN 0/2000028, checkpoint LSN 0/2000080, on timeline ID 1
2026-09-23 11:30:31.098 GMT [34377] LOG:  restored log file "000000010000000000000002" from archive
2026-09-23 11:30:31.104 GMT [34377] LOG:  starting archive recovery
2026-09-23 11:30:31.105 GMT [34377] LOG:  redo starts at 0/2000028
2026-09-23 11:30:31.164 GMT [34377] LOG:  restored log file "000000010000000000000003" from archive
2026-09-23 11:30:31.223 GMT [34377] LOG:  restored log file "000000010000000000000004" from archive
2026-09-23 11:30:31.239 GMT [34377] LOG:  completed backup recovery with redo LSN 0/2000028 and end LSN 0/2000120
2026-09-23 11:30:31.239 GMT [34377] LOG:  consistent recovery state reached at 0/2000120
2026-09-23 11:30:31.240 GMT [34373] LOG:  database system is ready to accept read-only connections
2026-09-23 11:30:31.252 GMT [34377] LOG:  redo done at 0/40000B8 system usage: CPU: user: 0.00 s, system: 0.00 s, elapsed: 0.14 s
2026-09-23 11:30:31.252 GMT [34377] LOG:  last completed transaction was at log time 2026-09-23 11:30:25.784414+00
2026-09-23 11:30:31.306 GMT [34377] LOG:  restored log file "000000010000000000000004" from archive
2026-09-23 11:30:31.324 GMT [34377] LOG:  selected new timeline ID: 2
2026-09-23 11:30:31.350 GMT [34377] LOG:  archive recovery complete
2026-09-23 11:30:31.351 GMT [34375] LOG:  checkpoint starting: end-of-recovery immediate wait
2026-09-23 11:30:31.355 GMT [34375] LOG:  checkpoint complete: wrote 5 buffers (0.0%); 0 WAL file(s) added, 0 removed, 3 recycled; write=0.001 s, sync=0.001 s, total=0.005 s; sync files=4, longest=0.001 s, average=0.001 s; distance=49152 kB, estimate=49152 kB; lsn=0/5000028, redo lsn=0/5000028
2026-09-23 11:30:31.357 GMT [34373] LOG:  database system is ready to accept connections
