36307:C 23 Sep 2026 11:31:22.267 # WARNING Memory overcommit must be enabled! Without it, a background save or replication may fail under low memory condition. Being disabled, it can also cause failures without low memory condition, see https://github.com/jemalloc/jemalloc/issues/1328. To fix this issue add 'vm.overcommit_memory = 1' to /etc/sysctl.conf and then reboot or run the command 'sysctl vm.overcommit_memory=1' for this to take effect.
36307:C 23 Sep 2026 11:31:22.267 * oO0OoO0OoO0Oo Redis is starting oO0OoO0OoO0Oo
36307:C 23 Sep 2026 11:31:22.267 * Redis version=8.0.2, bits=64, commit=00000000, modified=0, pid=36307, just started
36307:C 23 Sep 2026 11:31:22.267 * Configuration loaded
36307:M 23 Sep 2026 11:31:22.268 * Increased maximum number of open files to 10032 (it was originally set to 1024).
36307:M 23 Sep 2026 11:31:22.268 * monotonic clock: POSIX clock_gettime
36307:M 23 Sep 2026 11:31:22.268 * Running mode=standalone, port=26250.
36307:M 23 Sep 2026 11:31:22.269 * Server initialized
36307:M 23 Sep 2026 11:31:22.274 * Creating AOF base file appendonly.aof.1.base.rdb on server start
36307:M 23 Sep 2026 11:31:22.275 * Creating AOF incr file appendonly.aof.1.incr.aof on server start
36307:M 23 Sep 2026 11:31:22.275 * Ready to accept connections tcp
36307:M 23 Sep 2026 11:31:22.363 * DB saved on disk
36307:M 23 Sep 2026 11:31:22.393 * Creating AOF incr file appendonly.aof.2.incr.aof on background rewrite
36307:M 23 Sep 2026 11:31:22.393 * Background append only file rewriting started by pid 36362
36362:C 23 Sep 2026 11:31:22.395 * Successfully created the temporary AOF base file temp-rewriteaof-bg-36362.aof
36362:C 23 Sep 2026 11:31:22.395 * Fork CoW for AOF rewrite: current 0 MB, peak 0 MB, average 0 MB
36307:M 23 Sep 2026 11:31:22.477 * Background AOF rewrite terminated with success
36307:M 23 Sep 2026 11:31:22.478 * Successfully renamed the temporary AOF base file temp-rewriteaof-bg-36362.aof into appendonly.aof.2.base.rdb
36307:M 23 Sep 2026 11:31:22.480 * Removing the history file appendonly.aof.1.incr.aof in the background
36307:M 23 Sep 2026 11:31:22.480 * Removing the history file appendonly.aof.1.base.rdb in the background
36307:M 23 Sep 2026 11:31:22.481 * Background AOF rewrite finished successfully
36307:signal-handler (1790163084) Received SIGTERM scheduling shutdown...
36307:M 23 Sep 2026 11:31:24.794 * User requested shutdown...
36307:M 23 Sep 2026 11:31:24.794 * Calling fsync() on the AOF file.
36307:M 23 Sep 2026 11:31:24.796 # Redis is now ready to exit, bye bye...
