MOCK PASS 0 good exit 0
MOCK PASS 0 owner-denied exit 1
MOCK PASS 0 partial exit 1
MOCK PASS 0 no-version exit 1
MOCK PASS 0 wrong-version exit 1
MOCK PASS 0 corrupt exit 1
MOCK PASS 0 timeout exit 1
MOCK PASS 0 concurrent unique object identities
MOCK PASS 1 good exit 0
MOCK PASS 1 owner-denied exit 1
MOCK PASS 1 partial exit 1
MOCK PASS 1 no-version exit 1
MOCK PASS 1 wrong-version exit 1
MOCK PASS 1 corrupt exit 1
MOCK PASS 1 timeout exit 1
MOCK PASS 1 concurrent unique object identities
MOCK PASS 2 good exit 0
MOCK PASS 2 owner-denied exit 1
MOCK PASS 2 partial exit 1
MOCK PASS 2 no-version exit 1
MOCK PASS 2 wrong-version exit 1
MOCK PASS 2 corrupt exit 1
MOCK PASS 2 timeout exit 1
MOCK PASS 2 concurrent unique object identities
MOCK PASS 3 good exit 0
MOCK PASS 3 owner-denied exit 1
MOCK PASS 3 partial exit 1
MOCK PASS 3 no-version exit 1
MOCK PASS 3 wrong-version exit 1
MOCK PASS 3 corrupt exit 1
MOCK PASS 3 timeout exit 1
MOCK PASS 3 concurrent unique object identities
MOCK PASS 4 good exit 0
MOCK PASS 4 owner-denied exit 1
MOCK PASS 4 partial exit 1
MOCK PASS 4 no-version exit 1
MOCK PASS 4 wrong-version exit 1
MOCK PASS 4 corrupt exit 1
MOCK PASS 4 timeout exit 1
MOCK PASS 4 concurrent unique object identities
S3_TOOL_CONTRACT_PASS — MOCK ONLY; E4/S3 NOT VERIFIED
