
▸ IP-SEV — سطوحِ شدت
  ✅ سطحِ «P0» (بحرانی) تعریف شده
  ✅ سطحِ «P1» (بالا) تعریف شده
  ✅ سطحِ «P2» (متوسط) تعریف شده
  ✅ سطحِ «P3» (پایین) تعریف شده
  ✅ P0 شاملِ سه نمونهٔ الزامی: قطعی/از‌دست‌رفتنِ داده/نفوذ
  ✅ قاعدهٔ شک: شک به داده/نفوذ = ‏P0 تا اثباتِ خلاف

▸ IP-PROC — فرایندِ پاسخ
  ✅ شش مرحله به‌ترتیب: Detect → Alert → Triage → Contain → Recover → Postmortem
  ✅ برایِ هر مرحله مسئول و خروجی تعریف شده
  ✅ زمانِ تأییدِ حضور: ‏P0 پنج دقیقه / ‏P1 پانزده دقیقه
  ✅ زمان‌بندیِ سطوحِ پایین‌تر هم آمده
  ✅ ستون‌هایِ مهار و حل در جدولِ زمان‌بندی هست

▸ IP-PB — پلی‌بوک‌هایِ حوادثِ رایج
  ✅ PB-01 «Database Down» وجود دارد
  ✅ PB-01 بخشِ تشخیص دارد
  ✅ PB-01 بخشِ مهار دارد
  ✅ PB-01 بخشِ بازیابی دارد
  ✅ PB-01 بخشِ بازگشت دارد
  ✅ PB-01 چک‌لیستِ پست‌مورتم دارد
  ✅ PB-02 «Redis Down» وجود دارد
  ✅ PB-02 بخشِ تشخیص دارد
  ✅ PB-02 بخشِ مهار دارد
  ✅ PB-02 بخشِ بازیابی دارد
  ✅ PB-02 بخشِ بازگشت دارد
  ✅ PB-02 چک‌لیستِ پست‌مورتم دارد
  ✅ PB-03 «High Error Rate» وجود دارد
  ✅ PB-03 بخشِ تشخیص دارد
  ✅ PB-03 بخشِ مهار دارد
  ✅ PB-03 بخشِ بازیابی دارد
  ✅ PB-03 بخشِ بازگشت دارد
  ✅ PB-03 چک‌لیستِ پست‌مورتم دارد
  ✅ PB-04 «High Latency» وجود دارد
  ✅ PB-04 بخشِ تشخیص دارد
  ✅ PB-04 بخشِ مهار دارد
  ✅ PB-04 بخشِ بازیابی دارد
  ✅ PB-04 بخشِ بازگشت دارد
  ✅ PB-04 چک‌لیستِ پست‌مورتم دارد
  ✅ PB-05 «Memory Leak» وجود دارد
  ✅ PB-05 بخشِ تشخیص دارد
  ✅ PB-05 بخشِ مهار دارد
  ✅ PB-05 بخشِ بازیابی دارد
  ✅ PB-05 بخشِ بازگشت دارد
  ✅ PB-05 چک‌لیستِ پست‌مورتم دارد
  ✅ PB-06 «Disk Full» وجود دارد
  ✅ PB-06 بخشِ تشخیص دارد
  ✅ PB-06 بخشِ مهار دارد
  ✅ PB-06 بخشِ بازیابی دارد
  ✅ PB-06 بخشِ بازگشت دارد
  ✅ PB-06 چک‌لیستِ پست‌مورتم دارد
  ✅ PB-07 «Certificate Expiry» وجود دارد
  ✅ PB-07 بخشِ تشخیص دارد
  ✅ PB-07 بخشِ مهار دارد
  ✅ PB-07 بخشِ بازیابی دارد
  ✅ PB-07 بخشِ بازگشت دارد
  ✅ PB-07 چک‌لیستِ پست‌مورتم دارد
  ✅ PB-08 «Security Breach» وجود دارد
  ✅ PB-08 بخشِ تشخیص دارد
  ✅ PB-08 بخشِ مهار دارد
  ✅ PB-08 بخشِ بازیابی دارد
  ✅ PB-08 بخشِ بازگشت دارد
  ✅ PB-08 چک‌لیستِ پست‌مورتم دارد
  ✅ PB-09 «DDoS Attack» وجود دارد
  ✅ PB-09 بخشِ تشخیص دارد
  ✅ PB-09 بخشِ مهار دارد
  ✅ PB-09 بخشِ بازیابی دارد
  ✅ PB-09 بخشِ بازگشت دارد
  ✅ PB-09 چک‌لیستِ پست‌مورتم دارد
  ✅ PB-10 «Sync Queue Backup» وجود دارد
  ✅ PB-10 بخشِ تشخیص دارد
  ✅ PB-10 بخشِ مهار دارد
  ✅ PB-10 بخشِ بازیابی دارد
  ✅ PB-10 بخشِ بازگشت دارد
  ✅ PB-10 چک‌لیستِ پست‌مورتم دارد
  ✅ پلی‌بوک‌ها به ابزارهایِ واقعیِ ریپو ارجاع می‌دهند
  ✅ پلی‌بوکِ دیتابیس به سناریویِ رسمیِ دی‌آر وصل است
  ✅ پلی‌بوکِ امنیت: چرخشِ جی‌دبلیوتی + حفظِ شواهد
  ✅ پلی‌بوکِ دی‌دی‌اس به سندِ دبلیو‌ای‌اف وصل است

▸ IP-COMM — اطلاع‌رسانی
  ✅ ارتباطِ داخلی (تیم/آن‌کال + هندآف)
  ✅ ارتباطِ بیرونی با مرجعیتِ ناظر
  ✅ ذکرِ ذی‌نفعِ سازمانی (وزارت آموزش‌وپرورش)
  ✅ صفحهٔ وضعیت با شناسه و چرخهٔ سه‌حالته

▸ IP-POST — قالبِ پست‌مورتم
  ✅ اصلِ بی‌سرزنش
  ✅ فیلدِ خط زمانی
  ✅ فیلدِ ریشه (با پنج چرا)
  ✅ فیلدِ اثر (مدت/کاربران/بودجهٔ خطا/داده)
  ✅ فیلدِ اقداماتِ اصلاحی با مالک و مهلت
  ✅ فیلدِ پیشگیری
  ✅ ارجاعِ متقابل به ران‌بوکِ تولید

────────────────────────────────────────────────────
نتیجهٔ پلی‌بوک‌هایِ حادثه: 86/86 موفق  —  بدون خطا ✅
