
▸ DR2-SEC — بخش‌های هشت‌گانه
  ✅ بخشِ «سیاست آر‌پی‌او/آر‌تی‌او» در سند هست
  ✅ بخشِ «راهبرد پشتیبان» در سند هست
  ✅ بخشِ «توپولوژی تکثیر» در سند هست
  ✅ بخشِ «رویه‌های فیلاور» در سند هست
  ✅ بخشِ «آزمون بازیابی» در سند هست
  ✅ بخشِ «برنامهٔ ارتباطات» در سند هست
  ✅ بخشِ «راستی‌آزمایی پس از بازیابی» در سند هست
  ✅ بخشِ «محدودیت‌های صادقانه» در سند هست

▸ DR2-REF — ارجاع‌های فایلِ زنده
  ✅ سند به فایل‌های ریپو ارجاع می‌دهد
  ✅ همهٔ ارجاع‌ها به فایلِ موجود می‌رسند
  ✅ سند به docs/DR_RUNBOOK.md وصل است
  ✅ سند به docs/RELIABILITY_DR_PLAN.md وصل است
  ✅ سند به docs/HA_POSTGRES.md وصل است
  ✅ سند به docs/HA_REDIS.md وصل است

▸ DR2-TAB — جدولِ سیاست
  ✅ چهار سناریو: پستگرس/ردیس/مرکز داده/فساد
  ✅ ستونِ مسئول در جدول هست
  ✅ سقفِ پستگرس: آر‌پی‌او ≤ ۵ دقیقه و آر‌تی‌او ≤ ۱۵ دقیقه
  ✅ سقفِ ردیس: آر‌پی‌او ≤ ۱ دقیقه و آر‌تی‌او ≤ ۵ دقیقه
  ✅ سقفِ منطقه‌ای: ≤ ۳۰ دقیقه / ≤ ۴ ساعت
  ✅ فساد: بازیابی تا هر نقطه + آر‌تی‌او ≤ ۱ ساعت
  ✅ تفکیکِ «سقفِ سیاست» از «هدفِ عملیاتیِ سخت‌گیرانه‌تر»

▸ DR2-BKP — پشتیبان
  ✅ پشتیبانِ پستگرس: کامل هفتگی + تفاضلی روزانه + آرشیو پیوسته
  ✅ پشتیبانِ ردیس با ابزارِ رسمی
  ✅ فضای شیئی: نسخه‌بندی + تکثیر بین‌منطقه‌ای
  ✅ نگهداری: پستگرس ۳۰ روز، ردیس ۷ روز، شیئی ۱ سال
  ✅ رمزنگاریِ پشتیبان‌ها

▸ DR2-REP — توپولوژی
  ✅ پستگرس: اصلی + آمادهٔ داغ استریمینگ
  ✅ ردیس: اصلی + ۲ کپی + ۳ نگهبان
  ✅ دو منطقه: تهران و تبریز
  ✅ ارجاع به زیرساختِ کامپوز

▸ DR2-FLW — نقشهٔ تصمیم
  ✅ دست‌کم چهار نقشهٔ «تشخیص←تصمیم←اقدام←تأیید»
  ✅ اجرای لحظهٔ حادثه به ران‌بوک بازیابی واگذار شده

▸ DR2-TST — چرخهٔ آزمون
  ✅ دریلِ ری‌استور: ماهانه
  ✅ دریلِ فیلاور: فصلی
  ✅ مانورِ تمام‌منطقه: سالانه
  ✅ ثبتِ هر مانور در جدولِ ران‌بوک
  ✅ قاعدهٔ «بی‌آزمون = انجام‌نشده»

▸ DR2-COM — ارتباطات
  ✅ زنجیرهٔ داخلی: آن‌کال ← مسئول بحران ← مدیریت
  ✅ صفحهٔ وضعیت با فیلدهای ثابت
  ✅ نهاد بالادستی: وزارت آموزش‌وپرورش
  ✅ الزامِ رگولاتوری برای نقض داده

▸ DR2-VAL — راستی‌آزمایی پس از بازیابی
  ✅ سلامت داده: شمارش + چک‌سام
  ✅ دودِ برنامه با سه گیت
  ✅ اعتبار نشست‌ها پس از چرخش رمز
  ✅ گرم‌شدن کش
  ✅ سلامت کامل + آرشیو فعال روی اصلیِ جدید

▸ DR2-HON — صداقت
  ✅ دست‌کم چهار محدودیتِ صادقانهٔ مشخص

────────────────────────────────────────────────────
نتیجه سندِ بازیابی: 47/47 موفق  —  بدون خطا ✅
