
▸ RB-SEC — بخش‌هایِ الزامی
  ✅ بخشِ «نمای معماری (Architecture Overview)» موجود است
  ✅ بخشِ «راه‌اندازی و خاموشی (Startup / Shutdown)» موجود است
  ✅ بخشِ «پایش و سلامت (Monitoring & Health)» موجود است
  ✅ بخشِ «عملیات روتین (Routine Operations)» موجود است
  ✅ بخشِ «عملیات مقیاس (Scaling Operations)» موجود است
  ✅ بخشِ «تغییرات پیکربندی (Config Changes)» موجود است
  ✅ بخشِ «رویه‌های بازگشت (Rollback Procedures)» موجود است
  ✅ بخشِ «تماس‌های اضطراری (Emergency Contacts)» موجود است

▸ §۱ — معماری و مسیرهایِ حیاتی
  ✅ دیاگرامِ اجزا «API» را دارد
  ✅ دیاگرامِ اجزا «PgBouncer» را دارد
  ✅ دیاگرامِ اجزا «Redis» را دارد
  ✅ دیاگرامِ اجزا «CDN» را دارد
  ✅ دیاگرامِ اجزا «LB» را دارد
  ✅ دیاگرامِ اجزا «PostgreSQL» را دارد
  ✅ مسیرِ ورود (login) با روتِ رسمی
  ✅ مسیرِ همگام‌سازی (sync)
  ✅ مسیرِ حضور (attendance)
  ✅ مسیرِ نمره (grades)
  ✅ منابعِ مشترکِ بینِ نمونه‌ها تفکیک شده
  ✅ هشدارِ وضعیتِ فعلیِ مقیاسِ افقی (تا ادغامِ موج ۱) صادقانه آمده

▸ §۲ — بوت و خاموشی
  ✅ چک‌لیستِ پیش‌پرواز قبل از بوت
  ✅ پیش‌پرواز: اسکنِ مخفی‌ها + دروازهٔ انتشارِ زنده
  ✅ زیربخشِ ترتیبِ بوت وجود دارد
  ✅ ترتیبِ بوت: پستگرس→ردیس→اپی‌آی→لبه
  ✅ بوتِ اپی‌آی شکست‌بسته است (نبودِ کش = خروجِ فاجعه)
  ✅ زیربخشِ ترتیبِ خاموشی وجود دارد
  ✅ ترتیبِ خاموشی برعکس: لبه→اپی‌آی→ردیس→پستگرس
  ✅ خاموشی با سیگنالِ آرام (SIGTERM) است
  ✅ راستی‌آزماییِ خاموشیِ آرام + محدودیتِ شناخته‌شدهٔ تخلیه (موج ۱۵)

▸ §۳ — پایش و سلامت
  ✅ پایان‌گرِ زندهٔ /api/health مستند است
  ✅ پایان‌گرِ /metrics با دروازهٔ توکن
  ✅ قراردادِ موج ۱۵ (liveness/readiness) صادقانه «در انتظار» آمده
  ✅ سنجهٔ «payesh_http_requests_total» در فهرستِ پایش است
  ✅ سنجهٔ «payesh_redis_up» در فهرستِ پایش است
  ✅ سنجهٔ «payesh_db_query_latency_ms» در فهرستِ پایش است
  ✅ سنجهٔ «payesh_db_pool_» در فهرستِ پایش است
  ✅ سنجهٔ «payesh_sync_queue_depth» در فهرستِ پایش است
  ✅ سنجهٔ «payesh_cache_hits_total» در فهرستِ پایش است
  ✅ سنجهٔ «payesh_eventloop_lag_ms» در فهرستِ پایش است
  ✅ سنجهٔ «payesh_process_heap_bytes» در فهرستِ پایش است
  ✅ آلارمِ «HighErrorRate» با آستانه آمده
  ✅ آلارمِ «HighLatency» با آستانه آمده
  ✅ آلارمِ «RedisDown» با آستانه آمده
  ✅ آلارمِ «DBLatencyHigh» با آستانه آمده
  ✅ آلارمِ «SyncQueueDepth» با آستانه آمده
  ✅ آلارمِ «EventLoopLagHigh» با آستانه آمده
  ✅ آلارمِ «MemoryHigh» با آستانه آمده
  ✅ ماتریسِ ارجاع: آن‌کال + ناظر + زمان‌بندی
  ✅ ارجاعِ متقابل به سندِ پاسخِ حادثه

▸ §۴ — عملیاتِ روتین
  ✅ راستی‌آزماییِ بکاپ (روزانه/دریل)
  ✅ چرخشِ لاگ
  ✅ چکِ حافظهٔ ردیس
  ✅ چکِ تورم/وکیومِ پستگرس
  ✅ تازه‌سازیِ گواهی با پایشِ ۳۰روزه

▸ §۵ — عملیاتِ مقیاس
  ✅ مقیاسِ افقیِ اپ با پیش‌شرط و رویه
  ✅ مقیاسِ عمودی با پنجرهٔ تعمیرات + یادآوریِ ضدالگو
  ✅ توسعهٔ ردیس
  ✅ افزودنِ رپلیکایِ خواندنِ پستگرس

▸ §۶ — تغییراتِ پیکربندی
  ✅ سرچشمهٔ حقیقتِ متغیرها (.env.example)
  ✅ متغیرهایِ اتصال + جی‌دبلیوتی مستندند
  ✅ چرخشِ رمزِ نشست با کلیدِ قبلی (پیش‌بینی‌شده در کد)
  ✅ قاعدهٔ شکست‌بسته برایِ پرچم‌هایِ ویژگی
  ✅ رازها بیرونِ ریپو (اسکنِ نگهبان)

▸ §۷ — رویه‌هایِ بازگشت
  ✅ ارجاع به راهنمایِ استقرار
  ✅ بازگشتِ داده/اسکیما به دریلِ دی‌آر وصل است
  ✅ باز-انتشار با دروازهٔ رسمی
  ✅ بیلد هرگز دستی ویرایش نمی‌شود

▸ §۸ — تماس‌هایِ اضطراری
  ✅ نقش‌ها: آن‌کال، دی‌بی‌ای، امنیت، استقرار، ناظر
  ✅ روشِ ارتباطی + ثبتِ هندآف

▸ RB-CMD — ارجاع‌هایِ فایلِ واقعی
  ✅ دست‌کم ۱۵ ارجاعِ فایلی در سند
  ❌ همهٔ ارجاع‌ها به فایلِ موجود می‌رسند  —  server/middleware/scope.js
  ✅ سندِ مکمل (پاسخِ حادثه) واقعاً موجود است

▸ RB-BR — پیش‌پروازِ شاخه‌های انتشار (ابزار + گاز)
  ✅ ابزارِ پیش‌پرواز موجود است
  ✅ خودآزماییِ هرمتیکِ ابزار سبز است (خروجی ۰)
  ✅ سرشماریِ ناوگان خروجی ۰ و جی‌سانِ معتبر دارد
  ✅ گاز: پیش‌پروازِ شاخهٔ بدون‌محتوا (main) سخت مردود است
  ✅ فراخوانیِ بی‌کاربرگ با خروجی ۲ رد می‌شود (قراردادِ رابط)

────────────────────────────────────────────────────
نتیجهٔ پوششِ ران‌بوک: 76/77 موفق  —  1 ناموفق ❌
ناموفق‌ها: همهٔ ارجاع‌ها به فایلِ موجود می‌رسند — server/middleware/scope.js
