  ✅ پوشهٔ کارت‌ها وجود دارد
▸ ساختار A4 هر ۱۱ کارت
  ✅ RC-001 وجود دارد (REDIS_REVIVE.md)
  ✅ RC-001 عنوان و شناسه دارد
  ✅ RC-001 محرک + تأثیر
  ✅ RC-001 بودجهٔ زمانی ≤۵ دقیقه
  ✅ RC-001 گام‌ها با تأیید هر گام
  ✅ RC-001 بازگشت + تشدید
  ✅ RC-001 حداکثر ۶۰ خط (A4)
  ✅ RC-002 وجود دارد (PG_PRIMARY_FAILOVER.md)
  ✅ RC-002 عنوان و شناسه دارد
  ✅ RC-002 محرک + تأثیر
  ✅ RC-002 بودجهٔ زمانی ≤۱۵ دقیقه
  ✅ RC-002 گام‌ها با تأیید هر گام
  ✅ RC-002 بازگشت + تشدید
  ✅ RC-002 حداکثر ۶۰ خط (A4)
  ✅ RC-003 وجود دارد (PG_PITR_RESTORE.md)
  ✅ RC-003 عنوان و شناسه دارد
  ✅ RC-003 محرک + تأثیر
  ✅ RC-003 بودجهٔ زمانی ≤۶۰ دقیقه
  ✅ RC-003 گام‌ها با تأیید هر گام
  ✅ RC-003 بازگشت + تشدید
  ✅ RC-003 حداکثر ۶۰ خط (A4)
  ✅ RC-004 وجود دارد (SERVICE_ROLLBACK.md)
  ✅ RC-004 عنوان و شناسه دارد
  ✅ RC-004 محرک + تأثیر
  ✅ RC-004 بودجهٔ زمانی ≤۱۰ دقیقه
  ✅ RC-004 گام‌ها با تأیید هر گام
  ✅ RC-004 بازگشت + تشدید
  ✅ RC-004 حداکثر ۶۰ خط (A4)
  ✅ RC-005 وجود دارد (SESSION_REVOCATION.md)
  ✅ RC-005 عنوان و شناسه دارد
  ✅ RC-005 محرک + تأثیر
  ✅ RC-005 بودجهٔ زمانی ≤۵ دقیقه
  ✅ RC-005 گام‌ها با تأیید هر گام
  ✅ RC-005 بازگشت + تشدید
  ✅ RC-005 حداکثر ۶۰ خط (A4)
  ✅ RC-006 وجود دارد (JWT_SECRET_ROTATION.md)
  ✅ RC-006 عنوان و شناسه دارد
  ✅ RC-006 محرک + تأثیر
  ✅ RC-006 بودجهٔ زمانی ≤۱۰ دقیقه
  ✅ RC-006 گام‌ها با تأیید هر گام
  ✅ RC-006 بازگشت + تشدید
  ✅ RC-006 حداکثر ۶۰ خط (A4)
  ✅ RC-007 وجود دارد (RATE_LIMIT_EMERGENCY.md)
  ✅ RC-007 عنوان و شناسه دارد
  ✅ RC-007 محرک + تأثیر
  ✅ RC-007 بودجهٔ زمانی ≤۵ دقیقه
  ✅ RC-007 گام‌ها با تأیید هر گام
  ✅ RC-007 بازگشت + تشدید
  ✅ RC-007 حداکثر ۶۰ خط (A4)
  ✅ RC-008 وجود دارد (BACKUP_RESTORE.md)
  ✅ RC-008 عنوان و شناسه دارد
  ✅ RC-008 محرک + تأثیر
  ✅ RC-008 بودجهٔ زمانی ≤۹۰ دقیقه
  ✅ RC-008 گام‌ها با تأیید هر گام
  ✅ RC-008 بازگشت + تشدید
  ✅ RC-008 حداکثر ۶۰ خط (A4)
  ✅ RC-009 وجود دارد (DISK_FULL_EMERGENCY.md)
  ✅ RC-009 عنوان و شناسه دارد
  ✅ RC-009 محرک + تأثیر
  ✅ RC-009 بودجهٔ زمانی ≤۲۰ دقیقه
  ✅ RC-009 گام‌ها با تأیید هر گام
  ✅ RC-009 بازگشت + تشدید
  ✅ RC-009 حداکثر ۶۰ خط (A4)
  ✅ RC-010 وجود دارد (DDOS_MITIGATION.md)
  ✅ RC-010 عنوان و شناسه دارد
  ✅ RC-010 محرک + تأثیر
  ✅ RC-010 بودجهٔ زمانی ≤۱۵ دقیقه
  ✅ RC-010 گام‌ها با تأیید هر گام
  ✅ RC-010 بازگشت + تشدید
  ✅ RC-010 حداکثر ۶۰ خط (A4)
  ✅ RC-016 وجود دارد (RC-016.md)
  ✅ RC-016 عنوان و شناسه دارد
  ✅ RC-016 محرک + تأثیر
  ✅ RC-016 بودجهٔ زمانی ≤۱۵ دقیقه
  ✅ RC-016 گام‌ها با تأیید هر گام
  ✅ RC-016 بازگشت + تشدید
  ✅ RC-016 حداکثر ۶۰ خط (A4)
▸ محتوای کلیدی کارت‌ها
  ✅ RC-002 اسکریپت فیلاور پستگرس را دارد
  ✅ RC-003 اسکریپت بازیابی نقطه‌ای را دارد
  ✅ RC-001 فیلاور ردیس + سنتینل
  ✅ RC-004 بازگشت غلتان کوبرنیتی
  ✅ RC-005 سه حالت ابطال (همه/کاربر/بازهٔ جی‌تی‌آی)
  ✅ RC-006 چرخش غلتان با کلید قبلی
  ✅ RC-007 حالت اِجرای دیوار آتش
  ✅ RC-010 ترکیب سه‌گانهٔ دیداس
  ✅ RC-016 سه آلارم runtime و پیوند مهار را دارد
▸ فهرست و نقشهٔ تصمیم
  ✅ README وجود دارد
  ✅ فهرست: ردیف RC-001 با لینک
  ✅ فهرست: ردیف RC-002 با لینک
  ✅ فهرست: ردیف RC-003 با لینک
  ✅ فهرست: ردیف RC-004 با لینک
  ✅ فهرست: ردیف RC-005 با لینک
  ✅ فهرست: ردیف RC-006 با لینک
  ✅ فهرست: ردیف RC-007 با لینک
  ✅ فهرست: ردیف RC-008 با لینک
  ✅ فهرست: ردیف RC-009 با لینک
  ✅ فهرست: ردیف RC-010 با لینک
  ✅ فهرست: ردیف RC-016 با لینک
  ✅ نقشهٔ درخت تصمیم وجود دارد
  ✅ هر کارت در درخت تصمیم ارجاع شده
▸ امنیت و جایگاه در کتابخانه
  ✅ هیچ رازی در کارت‌ها نیست
  ✅ ردیف نمایه برای پوشهٔ کارت‌ها وجود دارد
  ✅ پاسخ به حادثه به کارت‌ها ارجاع می‌دهد
  ✅ ران‌بورد بازیابی به کارت‌ها ارجاع می‌دهد

نتیجه: ۱۰۵ موفق / ۰ ناموفق (از ۱۰۵)
