
▸ S7-8 — حذف/بازگردانیِ صف باید آینهٔ IDB را هم‌گام نگه دارد (jsdom)
✅ تم‌های پویا فعال شدند. برای تغییر تم از دستور زیر استفاده کنید:
switchPayeshTheme("theme-3")
[demo] staff_posts: ۲۴ هنجار نمونه ساخته شد
داده نمونه: {
  'مدارس': 6,
  'کاربران': 1040,
  'کلاس‌ها': 36,
  'حضوروغیاب': 10460,
  'نمرات': 12555,
  'انضباطی': 759,
  'اعلان‌ها': 705,
  'اقساط': 1561,
  'تراکنش‌ها': 980
}
  ✅ D1 قلمِ enqueue‌شده در آینهٔ IDB هست
  ✅ D2 قلم از صفِ زنده حذف شد
  ✅ D3 آینهٔ IDB هم پاک شد (SW قلمِ حذف‌شده را نمی‌فرستد)
  ✅ D4a قلمِ مرده در آینه نیست (SW نباید قلمِ rejected بفرستد) و قلمِ زنده هست
  ✅ D4b حذفِ قلمِ مرده از DLQ آینه را دست‌نخورده نگه می‌دارد
  ✅ D5 کنترلِ منفی: قلمِ زندهٔ دیگر در آینه ماند
  ✅ D6 پس از retry، آینه قلم را با وضعِ pending نشان می‌دهد

────────────────────────────────────────────────────
sync-del-mirror: 7/7 موفق ✅
────────────────────────────────────────────────────
