
▸ W7-1 — قلمِ sendingِ بی‌پاسخ احیا می‌شود (jsdom)
✅ تم‌های پویا فعال شدند. برای تغییر تم از دستور زیر استفاده کنید:
switchPayeshTheme("theme-3")
[demo] staff_posts: ۲۴ هنجار نمونه ساخته شد
داده نمونه: {
  'مدارس': 6,
  'کاربران': 1040,
  'کلاس‌ها': 36,
  'حضوروغیاب': 10460,
  'نمرات': 12555,
  'انضباطی': 759,
  'اعلان‌ها': 705,
  'اقساط': 1561,
  'تراکنش‌ها': 980
}
  ✅ S1a دو قلمِ sending ذخیره شد
  ✅ S1b پس از loadQueue هر دو pending شدند (احیا)
  ✅ S1c نشانگر دیگر «همگامِ دروغین» نیست (pending=۲)
  ✅ S2 پس از احیا، ارسال موفق صف را تخلیه کرد
  ✅ S3a قلمِ بی‌پاسخ sending نماند
  ✅ S3b همان قلم failed شد تا دوباره تلاش شود
  ✅ S3c شمارشِ تلاش بالا رفت (به‌سویِ DLQِ مرئی، نه چسبندگی)

  جمع: 7 موفق، 0 ناموفق از 7
