2026-09-23 11:21:52.736 UTC [11472] LOG:  starting PostgreSQL 17.11 (Debian 17.11-0+deb13u1) on x86_64-pc-linux-gnu, compiled by gcc (Debian 14.2.0-19) 14.2.0, 64-bit
2026-09-23 11:21:52.736 UTC [11472] LOG:  listening on Unix socket "/tmp/a8c-pg-dg9xxeg9/standby-socket/.s.PGSQL.55312"
2026-09-23 11:21:52.740 UTC [11475] LOG:  database system was interrupted; last known up at 2026-09-23 11:21:52 UTC
2026-09-23 11:21:52.749 UTC [11475] LOG:  starting backup recovery with redo LSN 0/5000028, checkpoint LSN 0/5000080, on timeline ID 1
2026-09-23 11:21:52.749 UTC [11475] LOG:  entering standby mode
2026-09-23 11:21:52.749 UTC [11475] LOG:  redo starts at 0/5000028
2026-09-23 11:21:52.749 UTC [11475] LOG:  completed backup recovery with redo LSN 0/5000028 and end LSN 0/5000120
2026-09-23 11:21:52.749 UTC [11475] LOG:  consistent recovery state reached at 0/5000120
2026-09-23 11:21:52.750 UTC [11472] LOG:  database system is ready to accept read-only connections
2026-09-23 11:21:52.762 UTC [11476] LOG:  started streaming WAL from primary at 0/6000000 on timeline 1
2026-09-23 11:21:52.924 UTC [11476] FATAL:  could not receive data from WAL stream: server closed the connection unexpectedly
		This probably means the server terminated abnormally
		before or while processing the request.
2026-09-23 11:21:52.925 UTC [11475] LOG:  invalid record length at 0/60009F8: expected at least 24, got 0
2026-09-23 11:21:52.929 UTC [11514] FATAL:  could not connect to the primary server: connection to server on socket "/tmp/a8c-pg-dg9xxeg9/socket/.s.PGSQL.55310" failed: server closed the connection unexpectedly
		This probably means the server terminated abnormally
		before or while processing the request.
2026-09-23 11:21:52.929 UTC [11475] LOG:  waiting for WAL to become available at 0/6000A10
2026-09-23 11:21:57.928 UTC [11574] FATAL:  could not connect to the primary server: connection to server on socket "/tmp/a8c-pg-dg9xxeg9/socket/.s.PGSQL.55310" failed: No such file or directory
		Is the server running locally and accepting connections on that socket?
2026-09-23 11:21:57.928 UTC [11475] LOG:  waiting for WAL to become available at 0/6000A10
2026-09-23 11:22:02.928 UTC [11651] FATAL:  could not connect to the primary server: connection to server on socket "/tmp/a8c-pg-dg9xxeg9/socket/.s.PGSQL.55310" failed: No such file or directory
		Is the server running locally and accepting connections on that socket?
2026-09-23 11:22:02.928 UTC [11475] LOG:  waiting for WAL to become available at 0/6000A10
2026-09-23 11:22:03.071 UTC [11475] LOG:  received promote request
2026-09-23 11:22:03.071 UTC [11475] LOG:  redo done at 0/60009D0 system usage: CPU: user: 0.00 s, system: 0.00 s, elapsed: 10.32 s
2026-09-23 11:22:03.071 UTC [11475] LOG:  last completed transaction was at log time 2026-09-23 11:21:52.890594+00
2026-09-23 11:22:03.071 UTC [11475] LOG:  selected new timeline ID: 2
2026-09-23 11:22:03.074 UTC [11475] FATAL:  could not write to file "pg_wal/xlogtemp.11475": No space left on device
2026-09-23 11:22:03.076 UTC [11472] LOG:  startup process (PID 11475) exited with exit code 1
2026-09-23 11:22:03.076 UTC [11472] LOG:  terminating any other active server processes
2026-09-23 11:22:03.078 UTC [11472] LOG:  shutting down due to startup process failure
2026-09-23 11:22:03.079 UTC [11472] LOG:  database system is shut down
