-------------------PROCESS START-------------------
2026-09-23 11:21:46.503 P00   INFO: restore command begin 2.55.1: --config=/tmp/a8c-pg-dg9xxeg9/pbr.conf --exec-id=11134-a06d05a0 --lock-path=/tmp/a8c-pg-dg9xxeg9/lock --log-path=/tmp/a8c-pg-dg9xxeg9 --pg1-path=/tmp/a8c-pg-dg9xxeg9/named/pitr-YXtt9oOV/data --repo1-path=/tmp/a8c-pg-dg9xxeg9/repo --spool-path=/tmp/a8c-pg-dg9xxeg9/spool --stanza=payesh --target=arena_committed --target-action=promote --type=name
2026-09-23 11:21:46.509 P00   INFO: repo1: restore backup set 20260923-112142F, recovery will start at 2026-09-23 11:21:42
2026-09-23 11:21:46.509 P00   INFO: remap data directory to '/tmp/a8c-pg-dg9xxeg9/named/pitr-YXtt9oOV/data'
2026-09-23 11:21:46.863 P00   INFO: write updated /tmp/a8c-pg-dg9xxeg9/named/pitr-YXtt9oOV/data/postgresql.auto.conf
2026-09-23 11:21:46.863 P00   INFO: restore global/pg_control (performed last to ensure aborted restores cannot be started)
2026-09-23 11:21:46.864 P00   INFO: restore size = 29.5MB, file total = 1284
2026-09-23 11:21:46.864 P00   INFO: restore command end: completed successfully (363ms)

-------------------PROCESS START-------------------
2026-09-23 11:21:48.703 P00   INFO: restore command begin 2.55.1: --config=/tmp/a8c-pg-dg9xxeg9/pbr.conf --exec-id=11290-ed077740 --lock-path=/tmp/a8c-pg-dg9xxeg9/lock --log-path=/tmp/a8c-pg-dg9xxeg9 --pg1-path=/tmp/a8c-pg-dg9xxeg9/time/pitr-Ngu7Uokx/data --repo1-path=/tmp/a8c-pg-dg9xxeg9/repo --spool-path=/tmp/a8c-pg-dg9xxeg9/spool --stanza=payesh --target="2026-09-23 11:21:46.129227+00" --target-action=promote --type=time
2026-09-23 11:21:48.711 P00   INFO: repo1: restore backup set 20260923-112142F, recovery will start at 2026-09-23 11:21:42
2026-09-23 11:21:48.711 P00   INFO: remap data directory to '/tmp/a8c-pg-dg9xxeg9/time/pitr-Ngu7Uokx/data'
2026-09-23 11:21:49.083 P00   INFO: write updated /tmp/a8c-pg-dg9xxeg9/time/pitr-Ngu7Uokx/data/postgresql.auto.conf
2026-09-23 11:21:49.084 P00   INFO: restore global/pg_control (performed last to ensure aborted restores cannot be started)
2026-09-23 11:21:49.084 P00   INFO: restore size = 29.5MB, file total = 1284
2026-09-23 11:21:49.084 P00   INFO: restore command end: completed successfully (383ms)

-------------------PROCESS START-------------------
2026-09-23 11:21:50.703 P00   INFO: restore command begin 2.55.1: --config=/tmp/a8c-pg-dg9xxeg9/pbr.conf --exec-id=11379-bf78d31e --lock-path=/tmp/a8c-pg-dg9xxeg9/lock --log-path=/tmp/a8c-pg-dg9xxeg9 --pg1-path=/tmp/a8c-pg-dg9xxeg9/latest/pitr-JVPEAiUy/data --repo1-path=/tmp/a8c-pg-dg9xxeg9/repo --spool-path=/tmp/a8c-pg-dg9xxeg9/spool --stanza=payesh --type=default
2026-09-23 11:21:50.711 P00   INFO: repo1: restore backup set 20260923-112142F, recovery will start at 2026-09-23 11:21:42
2026-09-23 11:21:50.711 P00   INFO: remap data directory to '/tmp/a8c-pg-dg9xxeg9/latest/pitr-JVPEAiUy/data'
2026-09-23 11:21:51.074 P00   INFO: write updated /tmp/a8c-pg-dg9xxeg9/latest/pitr-JVPEAiUy/data/postgresql.auto.conf
2026-09-23 11:21:51.074 P00   INFO: restore global/pg_control (performed last to ensure aborted restores cannot be started)
2026-09-23 11:21:51.074 P00   INFO: restore size = 29.5MB, file total = 1284
2026-09-23 11:21:51.075 P00   INFO: restore command end: completed successfully (375ms)

-------------------PROCESS START-------------------
2026-09-23 11:22:03.535 P00   INFO: restore command begin 2.55.1: --config=/tmp/a8c-pg-dg9xxeg9/pbr.conf --exec-id=11669-f621c989 --lock-path=/tmp/a8c-pg-dg9xxeg9/lock --log-path=/tmp/a8c-pg-dg9xxeg9 --pg1-path=/tmp/a8c-pg-dg9xxeg9/corrupt-target --repo1-path=/tmp/a8c-pg-dg9xxeg9/repo --spool-path=/tmp/a8c-pg-dg9xxeg9/spool --stanza=payesh --type=immediate
2026-09-23 11:22:03.542 P00   INFO: repo1: restore backup set 20260923-112142F, recovery will start at 2026-09-23 11:21:42
2026-09-23 11:22:03.542 P00   INFO: remap data directory to '/tmp/a8c-pg-dg9xxeg9/corrupt-target'
2026-09-23 11:22:18.594 P00  ERROR: [029]: raised from local-1 protocol: zlib threw error: [-3] data error
                                        [FormatError] on 2 retries from 10-15011ms: zlib threw error: [-3] data error
2026-09-23 11:22:18.594 P00   INFO: restore command end: aborted with exception [029]
