2026-09-23 11:21:51.129 GMT [11405] LOG:  starting PostgreSQL 17.11 (Debian 17.11-0+deb13u1) on x86_64-pc-linux-gnu, compiled by gcc (Debian 14.2.0-19) 14.2.0, 64-bit
2026-09-23 11:21:51.129 GMT [11405] LOG:  listening on IPv6 address "::1", port 55311
2026-09-23 11:21:51.129 GMT [11405] LOG:  listening on IPv4 address "127.0.0.1", port 55311
2026-09-23 11:21:51.129 GMT [11405] LOG:  listening on Unix socket "/tmp/a8c-pg-dg9xxeg9/latest/pitr-JVPEAiUy/run/.s.PGSQL.55311"
2026-09-23 11:21:51.132 GMT [11409] LOG:  database system was interrupted; last known up at 2026-09-23 11:21:42 GMT
2026-09-23 11:21:51.145 GMT [11409] LOG:  starting backup recovery with redo LSN 0/2000028, checkpoint LSN 0/2000080, on timeline ID 1
2026-09-23 11:21:51.195 GMT [11409] LOG:  restored log file "000000010000000000000002" from archive
2026-09-23 11:21:51.195 GMT [11409] LOG:  starting archive recovery
2026-09-23 11:21:51.195 GMT [11409] LOG:  redo starts at 0/2000028
2026-09-23 11:21:51.257 GMT [11409] LOG:  restored log file "000000010000000000000003" from archive
2026-09-23 11:21:51.307 GMT [11409] LOG:  restored log file "000000010000000000000004" from archive
2026-09-23 11:21:51.317 GMT [11409] LOG:  completed backup recovery with redo LSN 0/2000028 and end LSN 0/2000120
2026-09-23 11:21:51.317 GMT [11409] LOG:  consistent recovery state reached at 0/2000120
2026-09-23 11:21:51.317 GMT [11405] LOG:  database system is ready to accept read-only connections
2026-09-23 11:21:51.339 GMT [11409] LOG:  redo done at 0/40000B8 system usage: CPU: user: 0.00 s, system: 0.00 s, elapsed: 0.14 s
2026-09-23 11:21:51.339 GMT [11409] LOG:  last completed transaction was at log time 2026-09-23 11:21:46.155191+00
2026-09-23 11:21:51.403 GMT [11409] LOG:  restored log file "000000010000000000000004" from archive
2026-09-23 11:21:51.419 GMT [11409] LOG:  selected new timeline ID: 2
2026-09-23 11:21:51.432 GMT [11409] LOG:  archive recovery complete
2026-09-23 11:21:51.432 GMT [11407] LOG:  checkpoint starting: end-of-recovery immediate wait
2026-09-23 11:21:51.434 GMT [11407] LOG:  checkpoint complete: wrote 11 buffers (0.1%); 0 WAL file(s) added, 0 removed, 3 recycled; write=0.001 s, sync=0.001 s, total=0.002 s; sync files=7, longest=0.001 s, average=0.000 s; distance=49152 kB, estimate=49152 kB; lsn=0/5000028, redo lsn=0/5000028
2026-09-23 11:21:51.437 GMT [11405] LOG:  database system is ready to accept connections
