-------------------PROCESS START-------------------
2026-09-23 11:22:25.973 P00   INFO: restore command begin 2.55.1: --config=/tmp/a8c-pg-ljzsgn0w/pbr.conf --exec-id=12254-fce2e09e --lock-path=/tmp/a8c-pg-ljzsgn0w/lock --log-path=/tmp/a8c-pg-ljzsgn0w --pg1-path=/tmp/a8c-pg-ljzsgn0w/named/pitr-XoTQAkM8/data --repo1-path=/tmp/a8c-pg-ljzsgn0w/repo --spool-path=/tmp/a8c-pg-ljzsgn0w/spool --stanza=payesh --target=arena_committed --target-action=promote --type=name
2026-09-23 11:22:25.983 P00   INFO: repo1: restore backup set 20260923-112222F, recovery will start at 2026-09-23 11:22:22
2026-09-23 11:22:25.983 P00   INFO: remap data directory to '/tmp/a8c-pg-ljzsgn0w/named/pitr-XoTQAkM8/data'
2026-09-23 11:22:26.380 P00   INFO: write updated /tmp/a8c-pg-ljzsgn0w/named/pitr-XoTQAkM8/data/postgresql.auto.conf
2026-09-23 11:22:26.380 P00   INFO: restore global/pg_control (performed last to ensure aborted restores cannot be started)
2026-09-23 11:22:26.380 P00   INFO: restore size = 29.5MB, file total = 1284
2026-09-23 11:22:26.381 P00   INFO: restore command end: completed successfully (410ms)

-------------------PROCESS START-------------------
2026-09-23 11:22:28.299 P00   INFO: restore command begin 2.55.1: --config=/tmp/a8c-pg-ljzsgn0w/pbr.conf --exec-id=12412-ffe86814 --lock-path=/tmp/a8c-pg-ljzsgn0w/lock --log-path=/tmp/a8c-pg-ljzsgn0w --pg1-path=/tmp/a8c-pg-ljzsgn0w/time/pitr-QMNr6ye5/data --repo1-path=/tmp/a8c-pg-ljzsgn0w/repo --spool-path=/tmp/a8c-pg-ljzsgn0w/spool --stanza=payesh --target="2026-09-23 11:22:25.556508+00" --target-action=promote --type=time
2026-09-23 11:22:28.309 P00   INFO: repo1: restore backup set 20260923-112222F, recovery will start at 2026-09-23 11:22:22
2026-09-23 11:22:28.309 P00   INFO: remap data directory to '/tmp/a8c-pg-ljzsgn0w/time/pitr-QMNr6ye5/data'
2026-09-23 11:22:28.717 P00   INFO: write updated /tmp/a8c-pg-ljzsgn0w/time/pitr-QMNr6ye5/data/postgresql.auto.conf
2026-09-23 11:22:28.717 P00   INFO: restore global/pg_control (performed last to ensure aborted restores cannot be started)
2026-09-23 11:22:28.717 P00   INFO: restore size = 29.5MB, file total = 1284
2026-09-23 11:22:28.717 P00   INFO: restore command end: completed successfully (420ms)

-------------------PROCESS START-------------------
2026-09-23 11:22:30.144 P00   INFO: restore command begin 2.55.1: --config=/tmp/a8c-pg-ljzsgn0w/pbr.conf --exec-id=12500-1983b01e --lock-path=/tmp/a8c-pg-ljzsgn0w/lock --log-path=/tmp/a8c-pg-ljzsgn0w --pg1-path=/tmp/a8c-pg-ljzsgn0w/latest/pitr-3d5c5Piw/data --repo1-path=/tmp/a8c-pg-ljzsgn0w/repo --spool-path=/tmp/a8c-pg-ljzsgn0w/spool --stanza=payesh --type=default
2026-09-23 11:22:30.157 P00   INFO: repo1: restore backup set 20260923-112222F, recovery will start at 2026-09-23 11:22:22
2026-09-23 11:22:30.157 P00   INFO: remap data directory to '/tmp/a8c-pg-ljzsgn0w/latest/pitr-3d5c5Piw/data'
2026-09-23 11:22:30.534 P00   INFO: write updated /tmp/a8c-pg-ljzsgn0w/latest/pitr-3d5c5Piw/data/postgresql.auto.conf
2026-09-23 11:22:30.535 P00   INFO: restore global/pg_control (performed last to ensure aborted restores cannot be started)
2026-09-23 11:22:30.535 P00   INFO: restore size = 29.5MB, file total = 1284
2026-09-23 11:22:30.535 P00   INFO: restore command end: completed successfully (394ms)

-------------------PROCESS START-------------------
2026-09-23 11:22:42.761 P00   INFO: restore command begin 2.55.1: --config=/tmp/a8c-pg-ljzsgn0w/pbr.conf --exec-id=13076-4e2242fb --lock-path=/tmp/a8c-pg-ljzsgn0w/lock --log-path=/tmp/a8c-pg-ljzsgn0w --pg1-path=/tmp/a8c-pg-ljzsgn0w/corrupt-target --repo1-path=/tmp/a8c-pg-ljzsgn0w/repo --spool-path=/tmp/a8c-pg-ljzsgn0w/spool --stanza=payesh --type=immediate
2026-09-23 11:22:42.767 P00   INFO: repo1: restore backup set 20260923-112222F, recovery will start at 2026-09-23 11:22:22
2026-09-23 11:22:42.767 P00   INFO: remap data directory to '/tmp/a8c-pg-ljzsgn0w/corrupt-target'
2026-09-23 11:22:57.813 P00  ERROR: [029]: raised from local-1 protocol: zlib threw error: [-3] data error
                                        [FormatError] on 2 retries from 6-15006ms: zlib threw error: [-3] data error
2026-09-23 11:22:57.813 P00   INFO: restore command end: aborted with exception [029]
