2026-09-23 11:22:28.764 GMT [12438] LOG:  starting PostgreSQL 17.11 (Debian 17.11-0+deb13u1) on x86_64-pc-linux-gnu, compiled by gcc (Debian 14.2.0-19) 14.2.0, 64-bit
2026-09-23 11:22:28.764 GMT [12438] LOG:  listening on IPv6 address "::1", port 55321
2026-09-23 11:22:28.764 GMT [12438] LOG:  listening on IPv4 address "127.0.0.1", port 55321
2026-09-23 11:22:28.764 GMT [12438] LOG:  listening on Unix socket "/tmp/a8c-pg-ljzsgn0w/time/pitr-QMNr6ye5/run/.s.PGSQL.55321"
2026-09-23 11:22:28.766 GMT [12442] LOG:  database system was interrupted; last known up at 2026-09-23 11:22:22 GMT
2026-09-23 11:22:28.783 GMT [12442] LOG:  starting backup recovery with redo LSN 0/2000028, checkpoint LSN 0/2000080, on timeline ID 1
2026-09-23 11:22:28.831 GMT [12442] LOG:  restored log file "000000010000000000000002" from archive
2026-09-23 11:22:28.831 GMT [12442] LOG:  starting point-in-time recovery to 2026-09-23 11:22:25.556508+00
2026-09-23 11:22:28.832 GMT [12442] LOG:  redo starts at 0/2000028
2026-09-23 11:22:28.881 GMT [12442] LOG:  restored log file "000000010000000000000003" from archive
2026-09-23 11:22:28.928 GMT [12442] LOG:  restored log file "000000010000000000000004" from archive
2026-09-23 11:22:28.936 GMT [12442] LOG:  completed backup recovery with redo LSN 0/2000028 and end LSN 0/2000120
2026-09-23 11:22:28.936 GMT [12442] LOG:  consistent recovery state reached at 0/2000120
2026-09-23 11:22:28.936 GMT [12438] LOG:  database system is ready to accept read-only connections
2026-09-23 11:22:28.936 GMT [12442] LOG:  recovery stopping before commit of transaction 741, time 2026-09-23 11:22:25.593708+00
2026-09-23 11:22:28.936 GMT [12442] LOG:  redo done at 0/4000028 system usage: CPU: user: 0.00 s, system: 0.00 s, elapsed: 0.10 s
2026-09-23 11:22:28.936 GMT [12442] LOG:  last completed transaction was at log time 2026-09-23 11:22:25.448669+00
2026-09-23 11:22:28.982 GMT [12442] LOG:  restored log file "000000010000000000000003" from archive
2026-09-23 11:22:28.992 GMT [12442] LOG:  selected new timeline ID: 2
2026-09-23 11:22:29.006 GMT [12442] LOG:  archive recovery complete
2026-09-23 11:22:29.007 GMT [12440] LOG:  checkpoint starting: end-of-recovery immediate wait
2026-09-23 11:22:29.007 GMT [12440] LOG:  checkpoint complete: wrote 5 buffers (0.0%); 0 WAL file(s) added, 0 removed, 2 recycled; write=0.001 s, sync=0.001 s, total=0.001 s; sync files=4, longest=0.001 s, average=0.001 s; distance=32768 kB, estimate=32768 kB; lsn=0/4000028, redo lsn=0/4000028
2026-09-23 11:22:29.009 GMT [12438] LOG:  database system is ready to accept connections
2026-09-23 11:22:30.049 GMT [12438] LOG:  received fast shutdown request
2026-09-23 11:22:30.049 GMT [12438] LOG:  aborting any active transactions
2026-09-23 11:22:30.054 GMT [12438] LOG:  background worker "logical replication launcher" (PID 12469) exited with exit code 1
2026-09-23 11:22:30.054 GMT [12440] LOG:  shutting down
2026-09-23 11:22:30.054 GMT [12440] LOG:  checkpoint starting: shutdown immediate
2026-09-23 11:22:30.054 GMT [12440] LOG:  checkpoint complete: wrote 14 buffers (0.1%); 0 WAL file(s) added, 0 removed, 0 recycled; write=0.001 s, sync=0.001 s, total=0.001 s; sync files=10, longest=0.000 s, average=0.000 s; distance=0 kB, estimate=29491 kB; lsn=0/40000A0, redo lsn=0/40000A0
2026-09-23 11:22:30.057 GMT [12438] LOG:  database system is shut down
