2026-09-23 11:23:53.328 UTC [17100] LOG:  starting PostgreSQL 17.11 (Debian 17.11-0+deb13u1) on x86_64-pc-linux-gnu, compiled by gcc (Debian 14.2.0-19) 14.2.0, 64-bit
2026-09-23 11:23:53.328 UTC [17100] LOG:  listening on Unix socket "/tmp/a8c-pg-he4qqyhq/standby-socket/.s.PGSQL.55342"
2026-09-23 11:23:53.330 UTC [17103] LOG:  database system was interrupted; last known up at 2026-09-23 11:23:53 UTC
2026-09-23 11:23:53.336 UTC [17103] LOG:  starting backup recovery with redo LSN 0/5000028, checkpoint LSN 0/5000080, on timeline ID 1
2026-09-23 11:23:53.336 UTC [17103] LOG:  entering standby mode
2026-09-23 11:23:53.336 UTC [17103] LOG:  redo starts at 0/5000028
2026-09-23 11:23:53.336 UTC [17103] LOG:  completed backup recovery with redo LSN 0/5000028 and end LSN 0/5000120
2026-09-23 11:23:53.336 UTC [17103] LOG:  consistent recovery state reached at 0/5000120
2026-09-23 11:23:53.336 UTC [17100] LOG:  database system is ready to accept read-only connections
2026-09-23 11:23:53.340 UTC [17104] LOG:  started streaming WAL from primary at 0/6000000 on timeline 1
2026-09-23 11:23:53.490 UTC [17104] FATAL:  could not receive data from WAL stream: server closed the connection unexpectedly
		This probably means the server terminated abnormally
		before or while processing the request.
2026-09-23 11:23:53.491 UTC [17103] LOG:  invalid record length at 0/60009F8: expected at least 24, got 0
2026-09-23 11:23:53.494 UTC [17141] FATAL:  could not connect to the primary server: connection to server on socket "/tmp/a8c-pg-he4qqyhq/socket/.s.PGSQL.55340" failed: server closed the connection unexpectedly
		This probably means the server terminated abnormally
		before or while processing the request.
2026-09-23 11:23:53.495 UTC [17103] LOG:  waiting for WAL to become available at 0/6000A10
2026-09-23 11:23:58.496 UTC [17332] FATAL:  could not connect to the primary server: connection to server on socket "/tmp/a8c-pg-he4qqyhq/socket/.s.PGSQL.55340" failed: No such file or directory
		Is the server running locally and accepting connections on that socket?
2026-09-23 11:23:58.496 UTC [17103] LOG:  waiting for WAL to become available at 0/6000A10
2026-09-23 11:24:03.496 UTC [17517] FATAL:  could not connect to the primary server: connection to server on socket "/tmp/a8c-pg-he4qqyhq/socket/.s.PGSQL.55340" failed: No such file or directory
		Is the server running locally and accepting connections on that socket?
2026-09-23 11:24:03.496 UTC [17103] LOG:  waiting for WAL to become available at 0/6000A10
2026-09-23 11:24:03.643 UTC [17103] LOG:  received promote request
2026-09-23 11:24:03.643 UTC [17103] LOG:  redo done at 0/60009D0 system usage: CPU: user: 0.00 s, system: 0.00 s, elapsed: 10.30 s
2026-09-23 11:24:03.643 UTC [17103] LOG:  last completed transaction was at log time 2026-09-23 11:23:53.455031+00
2026-09-23 11:24:03.643 UTC [17103] LOG:  selected new timeline ID: 2
2026-09-23 11:24:03.647 UTC [17103] FATAL:  could not write to file "pg_wal/xlogtemp.17103": No space left on device
2026-09-23 11:24:03.649 UTC [17100] LOG:  startup process (PID 17103) exited with exit code 1
2026-09-23 11:24:03.649 UTC [17100] LOG:  terminating any other active server processes
2026-09-23 11:24:03.649 UTC [17100] LOG:  shutting down due to startup process failure
2026-09-23 11:24:03.651 UTC [17100] LOG:  database system is shut down
