-------------------PROCESS START-------------------
2026-09-23 11:23:47.523 P00   INFO: restore command begin 2.55.1: --config=/tmp/a8c-pg-he4qqyhq/pbr.conf --exec-id=16596-1af90546 --lock-path=/tmp/a8c-pg-he4qqyhq/lock --log-path=/tmp/a8c-pg-he4qqyhq --pg1-path=/tmp/a8c-pg-he4qqyhq/named/pitr-c3vHiKoj/data --repo1-path=/tmp/a8c-pg-he4qqyhq/repo --spool-path=/tmp/a8c-pg-he4qqyhq/spool --stanza=payesh --target=arena_committed --target-action=promote --type=name
2026-09-23 11:23:47.535 P00   INFO: repo1: restore backup set 20260923-112344F, recovery will start at 2026-09-23 11:23:44
2026-09-23 11:23:47.535 P00   INFO: remap data directory to '/tmp/a8c-pg-he4qqyhq/named/pitr-c3vHiKoj/data'
2026-09-23 11:23:47.901 P00   INFO: write updated /tmp/a8c-pg-he4qqyhq/named/pitr-c3vHiKoj/data/postgresql.auto.conf
2026-09-23 11:23:47.901 P00   INFO: restore global/pg_control (performed last to ensure aborted restores cannot be started)
2026-09-23 11:23:47.901 P00   INFO: restore size = 29.5MB, file total = 1284
2026-09-23 11:23:47.902 P00   INFO: restore command end: completed successfully (382ms)

-------------------PROCESS START-------------------
2026-09-23 11:23:49.638 P00   INFO: restore command begin 2.55.1: --config=/tmp/a8c-pg-he4qqyhq/pbr.conf --exec-id=16783-612b9327 --lock-path=/tmp/a8c-pg-he4qqyhq/lock --log-path=/tmp/a8c-pg-he4qqyhq --pg1-path=/tmp/a8c-pg-he4qqyhq/time/pitr-OFnHjrd0/data --repo1-path=/tmp/a8c-pg-he4qqyhq/repo --spool-path=/tmp/a8c-pg-he4qqyhq/spool --stanza=payesh --target="2026-09-23 11:23:47.140518+00" --target-action=promote --type=time
2026-09-23 11:23:49.648 P00   INFO: repo1: restore backup set 20260923-112344F, recovery will start at 2026-09-23 11:23:44
2026-09-23 11:23:49.648 P00   INFO: remap data directory to '/tmp/a8c-pg-he4qqyhq/time/pitr-OFnHjrd0/data'
2026-09-23 11:23:49.999 P00   INFO: write updated /tmp/a8c-pg-he4qqyhq/time/pitr-OFnHjrd0/data/postgresql.auto.conf
2026-09-23 11:23:49.999 P00   INFO: restore global/pg_control (performed last to ensure aborted restores cannot be started)
2026-09-23 11:23:49.999 P00   INFO: restore size = 29.5MB, file total = 1284
2026-09-23 11:23:49.999 P00   INFO: restore command end: completed successfully (363ms)

-------------------PROCESS START-------------------
2026-09-23 11:23:51.518 P00   INFO: restore command begin 2.55.1: --config=/tmp/a8c-pg-he4qqyhq/pbr.conf --exec-id=16918-de49a8be --lock-path=/tmp/a8c-pg-he4qqyhq/lock --log-path=/tmp/a8c-pg-he4qqyhq --pg1-path=/tmp/a8c-pg-he4qqyhq/latest/pitr-6QPS0EiH/data --repo1-path=/tmp/a8c-pg-he4qqyhq/repo --spool-path=/tmp/a8c-pg-he4qqyhq/spool --stanza=payesh --type=default
2026-09-23 11:23:51.527 P00   INFO: repo1: restore backup set 20260923-112344F, recovery will start at 2026-09-23 11:23:44
2026-09-23 11:23:51.527 P00   INFO: remap data directory to '/tmp/a8c-pg-he4qqyhq/latest/pitr-6QPS0EiH/data'
2026-09-23 11:23:51.863 P00   INFO: write updated /tmp/a8c-pg-he4qqyhq/latest/pitr-6QPS0EiH/data/postgresql.auto.conf
2026-09-23 11:23:51.863 P00   INFO: restore global/pg_control (performed last to ensure aborted restores cannot be started)
2026-09-23 11:23:51.863 P00   INFO: restore size = 29.5MB, file total = 1284
2026-09-23 11:23:51.863 P00   INFO: restore command end: completed successfully (347ms)

-------------------PROCESS START-------------------
2026-09-23 11:24:04.255 P00   INFO: restore command begin 2.55.1: --config=/tmp/a8c-pg-he4qqyhq/pbr.conf --exec-id=17569-8960b7bc --lock-path=/tmp/a8c-pg-he4qqyhq/lock --log-path=/tmp/a8c-pg-he4qqyhq --pg1-path=/tmp/a8c-pg-he4qqyhq/corrupt-target --repo1-path=/tmp/a8c-pg-he4qqyhq/repo --spool-path=/tmp/a8c-pg-he4qqyhq/spool --stanza=payesh --type=immediate
2026-09-23 11:24:04.267 P00   INFO: repo1: restore backup set 20260923-112344F, recovery will start at 2026-09-23 11:23:44
2026-09-23 11:24:04.267 P00   INFO: remap data directory to '/tmp/a8c-pg-he4qqyhq/corrupt-target'
2026-09-23 11:24:19.314 P00  ERROR: [029]: raised from local-1 protocol: zlib threw error: [-3] data error
                                        [FormatError] on 2 retries from 6-15007ms: zlib threw error: [-3] data error
2026-09-23 11:24:19.314 P00   INFO: restore command end: aborted with exception [029]
