2026-09-23 11:23:51.915 GMT [16967] LOG:  starting PostgreSQL 17.11 (Debian 17.11-0+deb13u1) on x86_64-pc-linux-gnu, compiled by gcc (Debian 14.2.0-19) 14.2.0, 64-bit
2026-09-23 11:23:51.915 GMT [16967] LOG:  listening on IPv6 address "::1", port 55341
2026-09-23 11:23:51.915 GMT [16967] LOG:  listening on IPv4 address "127.0.0.1", port 55341
2026-09-23 11:23:51.915 GMT [16967] LOG:  listening on Unix socket "/tmp/a8c-pg-he4qqyhq/latest/pitr-6QPS0EiH/run/.s.PGSQL.55341"
2026-09-23 11:23:51.917 GMT [16977] LOG:  database system was interrupted; last known up at 2026-09-23 11:23:44 GMT
2026-09-23 11:23:51.938 GMT [16977] LOG:  starting backup recovery with redo LSN 0/2000028, checkpoint LSN 0/2000080, on timeline ID 1
2026-09-23 11:23:51.989 GMT [16977] LOG:  restored log file "000000010000000000000002" from archive
2026-09-23 11:23:51.989 GMT [16977] LOG:  starting archive recovery
2026-09-23 11:23:51.989 GMT [16977] LOG:  redo starts at 0/2000028
2026-09-23 11:23:52.034 GMT [16977] LOG:  restored log file "000000010000000000000003" from archive
2026-09-23 11:23:52.085 GMT [16977] LOG:  restored log file "000000010000000000000004" from archive
2026-09-23 11:23:52.094 GMT [16977] LOG:  completed backup recovery with redo LSN 0/2000028 and end LSN 0/2000120
2026-09-23 11:23:52.094 GMT [16977] LOG:  consistent recovery state reached at 0/2000120
2026-09-23 11:23:52.094 GMT [16967] LOG:  database system is ready to accept read-only connections
2026-09-23 11:23:52.102 GMT [16977] LOG:  redo done at 0/40000B8 system usage: CPU: user: 0.00 s, system: 0.00 s, elapsed: 0.11 s
2026-09-23 11:23:52.102 GMT [16977] LOG:  last completed transaction was at log time 2026-09-23 11:23:47.160481+00
2026-09-23 11:23:52.147 GMT [16977] LOG:  restored log file "000000010000000000000004" from archive
2026-09-23 11:23:52.157 GMT [16977] LOG:  selected new timeline ID: 2
2026-09-23 11:23:52.169 GMT [16977] LOG:  archive recovery complete
2026-09-23 11:23:52.169 GMT [16975] LOG:  checkpoint starting: end-of-recovery immediate wait
2026-09-23 11:23:52.170 GMT [16975] LOG:  checkpoint complete: wrote 5 buffers (0.0%); 0 WAL file(s) added, 0 removed, 3 recycled; write=0.001 s, sync=0.001 s, total=0.001 s; sync files=4, longest=0.001 s, average=0.001 s; distance=49152 kB, estimate=49152 kB; lsn=0/5000028, redo lsn=0/5000028
2026-09-23 11:23:52.172 GMT [16967] LOG:  database system is ready to accept connections
