-------------------PROCESS START-------------------
2026-09-23 11:24:26.498 P00   INFO: restore command begin 2.55.1: --config=/tmp/a8c-pg-jwlde0jy/pbr.conf --exec-id=18726-f4dbcbe8 --lock-path=/tmp/a8c-pg-jwlde0jy/lock --log-path=/tmp/a8c-pg-jwlde0jy --pg1-path=/tmp/a8c-pg-jwlde0jy/named/pitr-lcHTBU9D/data --repo1-path=/tmp/a8c-pg-jwlde0jy/repo --spool-path=/tmp/a8c-pg-jwlde0jy/spool --stanza=payesh --target=arena_committed --target-action=promote --type=name
2026-09-23 11:24:26.505 P00   INFO: repo1: restore backup set 20260923-112422F, recovery will start at 2026-09-23 11:24:22
2026-09-23 11:24:26.505 P00   INFO: remap data directory to '/tmp/a8c-pg-jwlde0jy/named/pitr-lcHTBU9D/data'
2026-09-23 11:24:26.883 P00   INFO: write updated /tmp/a8c-pg-jwlde0jy/named/pitr-lcHTBU9D/data/postgresql.auto.conf
2026-09-23 11:24:26.883 P00   INFO: restore global/pg_control (performed last to ensure aborted restores cannot be started)
2026-09-23 11:24:26.883 P00   INFO: restore size = 29.5MB, file total = 1284
2026-09-23 11:24:26.884 P00   INFO: restore command end: completed successfully (387ms)

-------------------PROCESS START-------------------
2026-09-23 11:24:28.697 P00   INFO: restore command begin 2.55.1: --config=/tmp/a8c-pg-jwlde0jy/pbr.conf --exec-id=18948-b32eeb2b --lock-path=/tmp/a8c-pg-jwlde0jy/lock --log-path=/tmp/a8c-pg-jwlde0jy --pg1-path=/tmp/a8c-pg-jwlde0jy/time/pitr-WFUBLOPR/data --repo1-path=/tmp/a8c-pg-jwlde0jy/repo --spool-path=/tmp/a8c-pg-jwlde0jy/spool --stanza=payesh --target="2026-09-23 11:24:26.116474+00" --target-action=promote --type=time
2026-09-23 11:24:28.704 P00   INFO: repo1: restore backup set 20260923-112422F, recovery will start at 2026-09-23 11:24:22
2026-09-23 11:24:28.704 P00   INFO: remap data directory to '/tmp/a8c-pg-jwlde0jy/time/pitr-WFUBLOPR/data'
2026-09-23 11:24:29.067 P00   INFO: write updated /tmp/a8c-pg-jwlde0jy/time/pitr-WFUBLOPR/data/postgresql.auto.conf
2026-09-23 11:24:29.067 P00   INFO: restore global/pg_control (performed last to ensure aborted restores cannot be started)
2026-09-23 11:24:29.067 P00   INFO: restore size = 29.5MB, file total = 1284
2026-09-23 11:24:29.068 P00   INFO: restore command end: completed successfully (372ms)

-------------------PROCESS START-------------------
2026-09-23 11:24:30.566 P00   INFO: restore command begin 2.55.1: --config=/tmp/a8c-pg-jwlde0jy/pbr.conf --exec-id=19070-ac49466d --lock-path=/tmp/a8c-pg-jwlde0jy/lock --log-path=/tmp/a8c-pg-jwlde0jy --pg1-path=/tmp/a8c-pg-jwlde0jy/latest/pitr-kAc6POTj/data --repo1-path=/tmp/a8c-pg-jwlde0jy/repo --spool-path=/tmp/a8c-pg-jwlde0jy/spool --stanza=payesh --type=default
2026-09-23 11:24:30.573 P00   INFO: repo1: restore backup set 20260923-112422F, recovery will start at 2026-09-23 11:24:22
2026-09-23 11:24:30.573 P00   INFO: remap data directory to '/tmp/a8c-pg-jwlde0jy/latest/pitr-kAc6POTj/data'
2026-09-23 11:24:30.981 P00   INFO: write updated /tmp/a8c-pg-jwlde0jy/latest/pitr-kAc6POTj/data/postgresql.auto.conf
2026-09-23 11:24:30.981 P00   INFO: restore global/pg_control (performed last to ensure aborted restores cannot be started)
2026-09-23 11:24:30.981 P00   INFO: restore size = 29.5MB, file total = 1284
2026-09-23 11:24:30.982 P00   INFO: restore command end: completed successfully (417ms)

-------------------PROCESS START-------------------
2026-09-23 11:24:42.375 P00   INFO: restore command begin 2.55.1: --config=/tmp/a8c-pg-jwlde0jy/pbr.conf --exec-id=19696-1943ffaa --lock-path=/tmp/a8c-pg-jwlde0jy/lock --log-path=/tmp/a8c-pg-jwlde0jy --pg1-path=/tmp/a8c-pg-jwlde0jy/corrupt-target --repo1-path=/tmp/a8c-pg-jwlde0jy/repo --spool-path=/tmp/a8c-pg-jwlde0jy/spool --stanza=payesh --type=immediate
2026-09-23 11:24:42.382 P00   INFO: repo1: restore backup set 20260923-112422F, recovery will start at 2026-09-23 11:24:22
2026-09-23 11:24:42.382 P00   INFO: remap data directory to '/tmp/a8c-pg-jwlde0jy/corrupt-target'
2026-09-23 11:24:57.425 P00  ERROR: [029]: raised from local-1 protocol: zlib threw error: [-3] data error
                                        [FormatError] on 2 retries from 4-15005ms: zlib threw error: [-3] data error
2026-09-23 11:24:57.425 P00   INFO: restore command end: aborted with exception [029]
