2026-09-23 11:24:31.044 GMT [19109] LOG:  starting PostgreSQL 17.11 (Debian 17.11-0+deb13u1) on x86_64-pc-linux-gnu, compiled by gcc (Debian 14.2.0-19) 14.2.0, 64-bit
2026-09-23 11:24:31.045 GMT [19109] LOG:  listening on IPv6 address "::1", port 55351
2026-09-23 11:24:31.045 GMT [19109] LOG:  listening on IPv4 address "127.0.0.1", port 55351
2026-09-23 11:24:31.045 GMT [19109] LOG:  listening on Unix socket "/tmp/a8c-pg-jwlde0jy/latest/pitr-kAc6POTj/run/.s.PGSQL.55351"
2026-09-23 11:24:31.051 GMT [19130] LOG:  database system was interrupted; last known up at 2026-09-23 11:24:22 GMT
2026-09-23 11:24:31.069 GMT [19130] LOG:  starting backup recovery with redo LSN 0/2000028, checkpoint LSN 0/2000080, on timeline ID 1
2026-09-23 11:24:31.118 GMT [19130] LOG:  restored log file "000000010000000000000002" from archive
2026-09-23 11:24:31.118 GMT [19130] LOG:  starting archive recovery
2026-09-23 11:24:31.118 GMT [19130] LOG:  redo starts at 0/2000028
2026-09-23 11:24:31.165 GMT [19130] LOG:  restored log file "000000010000000000000003" from archive
2026-09-23 11:24:31.212 GMT [19130] LOG:  restored log file "000000010000000000000004" from archive
2026-09-23 11:24:31.221 GMT [19130] LOG:  completed backup recovery with redo LSN 0/2000028 and end LSN 0/2000120
2026-09-23 11:24:31.221 GMT [19130] LOG:  consistent recovery state reached at 0/2000120
2026-09-23 11:24:31.221 GMT [19109] LOG:  database system is ready to accept read-only connections
2026-09-23 11:24:31.229 GMT [19130] LOG:  redo done at 0/40000B8 system usage: CPU: user: 0.00 s, system: 0.00 s, elapsed: 0.11 s
2026-09-23 11:24:31.229 GMT [19130] LOG:  last completed transaction was at log time 2026-09-23 11:24:26.141758+00
2026-09-23 11:24:31.275 GMT [19130] LOG:  restored log file "000000010000000000000004" from archive
2026-09-23 11:24:31.285 GMT [19130] LOG:  selected new timeline ID: 2
2026-09-23 11:24:31.299 GMT [19130] LOG:  archive recovery complete
2026-09-23 11:24:31.299 GMT [19127] LOG:  checkpoint starting: end-of-recovery immediate wait
2026-09-23 11:24:31.300 GMT [19127] LOG:  checkpoint complete: wrote 5 buffers (0.0%); 0 WAL file(s) added, 0 removed, 3 recycled; write=0.001 s, sync=0.001 s, total=0.001 s; sync files=4, longest=0.001 s, average=0.001 s; distance=49152 kB, estimate=49152 kB; lsn=0/5000028, redo lsn=0/5000028
2026-09-23 11:24:31.302 GMT [19109] LOG:  database system is ready to accept connections
