{
  "command": [
    "/home/user/arena8/runtime/node_modules/node/bin/node",
    "/home/user/p2/tools/capacity-saturation-probe.js",
    "--target",
    "http://127.0.0.1:42025",
    "--confirm-staging",
    "--profile",
    "read-browse",
    "--staircase",
    "abc",
    "--warmup-seconds",
    "0.03",
    "--step-seconds",
    "0.15",
    "--req-timeout-ms",
    "100",
    "--out",
    "/home/user/arena8/evidence/invalid-1.json"
  ],
  "code": 0,
  "signal": null,
  "stdout": "کاوشگر اشباع — http://127.0.0.1:42025 · پروفایل read-browse\n── پلهٔ NaN هم‌زمان (گرم‌کردان 0.03s…)\n   throughput=0/s · p50/p95/p99=null/null/nullms · 5xx=0٪\n── زانو: none · پایدارِ بیشینه ≈ 0 rps\nپاکت: /home/user/arena8/evidence/invalid-1.json\n",
  "stderr": ""
}