{
  "command": [
    "/home/user/arena8/runtime/node_modules/node/bin/node",
    "/home/user/p2/tools/capacity-saturation-probe.js",
    "--target",
    "http://127.0.0.1:34605",
    "--confirm-staging",
    "--profile",
    "read-browse",
    "--staircase",
    "2",
    "--warmup-seconds",
    "0.03",
    "--step-seconds",
    "0.15",
    "--req-timeout-ms",
    "100",
    "--out",
    "/home/user/arena8/evidence/ok-2.json"
  ],
  "code": 0,
  "signal": null,
  "stdout": "کاوشگر اشباع — http://127.0.0.1:34605 · پروفایل read-browse\n── پلهٔ 2 هم‌زمان (گرم‌کردان 0.03s…)\n   throughput=966.7/s · p50/p95/p99=2.1/3.2/9.3ms · 5xx=0٪\n── زانو: none · پایدارِ بیشینه ≈ 966.7 rps\nپاکت: /home/user/arena8/evidence/ok-2.json\n",
  "stderr": ""
}