{
  "command": [
    "/home/user/arena8/runtime/node_modules/node/bin/node",
    "/home/user/p2/tools/capacity-saturation-probe.js",
    "--target",
    "http://127.0.0.1:34803",
    "--confirm-staging",
    "--profile",
    "read-browse",
    "--staircase",
    "2",
    "--warmup-seconds",
    "0.03",
    "--step-seconds",
    "0.15",
    "--req-timeout-ms",
    "100",
    "--out",
    "/home/user/arena8/evidence/server-error-1.json"
  ],
  "code": 0,
  "signal": null,
  "stdout": "کاوشگر اشباع — http://127.0.0.1:34803 · پروفایل read-browse\n── پلهٔ 2 هم‌زمان (گرم‌کردان 0.03s…)\n   throughput=1013.3/s · p50/p95/p99=2.1/2.9/3.3ms · 5xx=100٪\n   ⚠ نرخ خطا > 5٪ — توقفِ اضطراری (ایمنی)\n── زانو: errors @ concurrency=2 · پایدارِ بیشینه ≈ 1013.3 rps\nپاکت: /home/user/arena8/evidence/server-error-1.json\n",
  "stderr": ""
}