== COMMAND: node tests/run.js ==
== HEAD(product tree): 66928be6227567f3d92b2c93a2d5f8146a4601b8 ==
== DATE: 2026-09-25T07:57:13Z ==
== RUNTIME: v22.14.0 / Linux 6.1.158+ ==

== RUN 1 (first run after clean checkout) ==
== TREE STATE BEFORE: clean checkout of 66928be ==
== NOTE: RUN1 fails on «build byte-identical» then self-heals (index.html regenerated); deterministic on baseline ==
  ❌ خروجی build با index.html بیت‌به‌بیت یکسان است
❌ خروجی build با index.html تفاوت دارد.
نتیجه: 34/35 تست موفق  —  1 ناموفق
EXIT_RUN1=1
نتیجه: 35/35 تست موفق  —  بدون خطا ✅
EXIT_RUN2=0

== TREE STATE AFTER (git status --porcelain) ==
 M USER_GUIDE.html
 M index.html
 M infra/postgres/entrypoints/primary-entrypoint.sh
 M infra/postgres/entrypoints/render-config.sh
 M infra/postgres/entrypoints/standby-entrypoint.sh
 M infra/postgres/init/01-replication.sh
 M infra/postgres/post-checks.sh
 M infra/redis/redis-checks.sh
 D monitoring/alert-rules.yml
 M tools/chaos-test.sh
 M tools/dast-live.sh
 M tools/docs-consistency-check.sh
 M tools/docs-export.sh
 M tools/docs-health.sh
 M tools/failover-postgres.sh
 M tools/failover-redis.sh
 M tools/migrate-ledger.js
 M tools/mutate-reports-check.sh
 M tools/openapi-lint.sh
 M tools/pitr-restore.sh
 M tools/pitr-verify.sh
 M tools/production-verifier.sh
 M tools/redis-backup.sh
 M tools/test-discovery-verifier.sh
 M tools/w18-load-pg.sh
