18789:C 23 Sep 2026 11:24:27.241 # WARNING Memory overcommit must be enabled! Without it, a background save or replication may fail under low memory condition. Being disabled, it can also cause failures without low memory condition, see https://github.com/jemalloc/jemalloc/issues/1328. To fix this issue add 'vm.overcommit_memory = 1' to /etc/sysctl.conf and then reboot or run the command 'sysctl vm.overcommit_memory=1' for this to take effect.
18789:C 23 Sep 2026 11:24:27.241 * oO0OoO0OoO0Oo Redis is starting oO0OoO0OoO0Oo
18789:C 23 Sep 2026 11:24:27.241 * Redis version=8.0.2, bits=64, commit=00000000, modified=0, pid=18789, just started
18789:C 23 Sep 2026 11:24:27.241 * Configuration loaded
18789:S 23 Sep 2026 11:24:27.241 * Increased maximum number of open files to 10032 (it was originally set to 1024).
18789:S 23 Sep 2026 11:24:27.241 * monotonic clock: POSIX clock_gettime
18789:S 23 Sep 2026 11:24:27.242 * Running mode=standalone, port=56751.
18789:S 23 Sep 2026 11:24:27.242 * Server initialized
18789:S 23 Sep 2026 11:24:27.242 * Creating AOF base file appendonly.aof.1.base.rdb on server start
18789:S 23 Sep 2026 11:24:27.242 * Creating AOF incr file appendonly.aof.1.incr.aof on server start
18789:S 23 Sep 2026 11:24:27.242 * Ready to accept connections tcp
18789:S 23 Sep 2026 11:24:27.243 * Connecting to MASTER 127.0.0.1:56750
18789:S 23 Sep 2026 11:24:27.243 * MASTER <-> REPLICA sync started
18789:S 23 Sep 2026 11:24:27.243 * Non blocking connect for SYNC fired the event.
18789:S 23 Sep 2026 11:24:27.243 * Master replied to PING, replication can continue...
18789:S 23 Sep 2026 11:24:27.243 * Partial resynchronization not possible (no cached master)
18789:S 23 Sep 2026 11:24:27.243 * PSYNC is not possible, initialize RDB channel.
18789:S 23 Sep 2026 11:24:32.271 * Starting to receive RDB and replication stream in parallel.
18789:S 23 Sep 2026 11:24:32.273 * MASTER <-> REPLICA sync: receiving streamed RDB from master with EOF to disk
18789:S 23 Sep 2026 11:24:32.273 * MASTER <-> REPLICA sync: Loading DB in memory
18789:S 23 Sep 2026 11:24:32.273 * MASTER <-> REPLICA sync: Flushing old data
18789:S 23 Sep 2026 11:24:32.274 * Loading RDB produced by version 8.0.2
18789:S 23 Sep 2026 11:24:32.274 * RDB age 0 seconds
18789:S 23 Sep 2026 11:24:32.274 * RDB memory usage when created 0.86 Mb
18789:S 23 Sep 2026 11:24:32.274 * Done loading RDB, keys loaded: 0, keys expired: 0.
18789:S 23 Sep 2026 11:24:32.274 * MASTER <-> REPLICA sync: Finished with success
18789:S 23 Sep 2026 11:24:32.274 * MASTER <-> REPLICA sync: Starting AOF after a successful sync
18789:S 23 Sep 2026 11:24:32.274 * Creating AOF incr file temp-appendonly.aof.incr on background rewrite
18789:S 23 Sep 2026 11:24:32.275 * Background append only file rewriting started by pid 19273
18789:S 23 Sep 2026 11:24:32.275 * MASTER <-> REPLICA sync: Starting to stream replication buffer into the db (0 bytes).
18789:S 23 Sep 2026 11:24:32.275 * MASTER <-> REPLICA sync: Successfully streamed replication buffer into the db (0 bytes in total)
19273:C 23 Sep 2026 11:24:32.275 * Successfully created the temporary AOF base file temp-rewriteaof-bg-19273.aof
19273:C 23 Sep 2026 11:24:32.276 * Fork CoW for AOF rewrite: current 0 MB, peak 0 MB, average 0 MB
18789:S 23 Sep 2026 11:24:32.289 * Background AOF rewrite terminated with success
18789:S 23 Sep 2026 11:24:32.289 * Successfully renamed the temporary AOF base file temp-rewriteaof-bg-19273.aof into appendonly.aof.2.base.rdb
18789:S 23 Sep 2026 11:24:32.289 * Successfully renamed the temporary AOF incr file temp-appendonly.aof.incr into appendonly.aof.2.incr.aof
18789:S 23 Sep 2026 11:24:32.289 * Removing the history file appendonly.aof.1.incr.aof in the background
18789:S 23 Sep 2026 11:24:32.289 * Removing the history file appendonly.aof.1.base.rdb in the background
18789:S 23 Sep 2026 11:24:32.289 * Background AOF rewrite finished successfully
18789:M 23 Sep 2026 11:24:32.876 * Connection with master lost.
18789:M 23 Sep 2026 11:24:32.876 * Caching the disconnected master state.
18789:M 23 Sep 2026 11:24:32.876 * Discarding previously cached master state.
18789:M 23 Sep 2026 11:24:32.876 * Setting secondary replication ID to afa1a4b603efbf9c2c1ed379fc3c3d1204dcbeb1, valid up to offset: 810. New replication ID is dce328a986a52916e8ee400cdfc225d3587c93e3
18789:M 23 Sep 2026 11:24:32.876 * MASTER MODE enabled (user request from 'id=5 addr=127.0.0.1:51358 laddr=127.0.0.1:56751 fd=15 name=sentinel-ae53da75-cmd age=5 idle=0 flags=x db=0 sub=0 psub=0 ssub=0 multi=4 watch=0 qbuf=188 qbuf-free=20286 argv-mem=4 multi-mem=169 rbs=8192 rbp=6232 obl=45 oll=0 omem=0 tot-mem=29861 events=r cmd=exec user=default redir=-1 resp=2 lib-name= lib-ver= io-thread=0')
18789:M 23 Sep 2026 11:24:32.876 * CONFIG REWRITE executed with success.
18789:M 23 Sep 2026 11:24:43.567 * Replica 127.0.0.1:56750 asks for synchronization
18789:M 23 Sep 2026 11:24:43.567 * Partial resynchronization not accepted: Requested offset for second ID was 2798, but I can reply up to 810
18789:M 23 Sep 2026 11:24:43.567 * Replica 127.0.0.1:56750 is capable of rdb channel synchronization, and partial sync isn't possible. Full sync will continue with dedicated rdb channel.
18789:M 23 Sep 2026 11:24:43.568 * Replica 127.0.0.1:56750 asks for synchronization
18789:M 23 Sep 2026 11:24:43.568 * Full resync requested by replica 127.0.0.1:56750 (rdb-channel)
18789:M 23 Sep 2026 11:24:43.568 * Delay next BGSAVE for diskless SYNC
18789:M 23 Sep 2026 11:24:48.403 * Starting BGSAVE for SYNC with target: replicas sockets (rdb-channel)
18789:M 23 Sep 2026 11:24:48.403 * Starting to deliver RDB and replication stream to replica: 127.0.0.1:56750
18789:M 23 Sep 2026 11:24:48.403 * Background RDB transfer started by pid 19924 to replica socket
19924:C 23 Sep 2026 11:24:48.404 * Fork CoW for RDB: current 0 MB, peak 0 MB, average 0 MB
18789:M 23 Sep 2026 11:24:48.405 * Synchronization with replica 127.0.0.1:56750 succeeded
18789:M 23 Sep 2026 11:24:48.405 * Connection with replica (rdbchannel) 127.0.0.1:56750 lost.
18789:M 23 Sep 2026 11:24:48.504 * Background RDB transfer terminated with success
20074:C 23 Sep 2026 11:24:51.370 # WARNING Memory overcommit must be enabled! Without it, a background save or replication may fail under low memory condition. Being disabled, it can also cause failures without low memory condition, see https://github.com/jemalloc/jemalloc/issues/1328. To fix this issue add 'vm.overcommit_memory = 1' to /etc/sysctl.conf and then reboot or run the command 'sysctl vm.overcommit_memory=1' for this to take effect.
20074:C 23 Sep 2026 11:24:51.370 * oO0OoO0OoO0Oo Redis is starting oO0OoO0OoO0Oo
20074:C 23 Sep 2026 11:24:51.370 * Redis version=8.0.2, bits=64, commit=00000000, modified=0, pid=20074, just started
20074:C 23 Sep 2026 11:24:51.370 * Configuration loaded
20074:M 23 Sep 2026 11:24:51.370 * Increased maximum number of open files to 10032 (it was originally set to 1024).
20074:M 23 Sep 2026 11:24:51.370 * monotonic clock: POSIX clock_gettime
20074:M 23 Sep 2026 11:24:51.372 * Running mode=standalone, port=56751.
20074:M 23 Sep 2026 11:24:51.373 * Server initialized
20074:M 23 Sep 2026 11:24:51.373 * Reading RDB base file on AOF loading...
20074:M 23 Sep 2026 11:24:51.373 * Loading RDB produced by version 8.0.2
20074:M 23 Sep 2026 11:24:51.373 * RDB age 19 seconds
20074:M 23 Sep 2026 11:24:51.373 * RDB memory usage when created 0.83 Mb
20074:M 23 Sep 2026 11:24:51.373 * RDB is base AOF
20074:M 23 Sep 2026 11:24:51.373 * Done loading RDB, keys loaded: 0, keys expired: 0.
20074:M 23 Sep 2026 11:24:51.373 * DB loaded from base file appendonly.aof.2.base.rdb: 0.000 seconds
20074:M 23 Sep 2026 11:24:51.373 * DB loaded from incr file appendonly.aof.2.incr.aof: 0.000 seconds
20074:M 23 Sep 2026 11:24:51.373 * DB loaded from append only file: 0.000 seconds
20074:M 23 Sep 2026 11:24:51.373 * Opening AOF incr file appendonly.aof.2.incr.aof on server start
20074:M 23 Sep 2026 11:24:51.373 * Ready to accept connections tcp
20074:S 23 Sep 2026 11:25:01.412 * Before turning into a replica, using my own master parameters to synthesize a cached master: I may be able to synchronize with the new master with just a partial transfer.
20074:S 23 Sep 2026 11:25:01.412 * Connecting to MASTER 127.0.0.1:56750
20074:S 23 Sep 2026 11:25:01.412 * MASTER <-> REPLICA sync started
20074:S 23 Sep 2026 11:25:01.412 * REPLICAOF 127.0.0.1:56750 enabled (user request from 'id=6 addr=127.0.0.1:45094 laddr=127.0.0.1:56751 fd=12 name=sentinel-f1c81551-cmd age=10 idle=0 flags=x db=0 sub=0 psub=0 ssub=0 multi=4 watch=0 qbuf=197 qbuf-free=20277 argv-mem=4 multi-mem=178 rbs=1024 rbp=1024 obl=45 oll=0 omem=0 tot-mem=22702 events=r cmd=exec user=default redir=-1 resp=2 lib-name= lib-ver= io-thread=0')
20074:S 23 Sep 2026 11:25:01.412 * CONFIG REWRITE executed with success.
20074:S 23 Sep 2026 11:25:01.412 * Non blocking connect for SYNC fired the event.
20074:S 23 Sep 2026 11:25:01.412 * Master replied to PING, replication can continue...
20074:S 23 Sep 2026 11:25:01.412 * Trying a partial resynchronization (request 7dbd9dd2d3b14ab04ea611fd6c5aba971992bce1:1203).
20074:S 23 Sep 2026 11:25:01.412 * PSYNC is not possible, initialize RDB channel.
20074:S 23 Sep 2026 11:25:06.518 * Starting to receive RDB and replication stream in parallel.
20074:S 23 Sep 2026 11:25:06.520 * MASTER <-> REPLICA sync: receiving streamed RDB from master with EOF to disk
20074:S 23 Sep 2026 11:25:06.520 * Discarding previously cached master state.
20074:S 23 Sep 2026 11:25:06.520 * MASTER <-> REPLICA sync: Loading DB in memory
20074:S 23 Sep 2026 11:25:06.520 * MASTER <-> REPLICA sync: Flushing old data
20074:S 23 Sep 2026 11:25:06.520 * Loading RDB produced by version 8.0.2
20074:S 23 Sep 2026 11:25:06.520 * RDB age 0 seconds
20074:S 23 Sep 2026 11:25:06.520 * RDB memory usage when created 1.08 Mb
20074:S 23 Sep 2026 11:25:06.520 * Done loading RDB, keys loaded: 11, keys expired: 0.
20074:S 23 Sep 2026 11:25:06.520 * MASTER <-> REPLICA sync: Finished with success
20074:S 23 Sep 2026 11:25:06.520 * MASTER <-> REPLICA sync: Starting AOF after a successful sync
20074:S 23 Sep 2026 11:25:06.521 * Creating AOF incr file temp-appendonly.aof.incr on background rewrite
20074:S 23 Sep 2026 11:25:06.521 * Background append only file rewriting started by pid 20699
20074:S 23 Sep 2026 11:25:06.521 * MASTER <-> REPLICA sync: Starting to stream replication buffer into the db (0 bytes).
20074:S 23 Sep 2026 11:25:06.521 * MASTER <-> REPLICA sync: Successfully streamed replication buffer into the db (0 bytes in total)
20699:C 23 Sep 2026 11:25:06.522 * Successfully created the temporary AOF base file temp-rewriteaof-bg-20699.aof
20699:C 23 Sep 2026 11:25:06.522 * Fork CoW for AOF rewrite: current 0 MB, peak 0 MB, average 0 MB
20074:S 23 Sep 2026 11:25:06.608 * Background AOF rewrite terminated with success
20074:S 23 Sep 2026 11:25:06.608 * Successfully renamed the temporary AOF base file temp-rewriteaof-bg-20699.aof into appendonly.aof.3.base.rdb
20074:S 23 Sep 2026 11:25:06.608 * Successfully renamed the temporary AOF incr file temp-appendonly.aof.incr into appendonly.aof.3.incr.aof
20074:S 23 Sep 2026 11:25:06.609 * Removing the history file appendonly.aof.2.incr.aof in the background
20074:S 23 Sep 2026 11:25:06.609 * Removing the history file appendonly.aof.2.base.rdb in the background
20074:S 23 Sep 2026 11:25:06.609 * Background AOF rewrite finished successfully
20074:S 23 Sep 2026 11:25:06.722 * Connection with master lost.
20074:S 23 Sep 2026 11:25:06.722 * Caching the disconnected master state.
20074:S 23 Sep 2026 11:25:06.722 * Reconnecting to MASTER 127.0.0.1:56750
20074:S 23 Sep 2026 11:25:06.722 * MASTER <-> REPLICA sync started
20074:S 23 Sep 2026 11:25:06.722 # Error condition on socket for SYNC: Connection refused
20074:signal-handler (1790162706) Received SIGTERM scheduling shutdown...
20074:S 23 Sep 2026 11:25:06.811 * User requested shutdown...
20074:S 23 Sep 2026 11:25:06.811 * Calling fsync() on the AOF file.
20074:S 23 Sep 2026 11:25:06.811 # Redis is now ready to exit, bye bye...
