2026-09-23 11:13:21.312 GMT [6161] LOG:  starting PostgreSQL 17.11 (Debian 17.11-0+deb13u1) on x86_64-pc-linux-gnu, compiled by gcc (Debian 14.2.0-19) 14.2.0, 64-bit
2026-09-23 11:13:21.312 GMT [6161] LOG:  listening on IPv6 address "::1", port 55311
2026-09-23 11:13:21.312 GMT [6161] LOG:  listening on IPv4 address "127.0.0.1", port 55311
2026-09-23 11:13:21.313 GMT [6161] LOG:  listening on Unix socket "/tmp/a8c-pg-ukfdjkiu/named/pitr-lQlY4yeL/run/.s.PGSQL.55311"
2026-09-23 11:13:21.315 GMT [6165] LOG:  database system was interrupted; last known up at 2026-09-23 11:13:17 GMT
2026-09-23 11:13:21.342 GMT [6165] LOG:  starting backup recovery with redo LSN 0/2000028, checkpoint LSN 0/2000080, on timeline ID 1
2026-09-23 11:13:21.403 GMT [6165] LOG:  restored log file "000000010000000000000002" from archive
2026-09-23 11:13:21.403 GMT [6165] LOG:  starting point-in-time recovery to "arena_committed"
2026-09-23 11:13:21.404 GMT [6165] LOG:  redo starts at 0/2000028
2026-09-23 11:13:21.475 GMT [6165] LOG:  restored log file "000000010000000000000003" from archive
2026-09-23 11:13:21.528 GMT [6165] LOG:  restored log file "000000010000000000000004" from archive
2026-09-23 11:13:21.540 GMT [6165] LOG:  completed backup recovery with redo LSN 0/2000028 and end LSN 0/2000120
2026-09-23 11:13:21.540 GMT [6165] LOG:  consistent recovery state reached at 0/2000120
2026-09-23 11:13:21.540 GMT [6161] LOG:  database system is ready to accept read-only connections
2026-09-23 11:13:21.540 GMT [6165] LOG:  recovery stopping at restore point "arena_committed", time 2026-09-23 11:13:20.403624+00
2026-09-23 11:13:21.540 GMT [6165] LOG:  redo done at 0/30003D8 system usage: CPU: user: 0.00 s, system: 0.00 s, elapsed: 0.13 s
2026-09-23 11:13:21.540 GMT [6165] LOG:  last completed transaction was at log time 2026-09-23 11:13:20.284166+00
2026-09-23 11:13:21.586 GMT [6165] LOG:  restored log file "000000010000000000000003" from archive
2026-09-23 11:13:21.596 GMT [6165] LOG:  selected new timeline ID: 2
2026-09-23 11:13:21.609 GMT [6165] LOG:  archive recovery complete
2026-09-23 11:13:21.610 GMT [6163] LOG:  checkpoint starting: end-of-recovery immediate wait
2026-09-23 11:13:21.611 GMT [6163] LOG:  checkpoint complete: wrote 11 buffers (0.1%); 0 WAL file(s) added, 0 removed, 1 recycled; write=0.001 s, sync=0.001 s, total=0.002 s; sync files=7, longest=0.001 s, average=0.001 s; distance=16385 kB, estimate=16385 kB; lsn=0/3000440, redo lsn=0/3000440
2026-09-23 11:13:21.614 GMT [6161] LOG:  database system is ready to accept connections
2026-09-23 11:13:22.939 GMT [6161] LOG:  received immediate shutdown request
2026-09-23 11:13:22.943 GMT [6161] LOG:  database system is shut down
