2026-09-23 11:14:04.470 UTC [6905] LOG:  starting PostgreSQL 17.11 (Debian 17.11-0+deb13u1) on x86_64-pc-linux-gnu, compiled by gcc (Debian 14.2.0-19) 14.2.0, 64-bit
2026-09-23 11:14:04.470 UTC [6905] LOG:  listening on Unix socket "/tmp/a8c-pg-1f_f4dbe/standby-socket/.s.PGSQL.55322"
2026-09-23 11:14:04.472 UTC [6908] LOG:  database system was interrupted; last known up at 2026-09-23 11:14:04 UTC
2026-09-23 11:14:04.478 UTC [6908] LOG:  starting backup recovery with redo LSN 0/5000028, checkpoint LSN 0/5000080, on timeline ID 1
2026-09-23 11:14:04.478 UTC [6908] LOG:  entering standby mode
2026-09-23 11:14:04.478 UTC [6908] LOG:  redo starts at 0/5000028
2026-09-23 11:14:04.478 UTC [6908] LOG:  completed backup recovery with redo LSN 0/5000028 and end LSN 0/5000120
2026-09-23 11:14:04.478 UTC [6908] LOG:  consistent recovery state reached at 0/5000120
2026-09-23 11:14:04.478 UTC [6905] LOG:  database system is ready to accept read-only connections
2026-09-23 11:14:04.481 UTC [6909] LOG:  started streaming WAL from primary at 0/6000000 on timeline 1
2026-09-23 11:14:04.665 UTC [6909] FATAL:  could not receive data from WAL stream: server closed the connection unexpectedly
		This probably means the server terminated abnormally
		before or while processing the request.
2026-09-23 11:14:04.666 UTC [6908] LOG:  invalid record length at 0/60009F8: expected at least 24, got 0
2026-09-23 11:14:04.668 UTC [6941] FATAL:  could not connect to the primary server: connection to server on socket "/tmp/a8c-pg-1f_f4dbe/socket/.s.PGSQL.55320" failed: server closed the connection unexpectedly
		This probably means the server terminated abnormally
		before or while processing the request.
2026-09-23 11:14:04.668 UTC [6908] LOG:  waiting for WAL to become available at 0/6000A10
2026-09-23 11:14:09.673 UTC [6956] FATAL:  could not connect to the primary server: connection to server on socket "/tmp/a8c-pg-1f_f4dbe/socket/.s.PGSQL.55320" failed: No such file or directory
		Is the server running locally and accepting connections on that socket?
2026-09-23 11:14:09.673 UTC [6908] LOG:  waiting for WAL to become available at 0/6000A10
2026-09-23 11:14:14.674 UTC [6959] FATAL:  could not connect to the primary server: connection to server on socket "/tmp/a8c-pg-1f_f4dbe/socket/.s.PGSQL.55320" failed: No such file or directory
		Is the server running locally and accepting connections on that socket?
2026-09-23 11:14:14.674 UTC [6908] LOG:  waiting for WAL to become available at 0/6000A10
2026-09-23 11:14:14.817 UTC [6908] LOG:  received promote request
2026-09-23 11:14:14.817 UTC [6908] LOG:  redo done at 0/60009D0 system usage: CPU: user: 0.00 s, system: 0.00 s, elapsed: 10.33 s
2026-09-23 11:14:14.817 UTC [6908] LOG:  last completed transaction was at log time 2026-09-23 11:14:04.633212+00
2026-09-23 11:14:14.818 UTC [6908] LOG:  selected new timeline ID: 2
2026-09-23 11:14:14.825 UTC [6908] LOG:  archive recovery complete
2026-09-23 11:14:14.826 UTC [6906] LOG:  checkpoint starting: force
2026-09-23 11:14:14.829 UTC [6905] LOG:  database system is ready to accept connections
2026-09-23 11:14:15.027 UTC [6906] LOG:  checkpoint complete: wrote 5 buffers (0.0%); 0 WAL file(s) added, 0 removed, 1 recycled; write=0.201 s, sync=0.001 s, total=0.202 s; sync files=4, longest=0.001 s, average=0.001 s; distance=16386 kB, estimate=16386 kB; lsn=0/6000EC0, redo lsn=0/6000A30
