-------------------PROCESS START-------------------
2026-09-23 11:13:59.454 P00   INFO: restore command begin 2.55.1: --config=/tmp/a8c-pg-1f_f4dbe/pbr.conf --exec-id=6672-8ebeb548 --lock-path=/tmp/a8c-pg-1f_f4dbe/lock --log-path=/tmp/a8c-pg-1f_f4dbe --pg1-path=/tmp/a8c-pg-1f_f4dbe/named/pitr-zxZBlmYM/data --repo1-path=/tmp/a8c-pg-1f_f4dbe/repo --spool-path=/tmp/a8c-pg-1f_f4dbe/spool --stanza=payesh --target=arena_committed --target-action=promote --type=name
2026-09-23 11:13:59.460 P00   INFO: repo1: restore backup set 20260923-111356F, recovery will start at 2026-09-23 11:13:56
2026-09-23 11:13:59.460 P00   INFO: remap data directory to '/tmp/a8c-pg-1f_f4dbe/named/pitr-zxZBlmYM/data'
2026-09-23 11:13:59.811 P00   INFO: write updated /tmp/a8c-pg-1f_f4dbe/named/pitr-zxZBlmYM/data/postgresql.auto.conf
2026-09-23 11:13:59.811 P00   INFO: restore global/pg_control (performed last to ensure aborted restores cannot be started)
2026-09-23 11:13:59.812 P00   INFO: restore size = 29.5MB, file total = 1284
2026-09-23 11:13:59.812 P00   INFO: restore command end: completed successfully (360ms)

-------------------PROCESS START-------------------
2026-09-23 11:14:01.656 P00   INFO: restore command begin 2.55.1: --config=/tmp/a8c-pg-1f_f4dbe/pbr.conf --exec-id=6765-937585ff --lock-path=/tmp/a8c-pg-1f_f4dbe/lock --log-path=/tmp/a8c-pg-1f_f4dbe --pg1-path=/tmp/a8c-pg-1f_f4dbe/time/pitr-tFN0X0Zh/data --repo1-path=/tmp/a8c-pg-1f_f4dbe/repo --spool-path=/tmp/a8c-pg-1f_f4dbe/spool --stanza=payesh --target="2026-09-23 11:13:59.09365+00" --target-action=promote --type=time
2026-09-23 11:14:01.663 P00   INFO: repo1: restore backup set 20260923-111356F, recovery will start at 2026-09-23 11:13:56
2026-09-23 11:14:01.663 P00   INFO: remap data directory to '/tmp/a8c-pg-1f_f4dbe/time/pitr-tFN0X0Zh/data'
2026-09-23 11:14:02.003 P00   INFO: write updated /tmp/a8c-pg-1f_f4dbe/time/pitr-tFN0X0Zh/data/postgresql.auto.conf
2026-09-23 11:14:02.004 P00   INFO: restore global/pg_control (performed last to ensure aborted restores cannot be started)
2026-09-23 11:14:02.004 P00   INFO: restore size = 29.5MB, file total = 1284
2026-09-23 11:14:02.004 P00   INFO: restore command end: completed successfully (349ms)

-------------------PROCESS START-------------------
2026-09-23 11:14:03.513 P00   INFO: restore command begin 2.55.1: --config=/tmp/a8c-pg-1f_f4dbe/pbr.conf --exec-id=6836-1105242e --lock-path=/tmp/a8c-pg-1f_f4dbe/lock --log-path=/tmp/a8c-pg-1f_f4dbe --pg1-path=/tmp/a8c-pg-1f_f4dbe/latest/pitr-cJBLq3qh/data --repo1-path=/tmp/a8c-pg-1f_f4dbe/repo --spool-path=/tmp/a8c-pg-1f_f4dbe/spool --stanza=payesh --type=default
2026-09-23 11:14:03.519 P00   INFO: repo1: restore backup set 20260923-111356F, recovery will start at 2026-09-23 11:13:56
2026-09-23 11:14:03.519 P00   INFO: remap data directory to '/tmp/a8c-pg-1f_f4dbe/latest/pitr-cJBLq3qh/data'
2026-09-23 11:14:03.958 P00   INFO: write updated /tmp/a8c-pg-1f_f4dbe/latest/pitr-cJBLq3qh/data/postgresql.auto.conf
2026-09-23 11:14:03.958 P00   INFO: restore global/pg_control (performed last to ensure aborted restores cannot be started)
2026-09-23 11:14:03.958 P00   INFO: restore size = 29.5MB, file total = 1284
2026-09-23 11:14:03.958 P00   INFO: restore command end: completed successfully (447ms)

-------------------PROCESS START-------------------
2026-09-23 11:14:15.440 P00   INFO: restore command begin 2.55.1: --config=/tmp/a8c-pg-1f_f4dbe/pbr.conf --exec-id=6980-af3c58b2 --lock-path=/tmp/a8c-pg-1f_f4dbe/lock --log-path=/tmp/a8c-pg-1f_f4dbe --pg1-path=/tmp/a8c-pg-1f_f4dbe/corrupt-target --repo1-path=/tmp/a8c-pg-1f_f4dbe/repo --spool-path=/tmp/a8c-pg-1f_f4dbe/spool --stanza=payesh --type=immediate
2026-09-23 11:14:15.447 P00   INFO: repo1: restore backup set 20260923-111356F, recovery will start at 2026-09-23 11:13:56
2026-09-23 11:14:15.447 P00   INFO: remap data directory to '/tmp/a8c-pg-1f_f4dbe/corrupt-target'
2026-09-23 11:14:30.487 P00  ERROR: [029]: raised from local-1 protocol: zlib threw error: [-3] data error
                                        [FormatError] on 2 retries from 5-15006ms: zlib threw error: [-3] data error
2026-09-23 11:14:30.487 P00   INFO: restore command end: aborted with exception [029]
