2026-09-23 11:14:04.004 GMT [6858] LOG:  starting PostgreSQL 17.11 (Debian 17.11-0+deb13u1) on x86_64-pc-linux-gnu, compiled by gcc (Debian 14.2.0-19) 14.2.0, 64-bit
2026-09-23 11:14:04.005 GMT [6858] LOG:  listening on IPv6 address "::1", port 55321
2026-09-23 11:14:04.005 GMT [6858] LOG:  listening on IPv4 address "127.0.0.1", port 55321
2026-09-23 11:14:04.005 GMT [6858] LOG:  listening on Unix socket "/tmp/a8c-pg-1f_f4dbe/latest/pitr-cJBLq3qh/run/.s.PGSQL.55321"
2026-09-23 11:14:04.006 GMT [6862] LOG:  database system was interrupted; last known up at 2026-09-23 11:13:56 GMT
2026-09-23 11:14:04.024 GMT [6862] LOG:  starting backup recovery with redo LSN 0/2000028, checkpoint LSN 0/2000080, on timeline ID 1
2026-09-23 11:14:04.100 GMT [6862] LOG:  restored log file "000000010000000000000002" from archive
2026-09-23 11:14:04.100 GMT [6862] LOG:  starting archive recovery
2026-09-23 11:14:04.101 GMT [6862] LOG:  redo starts at 0/2000028
2026-09-23 11:14:04.159 GMT [6862] LOG:  restored log file "000000010000000000000003" from archive
2026-09-23 11:14:04.207 GMT [6862] LOG:  restored log file "000000010000000000000004" from archive
2026-09-23 11:14:04.215 GMT [6862] LOG:  completed backup recovery with redo LSN 0/2000028 and end LSN 0/2000120
2026-09-23 11:14:04.215 GMT [6862] LOG:  consistent recovery state reached at 0/2000120
2026-09-23 11:14:04.215 GMT [6858] LOG:  database system is ready to accept read-only connections
2026-09-23 11:14:04.223 GMT [6862] LOG:  redo done at 0/40000B8 system usage: CPU: user: 0.00 s, system: 0.00 s, elapsed: 0.12 s
2026-09-23 11:14:04.223 GMT [6862] LOG:  last completed transaction was at log time 2026-09-23 11:13:59.112336+00
2026-09-23 11:14:04.272 GMT [6862] LOG:  restored log file "000000010000000000000004" from archive
2026-09-23 11:14:04.282 GMT [6862] LOG:  selected new timeline ID: 2
2026-09-23 11:14:04.293 GMT [6862] LOG:  archive recovery complete
2026-09-23 11:14:04.293 GMT [6860] LOG:  checkpoint starting: end-of-recovery immediate wait
2026-09-23 11:14:04.294 GMT [6860] LOG:  checkpoint complete: wrote 6 buffers (0.0%); 0 WAL file(s) added, 0 removed, 3 recycled; write=0.001 s, sync=0.001 s, total=0.001 s; sync files=5, longest=0.001 s, average=0.001 s; distance=49152 kB, estimate=49152 kB; lsn=0/5000028, redo lsn=0/5000028
2026-09-23 11:14:04.296 GMT [6858] LOG:  database system is ready to accept connections
