Delta Sync Hardening — Phase 2 (گپ‌های ۱/۲/۳/۴)

▸ گپ ۱ — دلتای کهنه (۷+ روز) → اسنپ‌شات کامل
  ✅ DH1 since>7d ⇒ full_snapshot_required + full + tombstones
  ✅ DH2 since تازه ⇒ دلتای عادی بدون پرچم
  ✅ DH3 مرزِ دقیقِ ۷ روز (۱ms بیرون = full؛ ۱ms داخل = دلتا)
  ✅ DH4 آستانه از PAYESH_DELTA_MAX_AGE_DAYS خوانده می‌شود

▸ گپ ۲ — کرسرِ امضاشده با TTL (سرور)
  ✅ DH5 پاسخِ pull دارای next_cursor و cursor_ttl_s است
  ✅ DH6 کرسرِ معتبر ⇒ دلتا از sinceِ امضاشدهٔ داخل توکن
  ✅ DH7 کرسرِ منقضی ⇒ 401 cursor_expired + cursor_renewal
  ✅ DH8 کرسرِ دستکاری‌شده ⇒ 401 cursor_invalid (fail-closed)
  ✅ DH9 کرسرِ معتبر بر sinceِ ادعایی کلاینت مقدم است
  ✅ DH10 بدون کلید ⇒ next_cursor نیست؛ توکن ارسالی ⇒ 401 cursor_unavailable؛ since معمولی سالم
  ✅ DH11 واحدِ کرسر: clamp طول عمر، iat آینده، یکتایی jti

▸ گپ ۲ — کلاینت: ذخیره و تمدید خودکارِ کرسر
  ✅ DH12 کلاینت next_cursor را ذخیره و دفعهٔ بعد به‌صورت ?cursor= می‌فرستد
  ✅ DH13 401 cursor_expired ⇒ تمدید خودکار: دقیقاً یک pull کامل بعدی

▸ گپ ۱ — کلاینت: اسنپ‌شاتِ کاملِ اجباری جایگزین می‌شود
  ✅ DH14 full_snapshot_required ⇒ مجموعه‌ها جایگزین می‌شوند (ردیفِ غایب حذف)

▸ گپ ۴ — اندازه‌گیری تعارض (دو کلاینت موازی)
  ✅ DH15 دو کلاینت موازی ⇒ دقیقاً یک conflict_preserved + شمارنده
  ✅ DH16 زمانِ تشخیص تعارض (هیستوگرام) برای conflict و clean ثبت می‌شود
  ✅ DH17 هیستوگرامِ تازه در exposition پرومتئوس هست

▸ گپ ۳ — ابزار بارِ دلتا
  ✅ DH18 DRY_RUN پیش‌فرض: اجرای تمیز + برچسبِ صریحِ شبیه‌سازی
  ✅ DH19 --live بدون DATABASE_URL ⇒ شکستِ بسته (exit 1)

────────────────────────────────────────────────────────
نتیجه Delta Sync Hardening (فاز ۲): 19/19  —  بدون خطا ✅

STDERR
