
▸ P1-10 — سقف و نگهداشتِ صفِ ارسال (jsdom)
✅ تم‌های پویا فعال شدند. برای تغییر تم از دستور زیر استفاده کنید:
switchPayeshTheme("theme-3")
[demo] staff_posts: ۲۴ هنجار نمونه ساخته شد
داده نمونه: {
  'مدارس': 6,
  'کاربران': 1040,
  'کلاس‌ها': 36,
  'حضوروغیاب': 10460,
  'نمرات': 12555,
  'انضباطی': 759,
  'اعلان‌ها': 705,
  'اقساط': 1561,
  'تراکنش‌ها': 980
}
  ✅ Q0a صف پس از بوت خالی است
  ✅ Q0b DLQ پس از بوت خالی است
  ✅ Q0c ثابت‌هایِ سقف
  ✅ Q0d پرچمِ هشدار پایین است
  ✅ Q1a طولِ صف ۱۰۰۰ می‌ماند
  ✅ Q1b قلمِ تازه در صف است
  ✅ Q1c قدیمی‌ترینِ rejected به DLQ رفت
  ✅ Q1d بقیهٔ rejected/failed سرِ جا هستند
  ✅ Q1e هیچ pendingای تخلیه نشد
  ✅ Q2a صف زیرِ سقفِ حجمی است
  ✅ Q2b قلمِ غول‌پیکر به DLQ رفت
  ✅ Q2c قلمِ تازه سالم ماند
  ✅ Q3a سه قلمِ ترمینالِ قدیمی هرس شد
  ✅ Q3b ترمینالِ تازه و بی‌زمان ماندند
  ✅ Q3c دادهٔ کاربر (pending/sendingِ قدیمی) هرگز هرس نمی‌شود
  ✅ Q4a پنجمینِ ناموفق ← dead
  ✅ Q4b قلم از صف رفت و به DLQ رسید با علت و خطا
  ✅ Q4c تلاشِ اول ← failed و ماندن در صف
  ✅ Q5a در ۸۰٪ پرچم بالا رفت
  ✅ Q5b نشانگر ⚠️ دارد
  ✅ Q5c زیرِ ۷۰٪ پرچم ریست شد
  ✅ Q5d نشانگر تمیز است
  ✅ Q6a طولِ DLQ حداکثر ۲۰۰
  ✅ Q6b شمارندهٔ دورریخته ۵۰
  ✅ Q6c قدیمی‌ترین دور ریخته شد
  ✅ Q7 شمارنده = صف(۲) + مرده(۳)
  ✅ Q8a آزمونِ سلامت ثبت شده (engine)
  ✅ Q8b در حالتِ خالی ok است
  ✅ Q8c نزدیکِ سقف ← هشدار با پیامِ روشن
  ✅ Q8d تعمیر بی‌خطر: دادهٔ کاربر دست نمی‌خورد
  ✅ Q8e تعمیر: ترمینالِ قدیمی هرس شد
  ✅ Q8f انباشتِ DLQ ← هشدار
  ✅ Q9a پنل بخشِ «عملیاتِ مرده» دارد
  ✅ Q9b علتِ فارسی + خطا نمایش داده می‌شود
  ✅ Q9c دکمهٔ حذف با uid درست
  ✅ Q10 حذفِ دستیِ DLQ از راهِ sync-del

  جمع: 36 موفق، 0 ناموفق از 36

STDERR
