
▸ P1-14 — آینهٔ اتمیکِ چندرکوردی (سرور، بدون PG)
  ✅ B1 بدون PG: ok + شمارش درست
  ✅ B1b دستهٔ خالی: ok + صفر
  ✅ B2a upsert با ON CONFLICT(id)
  ✅ B2b حذف با شناسه
  ✅ B2c ردیابی uid پس از هر دو
  ✅ B2d دادهٔ خالی: هیچ کوئری (حتی uid)
  ✅ B2e حذفِ بی‌شناسه: DELETE نمی‌زند ولی uid را می‌زند
  ✅ B3a persistOp خطا را می‌بلعد
  ✅ B3b نسخهٔ درونی می‌اندازد
  ✅ B4a موفق: BEGIN اول و COMMIT آخر، بدون ROLLBACK
  ✅ B4a2 نتیجه: postgres + شمارش ۲
  ✅ B4b ناموفق: خطا منتشر شد
  ✅ B4b2 ناموفق: BEGIN اول و ROLLBACK آخر، بدون COMMIT
  ✅ B5 خطایِ اصلی منتشر شد نه خطایِ rollback
  ✅ B6 دسته در اولین شکست می‌ایستد و می‌اندازد
  ✅ B7a پاسخ ۲۰۰ و هر ۳ ok
  ✅ B7b آینه دقیقاً یک‌بار با ۳ op فراخوانی شد
  ✅ B7c آینه شناسه‌هایِ اعمال‌شدهٔ سرور را دارد
  ✅ B7d هر ۳ رکورد در JSON اعمال شد
  ✅ B8a با شکستِ آینه، پاسخ هنوز ۲۰۰ و ok
  ✅ B8b شکست audit شد (sync_mirror_failed)
  ✅ B8c رکوردها در JSON اعمال شده ماندند

  جمع: 22 موفق، 0 ناموفق از 22

STDERR
