▸ P0-18 — کنترل همزمانی خوش‌بینانه
  ✅ بدون پایه ⇒ سازگاری (ادامه)
  ✅ پایهٔ درست ⇒ ادامه
  ✅ پایهٔ کهنه ⇒ ۴۰۹
  ✅ نسخهٔ سرور در پاسخ است
  ✅ پیام فارسی دارد
  ✅ بامپ نسخه را بالا می‌برد
  ✅ سرور تست بالا آمد
  ✅ نشست سوپرادمین گرفته شد
  ✅ کلاس با نسخهٔ ۱ ساخته می‌شود
  ✅ نوشت با پایهٔ درست ۲۰۰ است
  ✅ نوشت کهنه ۴۰۹ می‌گیرد
  ✅ نسخهٔ سرور در ۴۰۹ هست
  ✅ نوشت با پایهٔ تازه می‌گذرد
  ✅ کلاینت بدون نسخه می‌گذرد و بامپ می‌شود
  ✅ دو نوشت همزمان → یکی ۲۰۰ و یکی ۴۰۹
  ✅ رکورد حضور با نسخهٔ ۱ ساخته می‌شود
  ✅ ویرایش حضور با پایهٔ درست می‌گذرد
  ✅ ویرایش کهنهٔ حضور ۴۰۹ می‌گیرد

occ (P0-18): 18/18 موفق  —  بدون خطا ✅

STDERR
