
▸ P0-1 — chunking صف + تقسیمِ ۴۱۳ (jsdom)
✅ تم‌های پویا فعال شدند. برای تغییر تم از دستور زیر استفاده کنید:
switchPayeshTheme("theme-3")
[demo] staff_posts: ۲۴ هنجار نمونه ساخته شد
داده نمونه: {
  'مدارس': 6,
  'کاربران': 1040,
  'کلاس‌ها': 36,
  'حضوروغیاب': 10460,
  'نمرات': 12555,
  'انضباطی': 759,
  'اعلان‌ها': 705,
  'اقساط': 1561,
  'تراکنش‌ها': 980
}
  ✅ C0 حالتِ سروری
  ✅ C0b صف پس از بوت خالی است
  ✅ C1a سیکل تمام شد
  ✅ C1b سه POST ‏(۲۰۰/۲۰۰/۱۰۱)
  ✅ C1c هر ۵۰۱ op از صف رفت (synced)
  ✅ C2a سیکل تمام شد
  ✅ C2b ترتیبِ عمق‌اول: ‏[۲۰۰،۱۰۰،۱۰۰،۵۰]
  ✅ C2c پس از ۴۱۳، همهٔ تلاش‌هایِ دوباره ≤۱۰۰
  ✅ C2d همه synced (بدونِ حلقهٔ ۴۱۳)
  ✅ C3a سیکل تمام شد
  ✅ C3b تقسیم تا تک‌op: ‏[۳،۲،۱،۱،۱]
  ✅ C3c هر ۳ rejected (نه failedِ ابدی)
  ✅ C3d پیامِ روشنِ سقفِ سرور
  ✅ C3e شمارندهٔ ردشده = ۳
  ✅ C4a حینِ ارسال، بج پیشرفتِ x/۴۵۰ را نشان می‌دهد
  ✅ C4b سیکل تمام شد
  ✅ C4c پیشرفت پس از پایان پاک شد
  ✅ C4d همه synced
  ✅ C5a سیکل تمام شد
  ✅ C5b فقط POSTِ اول کامل شد
  ✅ C5c ۲۰۰ تایِ اول synced
  ✅ C5d ۲۵۰ تایِ بقیه failed (نه گم، نه گیرکرده)
  ✅ C5e تلاشِ دوباره زمان‌بندی شد
  ✅ C5f تلاشِ دوباره همه را برد
  ✅ C5g تلاشِ دوباره در دو تکه (۲۰۰/۵۰)
  ✅ C6a سیکل تمام شد
  ✅ C6b تک‌POSTِ ۵تایی
  ✅ C6c همه synced

sync-chunk: 28/28  ✅

STDERR
