
▸ شکاف ۲ — مودالِ داوریِ تعارض (نسخهٔ شما در برابرِ نسخهٔ سرور)
✅ تم‌های پویا فعال شدند. برای تغییر تم از دستور زیر استفاده کنید:
switchPayeshTheme("theme-3")
[demo] staff_posts: ۲۴ هنجار نمونه ساخته شد
داده نمونه: {
  'مدارس': 6,
  'کاربران': 1040,
  'کلاس‌ها': 36,
  'حضوروغیاب': 10460,
  'نمرات': 12555,
  'انضباطی': 759,
  'اعلان‌ها': 705,
  'اقساط': 1561,
  'تراکنش‌ها': 980
}
  ✅ C1 قلمِ conflict_preserved وضعیتِ conflict گرفت
  ✅ C2 نسخهٔ سرور رویِ قلم نگه داشته شد (برایِ مقایسه)
  ✅ C3 پنل دکمهٔ مقایسه برایِ قلمِ conflict دارد
  ✅ C4 مودال بازشد و هر دو نسخه را نشان می‌دهد
  ✅ C5 مقدارِ محلی (۱۷) و مقدارِ سرور (۱۹) هر دو دیده می‌شوند
  ✅ C6 برچسبِ فارسیِ فیلد (نمره) به‌جایِ نامِ خام
  ✅ C7 پیامِ داوری برایِ conflict: مدیر مدرسه داوری می‌کند
  ✅ C8 قلمِ stale_base وضعیتِ rejected گرفت
  ✅ C9 مودالِ rejected: عنوانِ «نسخهٔ شما رد شد» و برنده‌بودنِ سرور
  ✅ C10 بدونِ نسخهٔ سرور، تغییرِ محلی نمایش داده می‌شود
  ✅ C11 مقدارِ مخرب escape می‌شود (XSS بسته)
  ✅ C12 اکشنِ sync-conflict-view در SYNC_ACTIONS هست

  جمع: 12 موفق، 0 ناموفق از 12

STDERR
