
▸ W7-2 — lastSync فقط با همگامِ واقعی جلو می‌رود (jsdom)
✅ تم‌های پویا فعال شدند. برای تغییر تم از دستور زیر استفاده کنید:
switchPayeshTheme("theme-3")
[demo] staff_posts: ۲۴ هنجار نمونه ساخته شد
داده نمونه: {
  'مدارس': 6,
  'کاربران': 1040,
  'کلاس‌ها': 36,
  'حضوروغیاب': 10460,
  'نمرات': 12555,
  'انضباطی': 759,
  'اعلان‌ها': 705,
  'اقساط': 1561,
  'تراکنش‌ها': 980
}
  ✅ L1 شکستِ گذرا: lastSync همچنان null
  ✅ L2 همان: قلم failed ماند (برایِ تلاشِ دوباره)
  ✅ L3 ردِ سرور: lastSync همچنان null
  ✅ L4 همان: قلم rejected شد
  ✅ L5 موفق: lastSync ثبت شد
  ✅ L6 همان: صف تخلیه شد
  ✅ L7 تکراری: lastSync ثبت شد
  ✅ L8 همان: صف تخلیه شد

  جمع: 8 موفق، 0 ناموفق از 8

STDERR
