
▸ W7-3 — قلمِ مردهٔ گذرا دوباره به صف برمی‌گردد (jsdom)
✅ تم‌های پویا فعال شدند. برای تغییر تم از دستور زیر استفاده کنید:
switchPayeshTheme("theme-3")
[demo] staff_posts: ۲۴ هنجار نمونه ساخته شد
داده نمونه: {
  'مدارس': 6,
  'کاربران': 1040,
  'کلاس‌ها': 36,
  'حضوروغیاب': 10460,
  'نمرات': 12555,
  'انضباطی': 759,
  'اعلان‌ها': 705,
  'اقساط': 1561,
  'تراکنش‌ها': 980
}
  ✅ T1 پس از ۵ شکستِ گذرا قلم در DLQ است
  ✅ T2 علت، پایانِ تلاش‌هاست
  ✅ T3 اکشنِ sync-retry اجرا شد
  ✅ T4 قلم با tries=۰ و pending برگشت
  ✅ T5 پس از تلاشِ دوباره، ارسال موفق صف را تخلیه کرد
  ✅ T6 تلاشِ دوبارهٔ دوم، قلمِ تکراری نساخت
  ✅ T7 uid ناشناس چیزی را عوض نکرد

  جمع: 7 موفق، 0 ناموفق از 7
